================================================================================
SPECTRAL COMPARISON — Ludicrously Parallel Edition
N =     10000000, t in [0.5, 100], dt = 0.005, 19900 samples
Threads: 12
================================================================================

Mobius sieve: 53.949583ms

Computing: Log Cutoff (Cathedral)...
  Done in 131.469323917s

Computing: Flat Mobius (no taper)...
  Done in 132.338170167s

Computing: Sharp Cutoff (k<=N/2)...
  Done in 135.4917515s

Total compute: 399.846091333s

================================================================================
COMPARISON TABLE
================================================================================
Metric                    Log Cutoff (Cathedra Flat Mobius (no tape Sharp Cutoff (k<=N/2
--------------------------------------------------------------------------------
Background mean                       0.3247             0.5320             0.6472
Background std                        0.2975             0.6830             0.7043
Avg peak energy                        30.51             110.79             100.61
Avg SNR (peak/bg)                       94.0              208.3              155.5
Avg significance                       101.5              161.4              141.9
Avg FWHM                              0.4036             0.3181             0.3329
Dynamic range                          15.63              19.83              14.18

================================================================================
PER-ZERO PEAK ENERGY
================================================================================
    Zero   Log Cutoff  Flat Mobius    Sharp Cut   Log/Flat
------------------------------------------------------------
  14.135       113.99       429.26       400.95     0.2655x
  21.022        58.14       221.78       198.20     0.2622x
  25.011        40.75       158.03       133.63     0.2578x
  30.425        46.21       180.27       158.80     0.2563x
  32.935        41.56       160.11       140.88     0.2596x
  37.586        21.50        78.62        69.11     0.2734x
  40.919        36.53       130.47       117.14     0.2800x
  43.327        24.34        88.34        68.85     0.2755x
  48.005        33.92       131.80       111.85     0.2574x
  49.774        41.45       156.49       131.80     0.2649x
  52.970        14.22        52.06        40.40     0.2731x
  56.446        15.06        55.26        52.17     0.2725x
  59.347        44.14       149.39       148.47     0.2955x
  60.832        31.64       108.38       103.25     0.2919x
  65.113        16.38        58.80        46.00     0.2786x
  67.080        26.96        96.73        85.40     0.2787x
  69.546        18.09        70.27        59.18     0.2575x
  72.067         9.91        31.20        34.25     0.3177x
  75.705        28.02       101.17        96.46     0.2770x
  77.145        41.40       137.97       143.87     0.3001x
  79.337        12.69        44.64        43.41     0.2842x
  82.910        12.89        41.97        44.30     0.3072x
  84.735        18.91        65.97        58.55     0.2866x
  87.425        27.43        99.96        89.03     0.2744x
  88.809        19.02        71.91        65.02     0.2645x
  92.492         9.98        35.26        35.83     0.2830x
  94.651        40.85       134.10       124.16     0.3046x
  95.871        31.45       101.16        88.54     0.3109x
  98.831         7.29        21.65        28.28     0.3370x

================================================================================
SUMMARY
================================================================================
N = 10000000
ln(N) = 16.1181
Threads = 12
Wall time = 399.846091333s

Avg Log/Flat ratio:   0.28095  (predicted limit: 0.25000)
Delta from 0.25:      0.03095
SNR ratio (log/flat): 0.4512x
FWHM ratio:           1.2688x  (< 1.0 = sharper)
Log dynamic range:    15.63
Flat dynamic range:   19.83
================================================================================
