warning: profiles for the non root package will be ignored, specify profiles at the workspace root:
package:   /Users/jrgochan/code/github.com/jrgochan/prime/experiments/algebraic/quaternion-rh/Cargo.toml
workspace: /Users/jrgochan/code/github.com/jrgochan/prime/Cargo.toml
warning: profiles for the non root package will be ignored, specify profiles at the workspace root:
package:   /Users/jrgochan/code/github.com/jrgochan/prime/experiments/covariance-probe/Cargo.toml
workspace: /Users/jrgochan/code/github.com/jrgochan/prime/Cargo.toml
warning: profiles for the non root package will be ignored, specify profiles at the workspace root:
package:   /Users/jrgochan/code/github.com/jrgochan/prime/experiments/spectral-analyzer/Cargo.toml
workspace: /Users/jrgochan/code/github.com/jrgochan/prime/Cargo.toml
warning: profiles for the non root package will be ignored, specify profiles at the workspace root:
package:   /Users/jrgochan/code/github.com/jrgochan/prime/experiments/spectral/g2-spectral/Cargo.toml
workspace: /Users/jrgochan/code/github.com/jrgochan/prime/Cargo.toml
warning: profiles for the non root package will be ignored, specify profiles at the workspace root:
package:   /Users/jrgochan/code/github.com/jrgochan/prime/experiments/spectral/lambda-eff/Cargo.toml
workspace: /Users/jrgochan/code/github.com/jrgochan/prime/Cargo.toml
warning: profiles for the non root package will be ignored, specify profiles at the workspace root:
package:   /Users/jrgochan/code/github.com/jrgochan/prime/experiments/spectral/rank1-interference/Cargo.toml
workspace: /Users/jrgochan/code/github.com/jrgochan/prime/Cargo.toml
warning: profiles for the non root package will be ignored, specify profiles at the workspace root:
package:   /Users/jrgochan/code/github.com/jrgochan/prime/experiments/siegel-walfisz/Cargo.toml
workspace: /Users/jrgochan/code/github.com/jrgochan/prime/Cargo.toml
   Compiling siegel-walfisz v0.1.0 (/Users/jrgochan/code/github.com/jrgochan/prime/experiments/siegel-walfisz)
warning: function `l_function_critical_line_sq` is never used
  --> experiments/siegel-walfisz/src/lfunctions.rs:39:8
   |
39 | pub fn l_function_critical_line_sq(i: usize, t: f64, n_terms: usize) -> f64 {
   |        ^^^^^^^^^^^^^^^^^^^^^^^^^^^
   |
   = note: `#[warn(dead_code)]` (part of `#[warn(unused)]`) on by default

warning: function `fmt_float` is never used
 --> experiments/siegel-walfisz/src/fmt.rs:6:8
  |
6 | pub fn fmt_float(x: f64, decimals: usize, width: usize) -> String {
  |        ^^^^^^^^^

warning: function `fmt_int` is never used
  --> experiments/siegel-walfisz/src/fmt.rs:11:8
   |
11 | pub fn fmt_int(x: usize, width: usize) -> String {
   |        ^^^^^^^

warning: function `fmt_signed` is never used
  --> experiments/siegel-walfisz/src/fmt.rs:16:8
   |
16 | pub fn fmt_signed(x: i64, width: usize) -> String {
   |        ^^^^^^^^^^

warning: `siegel-walfisz` (bin "siegel-walfisz") generated 4 warnings
    Finished `release` profile [optimized] target(s) in 2.72s
     Running `/Users/jrgochan/code/github.com/jrgochan/prime/target/release/siegel-walfisz 10000000`

  ╔═══════════════════════════════════════════════════════════════════════╗
  ║  SIEGEL-WALFISZ CERTIFICATION ENGINE                                ║
  ║  PNT in Arithmetic Progressions mod 8                               ║
  ║  Cathedral v12 — 512-bit MPFR, 12 threads                  N = 10000000║
  ╚═══════════════════════════════════════════════════════════════════════╝

  Sieve: 664579 primes ≤ 10000000 (57ms)

  ═══ §A. PRIME DISTRIBUTION — π(x; 8, a) for a ∈ {1,3,5,7} ═══

             x │     π(x) │      a≡1 │      a≡3 │      a≡5 │      a≡7 │ bias
          1000 │      168 │       37 │       44 │       43 │       43 │ → 3,7 (+3)
         10000 │     1229 │      295 │      311 │      314 │      308 │ → 3,7 (+7)
         50000 │     5133 │     1257 │     1295 │     1292 │     1288 │ → 3,7 (+12)
        100000 │     9592 │     2384 │     2409 │     2399 │     2399 │ → 3,7 (+12)
        500000 │    41538 │    10334 │    10418 │    10397 │    10388 │ → 3,7 (+34)
       1000000 │    78498 │    19552 │    19653 │    19623 │    19669 │ → 3,7 (+45)
       5000000 │   348513 │    87027 │    87180 │    87166 │    87139 │ → 3,7 (+52)
      10000000 │   664579 │   165976 │   166161 │   166204 │   166237 │ → 3,7 (+93)

  ═══ §B. PNT ERROR — |π(x;8,a) - Li(x)/4| / (x·exp(-c√ln x)) ═══

    Siegel-Walfisz prediction: normalized error bounded as N → ∞

             x │    Li(x)/4 │     err(1) │     err(3) │     err(5) │     err(7)
          1000 │      44.14 │   0.026576 │   0.000525 │   0.004247 │   0.004247
         10000 │     311.27 │   0.007421 │   0.000125 │   0.001243 │   0.001493
         50000 │    1291.41 │   0.003564 │   0.000372 │   0.000061 │   0.000353
        100000 │    2407.33 │   0.001273 │   0.000091 │   0.000454 │   0.000454
        500000 │   10402.89 │   0.000843 │   0.000185 │   0.000072 │   0.000182
       1000000 │   19660.38 │   0.000695 │   0.000047 │   0.000240 │   0.000055
       5000000 │   87182.48 │   0.000222 │   0.000004 │   0.000023 │   0.000062
      10000000 │  166278.07 │   0.000225 │   0.000087 │   0.000055 │   0.000031

  ═══ §C. L-FUNCTION VALUES — L(1, χ) verification (512-bit MPFR) ═══

    Computing L(1, χᵢ) with 100000 terms...

               character │       computed │          exact │  rel error
                χ₂ (2|·) │   0.6232252400 │   0.6232252401 │   1.60e-10 ✓
               χ₃ (-2|·) │   1.1107107345 │   1.1107207345 │    9.00e-6 ✓
               χ₄ (-1|·) │   0.7853931634 │   0.7853981634 │    6.37e-6 ✓

  ═══ §D. CHARACTER-TWISTED MÖBIUS — Σ μ(k)χ(k)·f(k)/k (512-bit) ═══

    Expected limits:
      S₁(χ₁) → 0    (PNT, PROVED in Lean)
      S₂(χ₁) → -1   (PNT axiom 2)
      S₁(χᵢ) → 0    (L(1,χ) ≠ 0, Mathlib)
      S₂(χᵢ) → -L'(1,χ)/L(1,χ)²

    χ₁ (principal) — S₁, S₂:
             N │      S₁(χ,N) │      S₂(χ,N)
           100 │   0.04970887 │  -1.74318369
          1000 │   0.00472343 │  -1.96469826
         10000 │  -0.00147875 │  -2.01334373
         50000 │   0.00043643 │  -1.99523800
        100000 │  -0.00026901 │  -2.00305243
        500000 │  -0.00005955 │  -2.00078741
       1000000 │   0.00017083 │  -1.99762904
       5000000 │  -0.00008235 │  -2.00127260
      10000000 │   0.00006035 │  -1.99902579

    χ₂ (2|·) — S₁, S₂:
             N │      S₁(χ,N) │      S₂(χ,N)
           100 │   1.57163342 │   0.84669041
          1000 │   1.60875967 │   1.04089888
         10000 │   1.60737305 │   1.04058221
         50000 │   1.60566758 │   1.02612060
        100000 │   1.60442544 │   1.01293315
        500000 │   1.60485030 │   1.01813139
       1000000 │   1.60418244 │   1.00909622
       5000000 │   1.60456296 │   1.01438292
      10000000 │   1.60451529 │   1.01358379

    χ₃ (-2|·) — S₁, S₂:
             N │      S₁(χ,N) │      S₂(χ,N)
           100 │   0.87007036 │  -0.16880150
          1000 │   0.89273785 │  -0.06901866
         10000 │   0.90403861 │   0.01646991
         50000 │   0.90116103 │  -0.00904074
        100000 │   0.89965805 │  -0.02662706
        500000 │   0.90014480 │  -0.02102835
       1000000 │   0.90009278 │  -0.02171738
       5000000 │   0.90022126 │  -0.02013113
      10000000 │   0.90045834 │  -0.01632694

    χ₄ (-1|·) — S₁, S₂:
             N │      S₁(χ,N) │      S₂(χ,N)
           100 │   1.28768282 │   0.37530598
          1000 │   1.27833499 │   0.34675929
         10000 │   1.27030574 │   0.28596579
         50000 │   1.27437905 │   0.32495569
        100000 │   1.27288886 │   0.30881852
        500000 │   1.27337499 │   0.31443678
       1000000 │   1.27365509 │   0.31846587
       5000000 │   1.27309794 │   0.31053954
      10000000 │   1.27328506 │   0.31344424


  ═══ §E. PNT AXIOM 2 DECOMPOSITION — Σ μ(k)·ln(k)/k by k mod 8 ═══

    Character orthogonality: total → -1, parts determined by L-functions
    Note: individual classes do NOT converge to -1/4 (only character-twisted do)

             N │        k≡1 │        k≡3 │        k≡5 │        k≡7 │      total
           100 │  -0.172497 │  -0.783495 │  -0.511442 │  -0.275749 │  -1.743184
          1000 │  -0.161515 │  -0.855344 │  -0.647455 │  -0.300385 │  -1.964698
         10000 │  -0.167581 │  -0.830855 │  -0.696108 │  -0.318799 │  -2.013344
         50000 │  -0.163301 │  -0.838839 │  -0.671841 │  -0.321258 │  -1.995238
        100000 │  -0.176982 │  -0.837858 │  -0.670135 │  -0.318078 │  -2.003052
        500000 │  -0.172312 │  -0.838596 │  -0.670863 │  -0.319016 │  -2.000787
       1000000 │  -0.172946 │  -0.836727 │  -0.666636 │  -0.321320 │  -1.997629
       5000000 │  -0.174120 │  -0.836582 │  -0.671246 │  -0.319325 │  -2.001273
      10000000 │  -0.172081 │  -0.835595 │  -0.670710 │  -0.320640 │  -1.999026

  ═══ §F. ZERO-FREE REGION — |L(σ+it, χ)| > 0 for σ > 1 - c/ln(|t|+2) ═══

    Testing with c = 0.1 (classical de la Vallée-Poussin constant)

               character │      min |L| │         at σ │         at t │     ok
          χ₁ (principal) │   0.45751241 │     0.976766 │        72.00 │      ✓
                χ₂ (2|·) │   0.56235351 │     0.855730 │         0.00 │      ✓
               χ₃ (-2|·) │   0.52497765 │     0.967648 │        20.00 │      ✓
               χ₄ (-1|·) │   0.44377248 │     0.951910 │         6.00 │      ✓

  ═══ §G. SW ERROR SCALING — |π(x;8,a) - Li(x)/4| vs x·exp(-c√ln x) ═══

    If bounded: Siegel-Walfisz holds for q=8

             x │  max |err| │   max norm │      class │  x·e^{-c√} │   bounded?
         10000 │      16.27 │   0.007421 │          1 │    2192.75 │          ✓
         50000 │      34.41 │   0.003564 │          1 │    9653.80 │          ✓
        100000 │      23.33 │   0.001273 │          1 │   18331.76 │          ✓
        500000 │      68.89 │   0.000843 │          1 │   81725.65 │          ✓
       1000000 │     108.38 │   0.000695 │          1 │  155912.38 │          ✓
       5000000 │     155.48 │   0.000222 │          1 │  701669.70 │          ✓
      10000000 │     302.07 │   0.000225 │          1 │ 1343418.77 │          ✓

  ═══ §H. PNT AXIOM CONVERGENCE — S₁→0, S₂→-1, S₃→-2γ (512-bit) ═══

             N │      S₁ (→0) │     S₂ (→-1) │    S₃ (→-2γ) │          S₃+2γ
           100 │   0.03113153 │  -0.85766851 │  -0.50393751 │   0.6504938206
          1000 │   0.00441187 │  -0.96993081 │  -0.94954543 │   0.2048859038
         10000 │  -0.00208270 │  -1.01921004 │  -1.33159682 │  -0.1771654917
         50000 │   0.00053213 │  -0.99427028 │  -1.09274646 │   0.0616848719
        100000 │  -0.00048723 │  -1.00558468 │  -1.21843735 │  -0.0640060208
        500000 │   0.00000713 │  -0.99992154 │  -1.15360049 │   0.0008308349
       1000000 │   0.00020060 │  -0.99721470 │  -1.11576037 │   0.0386709570
       5000000 │  -0.00013747 │  -1.00212482 │  -1.18727271 │  -0.0328413821
      10000000 │   0.00010152 │  -0.99836095 │  -1.12797026 │   0.0264610721

  ╔═══════════════════════════════════════════════════════════════════════╗
  ║  SIEGEL-WALFISZ — CERTIFICATE
  ╠═══════════════════════════════════════════════════════════════════════╣
  ║  Precision: 512-bit MPFR    Threads: 12    Max N: 10000000
  ║
  ║  §A. Prime Distribution
  ║    ✓ Primes equidistributed mod 8 (Chebyshev bias observed)
  ║
  ║  §C. L-function Values
  ║    ✓ L(1,χ) verified for all 3 non-principal characters
  ║
  ║  §E. PNT Axiom 2 Decomposition
  ║    ✓ S₂ total over odd k converges to -2 (= -1 × 2 sectors)
  ║
  ║  §F. Zero-Free Region
  ║    ✓ All L(σ+it, χ) nonzero in classical region
  ║
  ║  §G. Siegel-Walfisz Scaling
  ║    ✓ Error bounded by x·exp(-c√ln x)
  ║
  ║  VERDICT
  ║    ✓ Siegel-Walfisz for q=8 NUMERICALLY VALIDATED
  ║    ✓ PNT axiom decomposition consistent
  ║    ✓ All L-functions nonvanishing in zero-free region
  ║
  ╚═══════════════════════════════════════════════════════════════════════╝

  Total: 124.8s (12 threads)

