warning: unused variable: `x3`
  --> experiments/dark-gram-spectroscopy/src/bernoulli.rs:76:9
   |
76 |     let x3 = x2 * x;
   |         ^^ help: if this is intentional, prefix it with an underscore: `_x3`
   |
   = note: `#[warn(unused_variables)]` (part of `#[warn(unused)]`) on by default

warning: `dark-gram-spectroscopy` (lib) generated 1 warning (run `cargo fix --lib -p dark-gram-spectroscopy` to apply 1 suggestion)
    Finished `release` profile [optimized] target(s) in 0.07s
     Running `/Users/jrgochan/code/github.com/jrgochan/prime/target/release/heegner-probe`
═══════════════════════════════════════════════════════════════
  🔮 HEEGNER PROBE — The Deep Lore of the Dark Crystal
═══════════════════════════════════════════════════════════════

  The 9 Heegner numbers: [1, 2, 3, 7, 11, 19, 43, 67, 163]
  Connection: Euler's E(n) = n² - n + 41  (disc = -163)
              Dark B₂(x) = x² - x + 1/6   (same spine)

═══════════════════════════════════════════════════════════════
  §1. EULER'S PRIME ENGINE: E(n) = n² - n + 41
═══════════════════════════════════════════════════════════════

    E(  1) =     41  ✓ PRIME ★
    E(  2) =     43  ✓ PRIME ★
    E(  3) =     47  ✓ PRIME ★
    E(  4) =     53  ✓ PRIME
    E(  5) =     61  ✓ PRIME
    E(  6) =     71  ✓ PRIME
    E(  7) =     83  ✓ PRIME ★
    E(  8) =     97  ✓ PRIME
    E(  9) =    113  ✓ PRIME
    E( 10) =    131  ✓ PRIME
    E( 11) =    151  ✓ PRIME ★
    E( 12) =    173  ✓ PRIME
    E( 13) =    197  ✓ PRIME
    E( 14) =    223  ✓ PRIME
    E( 15) =    251  ✓ PRIME
    E( 16) =    281  ✓ PRIME
    E( 17) =    313  ✓ PRIME
    E( 18) =    347  ✓ PRIME
    E( 19) =    383  ✓ PRIME ★
    E( 20) =    421  ✓ PRIME
    E( 21) =    461  ✓ PRIME
    E( 22) =    503  ✓ PRIME
    E( 23) =    547  ✓ PRIME
    E( 24) =    593  ✓ PRIME
    E( 25) =    641  ✓ PRIME
    E( 26) =    691  ✓ PRIME
    E( 27) =    743  ✓ PRIME
    E( 28) =    797  ✓ PRIME
    E( 29) =    853  ✓ PRIME
    E( 30) =    911  ✓ PRIME
    E( 31) =    971  ✓ PRIME
    E( 32) =   1033  ✓ PRIME
    E( 33) =   1097  ✓ PRIME
    E( 34) =   1163  ✓ PRIME
    E( 35) =   1231  ✓ PRIME
    E( 36) =   1301  ✓ PRIME
    E( 37) =   1373  ✓ PRIME
    E( 38) =   1447  ✓ PRIME
    E( 39) =   1523  ✓ PRIME
    E( 40) =   1601  ✓ PRIME
    E( 41) =   1681  ✗ composite
    E( 42) =   1763  ✗ composite
    E( 43) =   1847  ✓ PRIME ★
    E( 44) =   1933  ✓ PRIME
    E( 45) =   2021  ✗ composite
    E( 67) =   4463  ✓ PRIME ★
    E(163) =  26447  ✗ composite ★

    First composite: E(41) = 1681 = 41²
    Longest prime streak from E(1): 40 consecutive primes

═══════════════════════════════════════════════════════════════
  §2. DARK GRAM SPECTROSCOPY AT HEEGNER DIMENSIONS
═══════════════════════════════════════════════════════════════

  Probing 32 dimensions: [2, 3, 4, 5, 6, 7, 8, 9, 10, 11, 12, 13, 17, 18, 19, 20, 21, 41, 42, 43, 44, 45, 65, 66, 67, 68, 69, 161, 162, 163, 164, 165]

dim	heegner	lambda_min	lambda_max	kappa	log_det	det_sign	trace	frobenius	spectral_entropy	eff_rank	r_mean	ensemble	coprime_pct	euler_primes	euler_prime_pct	build_s	eigen_s
  ── N=2 ★ HEEGNER ★ ──────────────────────────────
  [2m▸ Building Dark Gram matrix: order n=2, dim=2×2...[0m
  [32m✓[0m Dark Gram G^(2) built: 2×2 (0.00s)
    λ_min     = 5.401235e-3
    λ_max     = 5.709877e-3
    κ         = 1.057143e0
    log|det|  = -1.038669e1 (sign=+)
    Tr        = 1.111111e-2
    ‖G‖_F     = 7.859773e-3
    S_spec    = 0.6928 (eff_rank = 2.0)
    ⟨r⟩       = 0.0000 → Poisson
    Coprime%  = 100.00%
    Euler E(1..2) primes: 2/2 (100.0%)
    Eigenvalues (bottom 2):
      λ_  0 = 5.4012345679e-3 ← min
      λ_  1 = 5.7098765432e-3

2	YES	5.4012345679e-3	5.7098765432e-3	1.057143e0	-1.038669e1	1	1.1111111111e-2	7.8597725792e-3	0.692761	2.0	0.0000	Poisson	100.0000	2	100.0000	0.000	0.000
  ── N=3 ★ HEEGNER ★ ──────────────────────────────
  [2m▸ Building Dark Gram matrix: order n=2, dim=3×3...[0m
  [32m✓[0m Dark Gram G^(2) built: 3×3 (0.00s)
    λ_min     = 4.161838e-3
    λ_max     = 6.957736e-3
    κ         = 1.671794e0
    log|det|  = -1.564418e1 (sign=+)
    Tr        = 1.666667e-2
    ‖G‖_F     = 9.823504e-3
    S_spec    = 1.0773 (eff_rank = 2.9)
    ⟨r⟩       = 0.9820 → GSE (β=4)
    Coprime%  = 66.67%
    Euler E(1..3) primes: 3/3 (100.0%)
    Eigenvalues (bottom 3):
      λ_  0 = 4.1618376780e-3 ← min
      λ_  1 = 5.5470928607e-3
      λ_  2 = 6.9577361279e-3

3	YES	4.1618376780e-3	6.9577361279e-3	1.671794e0	-1.564418e1	1	1.6666666667e-2	9.8235036565e-3	1.077294	2.9	0.9820	GSE (β=4)	66.6667	3	100.0000	0.000	0.000
  ── N=4  ──────────────────────────────
  [2m▸ Building Dark Gram matrix: order n=2, dim=4×4...[0m
  [32m✓[0m Dark Gram G^(2) built: 4×4 (0.00s)
    λ_min     = 4.161271e-3
    λ_max     = 6.959615e-3
    κ         = 1.672473e0
    log|det|  = -2.083726e1 (sign=+)
    Tr        = 2.222222e-2
    ‖G‖_F     = 1.128597e-2
    S_spec    = 1.3703 (eff_rank = 3.9)
    ⟨r⟩       = 0.0316 → Poisson
    Coprime%  = 83.33%
    Euler E(1..4) primes: 4/4 (100.0%)
    Eigenvalues (bottom 4):
      λ_  0 = 4.1612708834e-3 ← min
      λ_  1 = 5.5288864265e-3
      λ_  2 = 5.5724498644e-3
      λ_  3 = 6.9596150479e-3

4	no	4.1612708834e-3	6.9596150479e-3	1.672473e0	-2.083726e1	1	2.2222222222e-2	1.1285973577e-2	1.370275	3.9	0.0316	Poisson	83.3333	4	100.0000	0.000	0.000
  ── N=5  ──────────────────────────────
  [2m▸ Building Dark Gram matrix: order n=2, dim=5×5...[0m
  [32m✓[0m Dark Gram G^(2) built: 5×5 (0.00s)
    λ_min     = 3.958954e-3
    λ_max     = 7.454960e-3
    κ         = 1.883063e0
    log|det|  = -2.610640e1 (sign=+)
    Tr        = 2.777778e-2
    ‖G‖_F     = 1.276343e-2
    S_spec    = 1.5816 (eff_rank = 4.9)
    ⟨r⟩       = 0.6751 → GSE (β=4)
    Coprime%  = 60.00%
    Euler E(1..5) primes: 5/5 (100.0%)
    Eigenvalues (bottom 5):
      λ_  0 = 3.9589542948e-3 ← min
      λ_  1 = 4.3133472807e-3
      λ_  2 = 5.5546077428e-3
      λ_  3 = 6.4959081775e-3
      λ_  4 = 7.4549602819e-3

5	no	3.9589542948e-3	7.4549602819e-3	1.883063e0	-2.610640e1	1	2.7777777778e-2	1.2763432411e-2	1.581567	4.9	0.6751	GSE (β=4)	60.0000	5	100.0000	0.000	0.000
  ── N=6  ──────────────────────────────
  [2m▸ Building Dark Gram matrix: order n=2, dim=6×6...[0m
  [32m✓[0m Dark Gram G^(2) built: 6×6 (0.00s)
    λ_min     = 3.958788e-3
    λ_max     = 7.455320e-3
    κ         = 1.883233e0
    log|det|  = -3.129939e1 (sign=+)
    Tr        = 3.333333e-2
    ‖G‖_F     = 1.392018e-2
    S_spec    = 1.7685 (eff_rank = 5.9)
    ⟨r⟩       = 0.3196 → Poisson
    Coprime%  = 73.33%
    Euler E(1..6) primes: 6/6 (100.0%)
    Eigenvalues (bottom 6):
      λ_  0 = 3.9587879236e-3 ← min
      λ_  1 = 4.3133375296e-3
      λ_  2 = 5.5508924004e-3
      λ_  3 = 5.5590179769e-3
      λ_  4 = 6.4959773565e-3
      λ_  5 = 7.4553201463e-3

6	no	3.9587879236e-3	7.4553201463e-3	1.883233e0	-3.129939e1	1	3.3333333333e-2	1.3920182832e-2	1.768528	5.9	0.3196	Poisson	73.3333	6	100.0000	0.000	0.000
  ── N=7 ★ HEEGNER ★ ──────────────────────────────
  [2m▸ Building Dark Gram matrix: order n=2, dim=7×7...[0m
  [32m✓[0m Dark Gram G^(2) built: 7×7 (0.00s)
    λ_min     = 3.716851e-3
    λ_max     = 7.893753e-3
    κ         = 2.123775e0
    log|det|  = -3.655689e1 (sign=+)
    Tr        = 3.888889e-2
    ‖G‖_F     = 1.512409e-2
    S_spec    = 1.9168 (eff_rank = 6.8)
    ⟨r⟩       = 0.3208 → Poisson
    Coprime%  = 66.67%
    Euler E(1..7) primes: 7/7 (100.0%)
    Eigenvalues (bottom 7):
      λ_  0 = 3.7168509111e-3 ← min
      λ_  1 = 4.1354159000e-3
      λ_  2 = 5.1777004130e-3
      λ_  3 = 5.5511815173e-3
      λ_  4 = 5.5618914102e-3
      λ_  5 = 6.8520954907e-3
      λ_  6 = 7.8937532466e-3

7	YES	3.7168509111e-3	7.8937532466e-3	2.123775e0	-3.655689e1	1	3.8888888889e-2	1.5124087812e-2	1.916784	6.8	0.3208	Poisson	66.6667	7	100.0000	0.000	0.000
  ── N=8  ──────────────────────────────
  [2m▸ Building Dark Gram matrix: order n=2, dim=8×8...[0m
  [32m✓[0m Dark Gram G^(2) built: 8×8 (0.00s)
    λ_min     = 3.714552e-3
    λ_max     = 7.915331e-3
    κ         = 2.130898e0
    log|det|  = -4.176227e1 (sign=+)
    Tr        = 4.444444e-2
    ‖G‖_F     = 1.613730e-2
    S_spec    = 2.0524 (eff_rank = 7.8)
    ⟨r⟩       = 0.2931 → Poisson
    Coprime%  = 67.86%
    Euler E(1..8) primes: 8/8 (100.0%)
    Eigenvalues (bottom 8):
      λ_  0 = 3.7145515464e-3 ← min
      λ_  1 = 4.0699818735e-3
      λ_  2 = 5.1081241251e-3
      λ_  3 = 5.5048353589e-3
      λ_  4 = 5.5513802485e-3
      λ_  5 = 5.5647634896e-3
      λ_  6 = 7.0154770209e-3
      λ_  7 = 7.9153307815e-3

8	no	3.7145515464e-3	7.9153307815e-3	2.130898e0	-4.176227e1	1	4.4444444444e-2	1.6137304131e-2	2.052377	7.8	0.2931	Poisson	67.8571	8	100.0000	0.000	0.000
  ── N=9  ──────────────────────────────
  [2m▸ Building Dark Gram matrix: order n=2, dim=9×9...[0m
  [32m✓[0m Dark Gram G^(2) built: 9×9 (0.00s)
    λ_min     = 3.710226e-3
    λ_max     = 7.938797e-3
    κ         = 2.139707e0
    log|det|  = -4.702126e1 (sign=+)
    Tr        = 5.000000e-2
    ‖G‖_F     = 1.718259e-2
    S_spec    = 2.1660 (eff_rank = 8.7)
    ⟨r⟩       = 0.1577 → Poisson
    Coprime%  = 61.11%
    Euler E(1..9) primes: 9/9 (100.0%)
    Eigenvalues (bottom 9):
      λ_  0 = 3.7102264579e-3 ← min
      λ_  1 = 4.0690389729e-3
      λ_  2 = 4.1625650242e-3
      λ_  3 = 5.1086250192e-3
      λ_  4 = 5.5067232620e-3
      λ_  5 = 5.5566072434e-3
      λ_  6 = 6.9291537942e-3
      λ_  7 = 7.0182630656e-3
      λ_  8 = 7.9387971607e-3

9	no	3.7102264579e-3	7.9387971607e-3	2.139707e0	-4.702126e1	1	5.0000000000e-2	1.7182590898e-2	2.165973	8.7	0.1577	Poisson	61.1111	9	100.0000	0.000	0.000
  ── N=10  ──────────────────────────────
  [2m▸ Building Dark Gram matrix: order n=2, dim=10×10...[0m
  [32m✓[0m Dark Gram G^(2) built: 10×10 (0.00s)
    λ_min     = 3.710214e-3
    λ_max     = 7.938839e-3
    κ         = 2.139725e0
    log|det|  = -5.221423e1 (sign=+)
    Tr        = 5.555556e-2
    ‖G‖_F     = 1.805840e-2
    S_spec    = 2.2745 (eff_rank = 9.7)
    ⟨r⟩       = 0.1405 → Poisson
    Coprime%  = 68.89%
    Euler E(1..10) primes: 10/10 (100.0%)
    Eigenvalues (bottom 10):
      λ_  0 = 3.7102142882e-3 ← min
      λ_  1 = 4.0690329705e-3
      λ_  2 = 4.1625632357e-3
      λ_  3 = 5.1085620807e-3
      λ_  4 = 5.5066055782e-3
      λ_  5 = 5.5547378844e-3
      λ_  6 = 5.5575812537e-3
      λ_  7 = 6.9291544323e-3
      λ_  8 = 7.0182646417e-3
      λ_  9 = 7.9388391903e-3

10	no	3.7102142882e-3	7.9388391903e-3	2.139725e0	-5.221423e1	1	5.5555555556e-2	1.8058404508e-2	2.274459	9.7	0.1405	Poisson	68.8889	10	100.0000	0.000	0.000
  ── N=11 ★ HEEGNER ★ ──────────────────────────────
  [2m▸ Building Dark Gram matrix: order n=2, dim=11×11...[0m
  [32m✓[0m Dark Gram G^(2) built: 11×11 (0.00s)
    λ_min     = 3.441892e-3
    λ_max     = 8.439049e-3
    κ         = 2.451863e0
    log|det|  = -5.748414e1 (sign=+)
    Tr        = 6.111111e-2
    ‖G‖_F     = 1.902445e-2
    S_spec    = 2.3653 (eff_rank = 10.6)
    ⟨r⟩       = 0.3028 → Poisson
    Coprime%  = 61.82%
    Euler E(1..11) primes: 11/11 (100.0%)
    Eigenvalues (bottom 11):
      λ_  0 = 3.4418924690e-3 ← min
      λ_  1 = 3.9493843932e-3
      λ_  2 = 4.1625601920e-3
      λ_  3 = 4.9152236330e-3
      λ_  4 = 5.2339340931e-3
      λ_  5 = 5.5547203073e-3
      λ_  6 = 5.5573609658e-3
      λ_  7 = 5.7321644294e-3
      λ_  8 = 6.9294941107e-3
      λ_  9 = 7.1953274385e-3
      λ_ 10 = 8.4390490793e-3

11	YES	3.4418924690e-3	8.4390490793e-3	2.451863e0	-5.748414e1	1	6.1111111111e-2	1.9024450590e-2	2.365339	10.6	0.3028	Poisson	61.8182	11	100.0000	0.000	0.000
  ── N=12  ──────────────────────────────
  [2m▸ Building Dark Gram matrix: order n=2, dim=12×12...[0m
  [32m✓[0m Dark Gram G^(2) built: 12×12 (0.00s)
    λ_min     = 3.441888e-3
    λ_max     = 8.439063e-3
    κ         = 2.451870e0
    log|det|  = -6.267710e1 (sign=+)
    Tr        = 6.666667e-2
    ‖G‖_F     = 1.981903e-2
    S_spec    = 2.4551 (eff_rank = 11.6)
    ⟨r⟩       = 0.2993 → Poisson
    Coprime%  = 68.18%
    Euler E(1..12) primes: 12/12 (100.0%)
    Eigenvalues (bottom 12):
      λ_  0 = 3.4418882813e-3 ← min
      λ_  1 = 3.9493843930e-3
      λ_  2 = 4.1625592996e-3
      λ_  3 = 4.9152224474e-3
      λ_  4 = 5.2338391267e-3
      λ_  5 = 5.5546205975e-3
      λ_  6 = 5.5553033449e-3
      λ_  7 = 5.5577806041e-3
      λ_  8 = 5.7321820658e-3
      λ_  9 = 6.9294945556e-3
      λ_ 10 = 7.1953288990e-3
      λ_ 11 = 8.4390630517e-3

12	no	3.4418882813e-3	8.4390630517e-3	2.451870e0	-6.267710e1	1	6.6666666667e-2	1.9819033663e-2	2.455063	11.6	0.2993	Poisson	68.1818	12	100.0000	0.000	0.000
  ── N=13  ──────────────────────────────
  [2m▸ Building Dark Gram matrix: order n=2, dim=13×13...[0m
  [32m✓[0m Dark Gram G^(2) built: 13×13 (0.00s)
    λ_min     = 3.441500e-3
    λ_max     = 8.442018e-3
    κ         = 2.453005e0
    log|det|  = -6.793499e1 (sign=+)
    Tr        = 7.222222e-2
    ‖G‖_F     = 2.067714e-2
    S_spec    = 2.5325 (eff_rank = 12.6)
    ⟨r⟩       = 0.2070 → Poisson
    Coprime%  = 64.10%
    Euler E(1..13) primes: 13/13 (100.0%)
    Eigenvalues (bottom 13):
      λ_  0 = 3.4415002559e-3 ← min
      λ_  1 = 3.9484676155e-3
      λ_  2 = 4.1620846080e-3
      λ_  3 = 4.1660275772e-3
      λ_  4 = 4.9153642082e-3
      λ_  5 = 5.2338456463e-3
      λ_  6 = 5.5552878539e-3
      λ_  7 = 5.5560264492e-3
      λ_  8 = 5.7319228719e-3
      λ_  9 = 6.9291933612e-3
      λ_ 10 = 6.9407952625e-3
      λ_ 11 = 7.1996883601e-3
      λ_ 12 = 8.4420181524e-3

13	no	3.4415002559e-3	8.4420181524e-3	2.453005e0	-6.793499e1	1	7.2222222222e-2	2.0677140408e-2	2.532511	12.6	0.2070	Poisson	64.1026	13	100.0000	0.000	0.000
  ── N=17  ──────────────────────────────
  [2m▸ Building Dark Gram matrix: order n=2, dim=17×17...[0m
  [32m✓[0m Dark Gram G^(2) built: 17×17 (0.00s)
    λ_min     = 3.350319e-3
    λ_max     = 8.726750e-3
    κ         = 2.604752e0
    log|det|  = -8.886232e1 (sign=+)
    Tr        = 9.444444e-2
    ‖G‖_F     = 2.368038e-2
    S_spec    = 2.7993 (eff_rank = 16.4)
    ⟨r⟩       = 0.3876 → Poisson
    Coprime%  = 61.76%
    Euler E(1..17) primes: 17/17 (100.0%)
    Eigenvalues (bottom 17):
      λ_  0 = 3.3503186657e-3 ← min
      λ_  1 = 3.6632358007e-3
      λ_  2 = 4.0782842862e-3
      λ_  3 = 4.1595797173e-3
      λ_  4 = 4.1960929204e-3
      λ_  5 = 4.5844508879e-3
      λ_  6 = 5.2027835029e-3
      λ_  7 = 5.4610580380e-3
      λ_  8 = 5.5552823058e-3
      λ_  9 = 5.5554621104e-3
      λ_ 10 = 5.5560999645e-3
      λ_ 11 = 5.9257717694e-3
      λ_ 12 = 6.5752562875e-3
      λ_ 13 = 6.9469836192e-3
      λ_ 14 = 7.1409555226e-3
      λ_ 15 = 7.7660791940e-3
      λ_ 16 = 8.7267498520e-3

17	no	3.3503186657e-3	8.7267498520e-3	2.604752e0	-8.886232e1	1	9.4444444444e-2	2.3680376786e-2	2.799326	16.4	0.3876	Poisson	61.7647	17	100.0000	0.000	0.000
  ── N=18  ──────────────────────────────
  [2m▸ Building Dark Gram matrix: order n=2, dim=18×18...[0m
  [32m✓[0m Dark Gram G^(2) built: 18×18 (0.00s)
    λ_min     = 3.350318e-3
    λ_max     = 8.726752e-3
    κ         = 2.604753e0
    log|det|  = -9.405528e1 (sign=+)
    Tr        = 1.000000e-1
    ‖G‖_F     = 2.432333e-2
    S_spec    = 2.8584 (eff_rank = 17.4)
    ⟨r⟩       = 0.3687 → Poisson
    Coprime%  = 66.01%
    Euler E(1..18) primes: 18/18 (100.0%)
    Eigenvalues (bottom 18):
      λ_  0 = 3.3503179625e-3 ← min
      λ_  1 = 3.6632357997e-3
      λ_  2 = 4.0782839854e-3
      λ_  3 = 4.1595795482e-3
      λ_  4 = 4.1960927238e-3
      λ_  5 = 4.5844501771e-3
      λ_  6 = 5.2027747363e-3
      λ_  7 = 5.4610453471e-3
      λ_  8 = 5.5552795545e-3
      λ_  9 = 5.5554545801e-3
      λ_ 10 = 5.5555055167e-3
      λ_ 11 = 5.5561719047e-3
      λ_ 12 = 5.9257804542e-3
      λ_ 13 = 6.5752567059e-3
      λ_ 14 = 6.9469837068e-3
      λ_ 15 = 7.1409557903e-3
      λ_ 16 = 7.7660792300e-3
      λ_ 17 = 8.7267522767e-3

18	no	3.3503179625e-3	8.7267522767e-3	2.604753e0	-9.405528e1	1	1.0000000000e-1	2.4323332034e-2	2.858367	17.4	0.3687	Poisson	66.0131	18	100.0000	0.000	0.000
  ── N=19 ★ HEEGNER ★ ──────────────────────────────
  [2m▸ Building Dark Gram matrix: order n=2, dim=19×19...[0m
  [32m✓[0m Dark Gram G^(2) built: 19×19 (0.00s)
    λ_min     = 3.341797e-3
    λ_max     = 8.757340e-3
    κ         = 2.620548e0
    log|det|  = -9.931438e1 (sign=+)
    Tr        = 1.055556e-1
    ‖G‖_F     = 2.503405e-2
    S_spec    = 2.9106 (eff_rank = 18.4)
    ⟨r⟩       = 0.3794 → Poisson
    Coprime%  = 63.16%
    Euler E(1..19) primes: 19/19 (100.0%)
    Eigenvalues (bottom 19):
      λ_  0 = 3.3417970715e-3 ← min
      λ_  1 = 3.6427027349e-3
      λ_  2 = 3.7481874374e-3
      λ_  3 = 4.1592657903e-3
      λ_  4 = 4.1952053450e-3
      λ_  5 = 4.5758521967e-3
      λ_  6 = 4.9415165346e-3
      λ_  7 = 5.2324216379e-3
      λ_  8 = 5.5552718647e-3
      λ_  9 = 5.5554486907e-3
      λ_ 10 = 5.5555049940e-3
      λ_ 11 = 5.5558386623e-3
      λ_ 12 = 5.7236397129e-3
      λ_ 13 = 5.9557702692e-3
      λ_ 14 = 6.5772434199e-3
      λ_ 15 = 6.9474926448e-3
      λ_ 16 = 7.6994916278e-3
      λ_ 17 = 7.8355652710e-3
      λ_ 18 = 8.7573396501e-3

19	YES	3.3417970715e-3	8.7573396501e-3	2.620548e0	-9.931438e1	1	1.0555555556e-1	2.5034048971e-2	2.910640	18.4	0.3794	Poisson	63.1579	19	100.0000	0.000	0.000
  ── N=20  ──────────────────────────────
  [2m▸ Building Dark Gram matrix: order n=2, dim=20×20...[0m
  [32m✓[0m Dark Gram G^(2) built: 20×20 (0.00s)
    λ_min     = 3.341595e-3
    λ_max     = 8.758906e-3
    κ         = 2.621175e0
    log|det|  = -1.045202e2 (sign=+)
    Tr        = 1.111111e-1
    ‖G‖_F     = 2.565941e-2
    S_spec    = 2.9630 (eff_rank = 19.4)
    ⟨r⟩       = 0.4516 → Poisson
    Coprime%  = 62.63%
    Euler E(1..20) primes: 20/20 (100.0%)
    Eigenvalues (bottom 20):
      λ_  0 = 3.3415950940e-3 ← min
      λ_  1 = 3.6424367314e-3
      λ_  2 = 3.7481745794e-3
      λ_  3 = 4.0854821385e-3
      λ_  4 = 4.1910912932e-3
      λ_  5 = 4.5733670520e-3
      λ_  6 = 4.9414841478e-3
      λ_  7 = 5.2198967329e-3
      λ_  8 = 5.4474137679e-3
      λ_  9 = 5.5552733531e-3
      λ_ 10 = 5.5554499105e-3
      λ_ 11 = 5.5555050993e-3
      λ_ 12 = 5.5558799283e-3
      λ_ 13 = 5.7251933770e-3
      λ_ 14 = 5.9624267461e-3
      λ_ 15 = 6.5772950897e-3
      λ_ 16 = 7.1379860054e-3
      λ_ 17 = 7.6998145847e-3
      λ_ 18 = 7.8364392421e-3
      λ_ 19 = 8.7589062377e-3

20	no	3.3415950940e-3	8.7589062377e-3	2.621175e0	-1.045202e2	1	1.1111111111e-1	2.5659410186e-2	2.962970	19.4	0.4516	Poisson	62.6316	20	100.0000	0.000	0.000
  ── N=21  ──────────────────────────────
  [2m▸ Building Dark Gram matrix: order n=2, dim=21×21...[0m
  [32m✓[0m Dark Gram G^(2) built: 21×21 (0.00s)
    λ_min     = 3.341556e-3
    λ_max     = 8.759255e-3
    κ         = 2.621310e0
    log|det|  = -1.097777e2 (sign=+)
    Tr        = 1.166667e-1
    ‖G‖_F     = 2.632740e-2
    S_spec    = 3.0103 (eff_rank = 20.3)
    ⟨r⟩       = 0.4049 → Poisson
    Coprime%  = 60.95%
    Euler E(1..21) primes: 21/21 (100.0%)
    Eigenvalues (bottom 20):
      λ_  0 = 3.3415562071e-3 ← min
      λ_  1 = 3.6424140599e-3
      λ_  2 = 3.7481699338e-3
      λ_  3 = 4.0854784332e-3
      λ_  4 = 4.1652971102e-3
      λ_  5 = 4.1920348982e-3
      λ_  6 = 4.5735325628e-3
      λ_  7 = 4.9414844671e-3
      λ_  8 = 5.2199200438e-3
      λ_  9 = 5.4474306642e-3
      λ_ 10 = 5.5554297369e-3
      λ_ 11 = 5.5555037995e-3
      λ_ 12 = 5.5556828169e-3
      λ_ 13 = 5.7249334191e-3
      λ_ 14 = 5.9621062160e-3
      λ_ 15 = 6.5771735221e-3
      λ_ 16 = 6.9449234162e-3
      λ_ 17 = 7.1380007915e-3
      λ_ 18 = 7.6998645956e-3
      λ_ 19 = 7.8364750373e-3

21	no	3.3415562071e-3	8.7592549354e-3	2.621310e0	-1.097777e2	1	1.1666666667e-1	2.6327402439e-2	3.010309	20.3	0.4049	Poisson	60.9524	21	100.0000	0.000	0.000
  ── N=41  ──────────────────────────────
  [2m▸ Building Dark Gram matrix: order n=2, dim=41×41...[0m
  [32m✓[0m Dark Gram G^(2) built: 41×41 (0.00s)
    λ_min     = 3.115925e-3
    λ_max     = 9.370218e-3
    κ         = 3.007202e0
    log|det|  = -2.143770e2 (sign=+)
    Tr        = 2.277778e-1
    ‖G‖_F     = 3.683323e-2
    S_spec    = 3.6781 (eff_rank = 39.6)
    ⟨r⟩       = 0.2642 → Poisson
    Coprime%  = 60.98%
    Euler E(1..41) primes: 40/41 (97.6%)
    Eigenvalues (bottom 20):
      λ_  0 = 3.1159253719e-3 ← min
      λ_  1 = 3.4336756591e-3
      λ_  2 = 3.4950597947e-3
      λ_  3 = 3.5307985759e-3
      λ_  4 = 3.8795838748e-3
      λ_  5 = 3.9925264912e-3
      λ_  6 = 4.0873445528e-3
      λ_  7 = 4.0878754211e-3
      λ_  8 = 4.1664232294e-3
      λ_  9 = 4.1666280698e-3
      λ_ 10 = 4.2437309664e-3
      λ_ 11 = 4.2784518891e-3
      λ_ 12 = 4.3749799598e-3
      λ_ 13 = 4.6485390917e-3
      λ_ 14 = 4.7944515820e-3
      λ_ 15 = 5.1651776319e-3
      λ_ 16 = 5.1779153074e-3
      λ_ 17 = 5.4412827145e-3
      λ_ 18 = 5.4422974100e-3
      λ_ 19 = 5.5036488080e-3

41	no	3.1159253719e-3	9.3702182389e-3	3.007202e0	-2.143770e2	1	2.2777777778e-1	3.6833233348e-2	3.678150	39.6	0.2642	Poisson	60.9756	40	97.5610	0.000	0.000
  ── N=42  ──────────────────────────────
  [2m▸ Building Dark Gram matrix: order n=2, dim=42×42...[0m
  [32m✓[0m Dark Gram G^(2) built: 42×42 (0.00s)
    λ_min     = 3.115925e-3
    λ_max     = 9.370218e-3
    κ         = 3.007202e0
    log|det|  = -2.195700e2 (sign=+)
    Tr        = 2.333333e-1
    ‖G‖_F     = 3.724985e-2
    S_spec    = 3.7031 (eff_rank = 40.6)
    ⟨r⟩       = 0.2660 → Poisson
    Coprime%  = 62.83%
    Euler E(1..42) primes: 40/42 (95.2%)
    Eigenvalues (bottom 20):
      λ_  0 = 3.1159253596e-3 ← min
      λ_  1 = 3.4336756587e-3
      λ_  2 = 3.4950597941e-3
      λ_  3 = 3.5307985752e-3
      λ_  4 = 3.8795838673e-3
      λ_  5 = 3.9925264906e-3
      λ_  6 = 4.0873445516e-3
      λ_  7 = 4.0878754211e-3
      λ_  8 = 4.1664232291e-3
      λ_  9 = 4.1666280698e-3
      λ_ 10 = 4.2437309537e-3
      λ_ 11 = 4.2784518234e-3
      λ_ 12 = 4.3749799567e-3
      λ_ 13 = 4.6485390595e-3
      λ_ 14 = 4.7944515719e-3
      λ_ 15 = 5.1651776250e-3
      λ_ 16 = 5.1779152730e-3
      λ_ 17 = 5.4412827145e-3
      λ_ 18 = 5.4422974087e-3
      λ_ 19 = 5.5036487887e-3

42	no	3.1159253596e-3	9.3702182899e-3	3.007202e0	-2.195700e2	1	2.3333333333e-1	3.7249849368e-2	3.703091	40.6	0.2660	Poisson	62.8339	40	95.2381	0.000	0.000
  ── N=43 ★ HEEGNER ★ ──────────────────────────────
  [2m▸ Building Dark Gram matrix: order n=2, dim=43×43...[0m
  [32m✓[0m Dark Gram G^(2) built: 43×43 (0.00s)
    λ_min     = 3.115807e-3
    λ_max     = 9.370736e-3
    κ         = 3.007483e0
    log|det|  = -2.248275e2 (sign=+)
    Tr        = 2.388889e-1
    ‖G‖_F     = 3.771634e-2
    S_spec    = 3.7259 (eff_rank = 41.5)
    ⟨r⟩       = 0.3617 → Poisson
    Coprime%  = 62.02%
    Euler E(1..43) primes: 41/43 (95.3%)
    Eigenvalues (bottom 20):
      λ_  0 = 3.1158070533e-3 ← min
      λ_  1 = 3.4336030963e-3
      λ_  2 = 3.4949279950e-3
      λ_  3 = 3.5307985684e-3
      λ_  4 = 3.7325747934e-3
      λ_  5 = 3.8799280415e-3
      λ_  6 = 3.9925454470e-3
      λ_  7 = 4.0877538118e-3
      λ_  8 = 4.1664227394e-3
      λ_  9 = 4.1666280689e-3
      λ_ 10 = 4.2437309534e-3
      λ_ 11 = 4.2783689260e-3
      λ_ 12 = 4.3748712443e-3
      λ_ 13 = 4.6485351735e-3
      λ_ 14 = 4.7942061662e-3
      λ_ 15 = 4.9259620438e-3
      λ_ 16 = 5.1660053132e-3
      λ_ 17 = 5.1784120765e-3
      λ_ 18 = 5.4417133569e-3
      λ_ 19 = 5.5035466429e-3

43	YES	3.1158070533e-3	9.3707355757e-3	3.007483e0	-2.248275e2	1	2.3888888889e-1	3.7716341725e-2	3.725924	41.5	0.3617	Poisson	62.0155	41	95.3488	0.000	0.000
  ── N=44  ──────────────────────────────
  [2m▸ Building Dark Gram matrix: order n=2, dim=44×44...[0m
  [32m✓[0m Dark Gram G^(2) built: 44×44 (0.00s)
    λ_min     = 3.114803e-3
    λ_max     = 9.376148e-3
    κ         = 3.010190e0
    log|det|  = -2.300345e2 (sign=+)
    Tr        = 2.444444e-1
    ‖G‖_F     = 3.813547e-2
    S_spec    = 3.7494 (eff_rank = 42.5)
    ⟨r⟩       = 0.3860 → Poisson
    Coprime%  = 61.63%
    Euler E(1..44) primes: 42/44 (95.5%)
    Eigenvalues (bottom 20):
      λ_  0 = 3.1148026317e-3 ← min
      λ_  1 = 3.4331920392e-3
      λ_  2 = 3.4867505029e-3
      λ_  3 = 3.5307983886e-3
      λ_  4 = 3.7325741514e-3
      λ_  5 = 3.8769870612e-3
      λ_  6 = 3.9666230269e-3
      λ_  7 = 4.0877488250e-3
      λ_  8 = 4.1664041581e-3
      λ_  9 = 4.1666280378e-3
      λ_ 10 = 4.2386389565e-3
      λ_ 11 = 4.2780078235e-3
      λ_ 12 = 4.3731713476e-3
      λ_ 13 = 4.5939166306e-3
      λ_ 14 = 4.7928958421e-3
      λ_ 15 = 4.9258819555e-3
      λ_ 16 = 5.1538589830e-3
      λ_ 17 = 5.1754007531e-3
      λ_ 18 = 5.4028129888e-3
      λ_ 19 = 5.4417133949e-3

44	no	3.1148026317e-3	9.3761483130e-3	3.010190e0	-2.300345e2	1	2.4444444444e-1	3.8135472197e-2	3.749390	42.5	0.3860	Poisson	61.6279	42	95.4545	0.000	0.000
  ── N=45  ──────────────────────────────
  [2m▸ Building Dark Gram matrix: order n=2, dim=45×45...[0m
  [32m✓[0m Dark Gram G^(2) built: 45×45 (0.00s)
    λ_min     = 3.114802e-3
    λ_max     = 9.376157e-3
    κ         = 3.010194e0
    log|det|  = -2.352920e2 (sign=+)
    Tr        = 2.500000e-1
    ‖G‖_F     = 3.858804e-2
    S_spec    = 3.7712 (eff_rank = 43.4)
    ⟨r⟩       = 0.3732 → Poisson
    Coprime%  = 61.01%
    Euler E(1..45) primes: 42/45 (93.3%)
    Eigenvalues (bottom 20):
      λ_  0 = 3.1148018951e-3 ← min
      λ_  1 = 3.4331917891e-3
      λ_  2 = 3.4867501440e-3
      λ_  3 = 3.5307983860e-3
      λ_  4 = 3.7325741347e-3
      λ_  5 = 3.8769839494e-3
      λ_  6 = 3.9666227775e-3
      λ_  7 = 4.0877487934e-3
      λ_  8 = 4.1663684124e-3
      λ_  9 = 4.1666274703e-3
      λ_ 10 = 4.1666483156e-3
      λ_ 11 = 4.2386643014e-3
      λ_ 12 = 4.2780197797e-3
      λ_ 13 = 4.3731726717e-3
      λ_ 14 = 4.5939174414e-3
      λ_ 15 = 4.7928973763e-3
      λ_ 16 = 4.9258819562e-3
      λ_ 17 = 5.1538597891e-3
      λ_ 18 = 5.1754007542e-3
      λ_ 19 = 5.4028131360e-3

45	no	3.1148018951e-3	9.3761569458e-3	3.010194e0	-2.352920e2	1	2.5000000000e-1	3.8588038313e-2	3.771232	43.4	0.3732	Poisson	61.0101	42	93.3333	0.000	0.000
  ── N=65  ──────────────────────────────
  [2m▸ Building Dark Gram matrix: order n=2, dim=65×65...[0m
  [32m✓[0m Dark Gram G^(2) built: 65×65 (0.00s)
    λ_min     = 3.037338e-3
    λ_max     = 9.659897e-3
    κ         = 3.180382e0
    log|det|  = -3.398914e2 (sign=+)
    Tr        = 3.611111e-1
    ‖G‖_F     = 4.639609e-2
    S_spec    = 4.1386 (eff_rank = 62.7)
    ⟨r⟩       = 0.3786 → Poisson
    Coprime%  = 60.67%
    Euler E(1..65) primes: 60/65 (92.3%)
    Eigenvalues (bottom 20):
      λ_  0 = 3.0373380145e-3 ← min
      λ_  1 = 3.2881278984e-3
      λ_  2 = 3.3383891724e-3
      λ_  3 = 3.4495505407e-3
      λ_  4 = 3.5316241464e-3
      λ_  5 = 3.6716739774e-3
      λ_  6 = 3.7298470770e-3
      λ_  7 = 3.8485140222e-3
      λ_  8 = 3.9761337078e-3
      λ_  9 = 3.9833040967e-3
      λ_ 10 = 4.0852893394e-3
      λ_ 11 = 4.0880183438e-3
      λ_ 12 = 4.0883559684e-3
      λ_ 13 = 4.1142917851e-3
      λ_ 14 = 4.1666564150e-3
      λ_ 15 = 4.1666615766e-3
      λ_ 16 = 4.1666802694e-3
      λ_ 17 = 4.2991883735e-3
      λ_ 18 = 4.3827794197e-3
      λ_ 19 = 4.4106310368e-3

65	no	3.0373380145e-3	9.6598966203e-3	3.180382e0	-3.398914e2	1	3.6111111111e-1	4.6396086361e-2	4.138568	62.7	0.3786	Poisson	60.6731	60	92.3077	0.000	0.000
  ── N=66  ──────────────────────────────
  [2m▸ Building Dark Gram matrix: order n=2, dim=66×66...[0m
  [32m✓[0m Dark Gram G^(2) built: 66×66 (0.00s)
    λ_min     = 3.037338e-3
    λ_max     = 9.659897e-3
    κ         = 3.180382e0
    log|det|  = -3.450843e2 (sign=+)
    Tr        = 3.666667e-1
    ‖G‖_F     = 4.672752e-2
    S_spec    = 4.1544 (eff_rank = 63.7)
    ⟨r⟩       = 0.3876 → Poisson
    Coprime%  = 61.86%
    Euler E(1..66) primes: 60/66 (90.9%)
    Eigenvalues (bottom 20):
      λ_  0 = 3.0373380130e-3 ← min
      λ_  1 = 3.2881278983e-3
      λ_  2 = 3.3383891723e-3
      λ_  3 = 3.4495505406e-3
      λ_  4 = 3.5316241463e-3
      λ_  5 = 3.6716739765e-3
      λ_  6 = 3.7298470770e-3
      λ_  7 = 3.8485140220e-3
      λ_  8 = 3.9761337023e-3
      λ_  9 = 3.9833040960e-3
      λ_ 10 = 4.0852893393e-3
      λ_ 11 = 4.0880183438e-3
      λ_ 12 = 4.0883559684e-3
      λ_ 13 = 4.1142917842e-3
      λ_ 14 = 4.1666564150e-3
      λ_ 15 = 4.1666615766e-3
      λ_ 16 = 4.1666802694e-3
      λ_ 17 = 4.2991883735e-3
      λ_ 18 = 4.3827794183e-3
      λ_ 19 = 4.4106310342e-3

66	no	3.0373380130e-3	9.6598966266e-3	3.180382e0	-3.450843e2	1	3.6666666667e-1	4.6727518952e-2	4.154378	63.7	0.3876	Poisson	61.8648	60	90.9091	0.000	0.000
  ── N=67 ★ HEEGNER ★ ──────────────────────────────
  [2m▸ Building Dark Gram matrix: order n=2, dim=67×67...[0m
  [32m✓[0m Dark Gram G^(2) built: 67×67 (0.00s)
    λ_min     = 3.037324e-3
    λ_max     = 9.659959e-3
    κ         = 3.180418e0
    log|det|  = -3.503418e2 (sign=+)
    Tr        = 3.722222e-1
    ‖G‖_F     = 4.710019e-2
    S_spec    = 4.1690 (eff_rank = 64.6)
    ⟨r⟩       = 0.3981 → Poisson
    Coprime%  = 61.42%
    Euler E(1..67) primes: 61/67 (91.0%)
    Eigenvalues (bottom 20):
      λ_  0 = 3.0373238516e-3 ← min
      λ_  1 = 3.2881270822e-3
      λ_  2 = 3.3383827483e-3
      λ_  3 = 3.4495501167e-3
      λ_  4 = 3.5316238389e-3
      λ_  5 = 3.6715653517e-3
      λ_  6 = 3.7298411549e-3
      λ_  7 = 3.7332329760e-3
      λ_  8 = 3.8486004214e-3
      λ_  9 = 3.9762515667e-3
      λ_ 10 = 3.9833345041e-3
      λ_ 11 = 4.0854503911e-3
      λ_ 12 = 4.0881667551e-3
      λ_ 13 = 4.1142771761e-3
      λ_ 14 = 4.1666564147e-3
      λ_ 15 = 4.1666615765e-3
      λ_ 16 = 4.1666802618e-3
      λ_ 17 = 4.2991882096e-3
      λ_ 18 = 4.3827743906e-3
      λ_ 19 = 4.4106307553e-3

67	YES	3.0373238516e-3	9.6599590388e-3	3.180418e0	-3.503418e2	1	3.7222222222e-1	4.7100193204e-2	4.168979	64.6	0.3981	Poisson	61.4202	61	91.0448	0.000	0.000
  ── N=68  ──────────────────────────────
  [2m▸ Building Dark Gram matrix: order n=2, dim=68×68...[0m
  [32m✓[0m Dark Gram G^(2) built: 68×68 (0.00s)
    λ_min     = 3.037323e-3
    λ_max     = 9.659964e-3
    κ         = 3.180420e0
    log|det|  = -3.555472e2 (sign=+)
    Tr        = 3.777778e-1
    ‖G‖_F     = 4.743524e-2
    S_spec    = 4.1841 (eff_rank = 65.6)
    ⟨r⟩       = 0.3779 → Poisson
    Coprime%  = 61.50%
    Euler E(1..68) primes: 62/68 (91.2%)
    Eigenvalues (bottom 20):
      λ_  0 = 3.0373234171e-3 ← min
      λ_  1 = 3.2881270730e-3
      λ_  2 = 3.3383818947e-3
      λ_  3 = 3.4495501156e-3
      λ_  4 = 3.5316238384e-3
      λ_  5 = 3.6715652832e-3
      λ_  6 = 3.7298411547e-3
      λ_  7 = 3.7332329760e-3
      λ_  8 = 3.8486003012e-3
      λ_  9 = 3.9762412426e-3
      λ_ 10 = 3.9833328577e-3
      λ_ 11 = 4.0854066771e-3
      λ_ 12 = 4.0880365514e-3
      λ_ 13 = 4.0882343495e-3
      λ_ 14 = 4.1142887377e-3
      λ_ 15 = 4.1666615078e-3
      λ_ 16 = 4.1666711109e-3
      λ_ 17 = 4.2991879145e-3
      λ_ 18 = 4.3827739156e-3
      λ_ 19 = 4.4106307212e-3

68	no	3.0373234171e-3	9.6599641879e-3	3.180420e0	-3.555472e2	1	3.7777777778e-1	4.7435243703e-2	4.184134	65.6	0.3779	Poisson	61.5013	62	91.1765	0.000	0.000
  ── N=69  ──────────────────────────────
  [2m▸ Building Dark Gram matrix: order n=2, dim=69×69...[0m
  [32m✓[0m Dark Gram G^(2) built: 69×69 (0.00s)
    λ_min     = 3.037099e-3
    λ_max     = 9.660789e-3
    κ         = 3.180926e0
    log|det|  = -3.608067e2 (sign=+)
    Tr        = 3.833333e-1
    ‖G‖_F     = 4.780133e-2
    S_spec    = 4.1983 (eff_rank = 66.6)
    ⟨r⟩       = 0.3970 → Poisson
    Coprime%  = 60.70%
    Euler E(1..69) primes: 63/69 (91.3%)
    Eigenvalues (bottom 20):
      λ_  0 = 3.0370991342e-3 ← min
      λ_  1 = 3.2868733698e-3
      λ_  2 = 3.3383230672e-3
      λ_  3 = 3.4376769443e-3
      λ_  4 = 3.5316189345e-3
      λ_  5 = 3.6712205831e-3
      λ_  6 = 3.7298408346e-3
      λ_  7 = 3.7332329198e-3
      λ_  8 = 3.8485630965e-3
      λ_  9 = 3.9754023548e-3
      λ_ 10 = 3.9810200170e-3
      λ_ 11 = 4.0817436213e-3
      λ_ 12 = 4.0880354880e-3
      λ_ 13 = 4.0880815377e-3
      λ_ 14 = 4.1087584758e-3
      λ_ 15 = 4.1505882045e-3
      λ_ 16 = 4.1666615116e-3
      λ_ 17 = 4.1666719187e-3
      λ_ 18 = 4.2992315511e-3
      λ_ 19 = 4.3829615805e-3

69	no	3.0370991342e-3	9.6607887823e-3	3.180926e0	-3.608067e2	1	3.8333333333e-1	4.7801326682e-2	4.198301	66.6	0.3970	Poisson	60.6991	63	91.3043	0.000	0.000
  ── N=161  ──────────────────────────────
  [2m▸ Building Dark Gram matrix: order n=2, dim=161×161...[0m
  [32m✓[0m Dark Gram G^(2) built: 161×161 (0.00s)
    λ_min     = 2.899917e-3
    λ_max     = 1.015707e-2
    κ         = 3.502537e0
    log|det|  = -8.419478e2 (sign=+)
    Tr        = 8.944444e-1
    ‖G‖_F     = 7.304910e-2
    S_spec    = 5.0452 (eff_rank = 155.3)
    ⟨r⟩       = 0.3563 → Poisson
    Coprime%  = 60.79%
    Euler E(1..161) primes: 130/161 (80.7%)
    Eigenvalues (bottom 20):
      λ_  0 = 2.8999171009e-3 ← min
      λ_  1 = 3.1208154405e-3
      λ_  2 = 3.1689091599e-3
      λ_  3 = 3.2022908753e-3
      λ_  4 = 3.2694861181e-3
      λ_  5 = 3.2720510058e-3
      λ_  6 = 3.4319490484e-3
      λ_  7 = 3.4523218937e-3
      λ_  8 = 3.4586198051e-3
      λ_  9 = 3.5000185484e-3
      λ_ 10 = 3.5317161517e-3
      λ_ 11 = 3.5630004815e-3
      λ_ 12 = 3.5650477666e-3
      λ_ 13 = 3.6255943033e-3
      λ_ 14 = 3.7166705507e-3
      λ_ 15 = 3.7300908142e-3
      λ_ 16 = 3.7302179410e-3
      λ_ 17 = 3.7328876111e-3
      λ_ 18 = 3.7335376429e-3
      λ_ 19 = 3.8694644819e-3

161	no	2.8999171009e-3	1.0157068343e-2	3.502537e0	-8.419478e2	1	8.9444444444e-1	7.3049097430e-2	5.045187	155.3	0.3563	Poisson	60.7919	130	80.7453	0.001	0.001
  ── N=162  ──────────────────────────────
  [2m▸ Building Dark Gram matrix: order n=2, dim=162×162...[0m
  [32m✓[0m Dark Gram G^(2) built: 162×162 (0.00s)
    λ_min     = 2.899917e-3
    λ_max     = 1.015707e-2
    κ         = 3.502537e0
    log|det|  = -8.471407e2 (sign=+)
    Tr        = 9.000000e-1
    ‖G‖_F     = 7.326005e-2
    S_spec    = 5.0516 (eff_rank = 156.3)
    ⟨r⟩       = 0.3608 → Poisson
    Coprime%  = 61.28%
    Euler E(1..162) primes: 130/162 (80.2%)
    Eigenvalues (bottom 20):
      λ_  0 = 2.8999171009e-3 ← min
      λ_  1 = 3.1208154405e-3
      λ_  2 = 3.1689091599e-3
      λ_  3 = 3.2022908753e-3
      λ_  4 = 3.2694861181e-3
      λ_  5 = 3.2720510058e-3
      λ_  6 = 3.4319490483e-3
      λ_  7 = 3.4523218937e-3
      λ_  8 = 3.4586198051e-3
      λ_  9 = 3.5000185484e-3
      λ_ 10 = 3.5317161517e-3
      λ_ 11 = 3.5630004815e-3
      λ_ 12 = 3.5650477665e-3
      λ_ 13 = 3.6255943033e-3
      λ_ 14 = 3.7166705507e-3
      λ_ 15 = 3.7300908142e-3
      λ_ 16 = 3.7302179410e-3
      λ_ 17 = 3.7328876111e-3
      λ_ 18 = 3.7335376429e-3
      λ_ 19 = 3.8694644819e-3

162	no	2.8999171009e-3	1.0157068343e-2	3.502537e0	-8.471407e2	1	9.0000000000e-1	7.3260049365e-2	5.051603	156.3	0.3608	Poisson	61.2760	130	80.2469	0.000	0.001
  ── N=163 ★ HEEGNER ★ ──────────────────────────────
  [2m▸ Building Dark Gram matrix: order n=2, dim=163×163...[0m
  [32m✓[0m Dark Gram G^(2) built: 163×163 (0.00s)
    λ_min     = 2.899917e-3
    λ_max     = 1.015707e-2
    κ         = 3.502538e0
    log|det|  = -8.523982e2 (sign=+)
    Tr        = 9.055556e-1
    ‖G‖_F     = 7.349831e-2
    S_spec    = 5.0576 (eff_rank = 157.2)
    ⟨r⟩       = 0.3406 → Poisson
    Coprime%  = 61.12%
    Euler E(1..163) primes: 130/163 (79.8%)
    Eigenvalues (bottom 20):
      λ_  0 = 2.8999169359e-3 ← min
      λ_  1 = 3.1208154390e-3
      λ_  2 = 3.1689091029e-3
      λ_  3 = 3.2022908613e-3
      λ_  4 = 3.2694861112e-3
      λ_  5 = 3.2720510049e-3
      λ_  6 = 3.4319487053e-3
      λ_  7 = 3.4523218933e-3
      λ_  8 = 3.4586198037e-3
      λ_  9 = 3.5000181077e-3
      λ_ 10 = 3.5317161441e-3
      λ_ 11 = 3.5630004120e-3
      λ_ 12 = 3.5650450088e-3
      λ_ 13 = 3.6255941677e-3
      λ_ 14 = 3.7166687888e-3
      λ_ 15 = 3.7300902057e-3
      λ_ 16 = 3.7302179410e-3
      λ_ 17 = 3.7328141488e-3
      λ_ 18 = 3.7333623794e-3
      λ_ 19 = 3.7336150398e-3

163	YES	2.8999169359e-3	1.0157069192e-2	3.502538e0	-8.523982e2	1	9.0555555556e-1	7.3498307352e-2	5.057582	157.2	0.3406	Poisson	61.1225	130	79.7546	0.001	0.001
  ── N=164  ──────────────────────────────
  [2m▸ Building Dark Gram matrix: order n=2, dim=164×164...[0m
  [32m✓[0m Dark Gram G^(2) built: 164×164 (0.00s)
    λ_min     = 2.899908e-3
    λ_max     = 1.015712e-2
    κ         = 3.502566e0
    log|det|  = -8.576053e2 (sign=+)
    Tr        = 9.111111e-1
    ‖G‖_F     = 7.371423e-2
    S_spec    = 5.0638 (eff_rank = 158.2)
    ⟨r⟩       = 0.3373 → Poisson
    Coprime%  = 60.97%
    Euler E(1..164) primes: 130/164 (79.3%)
    Eigenvalues (bottom 20):
      λ_  0 = 2.8999084603e-3 ← min
      λ_  1 = 3.1207845121e-3
      λ_  2 = 3.1689000854e-3
      λ_  3 = 3.2022908170e-3
      λ_  4 = 3.2675764341e-3
      λ_  5 = 3.2719458272e-3
      λ_  6 = 3.4319392708e-3
      λ_  7 = 3.4523218517e-3
      λ_  8 = 3.4586197236e-3
      λ_  9 = 3.4999721504e-3
      λ_ 10 = 3.5317161413e-3
      λ_ 11 = 3.5629573251e-3
      λ_ 12 = 3.5650256391e-3
      λ_ 13 = 3.6255890087e-3
      λ_ 14 = 3.7166683113e-3
      λ_ 15 = 3.7300900759e-3
      λ_ 16 = 3.7302179410e-3
      λ_ 17 = 3.7328134020e-3
      λ_ 18 = 3.7333623794e-3
      λ_ 19 = 3.7336147898e-3

164	no	2.8999084603e-3	1.0157121767e-2	3.502566e0	-8.576053e2	1	9.1111111111e-1	7.3714229017e-2	5.063831	158.2	0.3373	Poisson	60.9681	130	79.2683	0.000	0.001
  ── N=165  ──────────────────────────────
  [2m▸ Building Dark Gram matrix: order n=2, dim=165×165...[0m
  [32m✓[0m Dark Gram G^(2) built: 165×165 (0.00s)
    λ_min     = 2.899908e-3
    λ_max     = 1.015712e-2
    κ         = 3.502566e0
    log|det|  = -8.628628e2 (sign=+)
    Tr        = 9.166667e-1
    ‖G‖_F     = 7.394937e-2
    S_spec    = 5.0697 (eff_rank = 159.1)
    ⟨r⟩       = 0.3396 → Poisson
    Coprime%  = 60.83%
    Euler E(1..165) primes: 130/165 (78.8%)
    Eigenvalues (bottom 20):
      λ_  0 = 2.8999084591e-3 ← min
      λ_  1 = 3.1207845121e-3
      λ_  2 = 3.1689000852e-3
      λ_  3 = 3.2022908169e-3
      λ_  4 = 3.2675764341e-3
      λ_  5 = 3.2719458272e-3
      λ_  6 = 3.4319392683e-3
      λ_  7 = 3.4523218517e-3
      λ_  8 = 3.4586197235e-3
      λ_  9 = 3.4999721483e-3
      λ_ 10 = 3.5317161413e-3
      λ_ 11 = 3.5629573247e-3
      λ_ 12 = 3.5650256289e-3
      λ_ 13 = 3.6255890083e-3
      λ_ 14 = 3.7166683106e-3
      λ_ 15 = 3.7300900758e-3
      λ_ 16 = 3.7302179410e-3
      λ_ 17 = 3.7328134008e-3
      λ_ 18 = 3.7333623794e-3
      λ_ 19 = 3.7336147893e-3

165	no	2.8999084591e-3	1.0157121785e-2	3.502566e0	-8.628628e2	1	9.1666666667e-1	7.3949373109e-2	5.069746	159.1	0.3396	Poisson	60.8278	130	78.7879	0.000	0.001

═══════════════════════════════════════════════════════════════
  §3. HEEGNER vs NON-HEEGNER COMPARISON
═══════════════════════════════════════════════════════════════

  ┌─────────────────────────┬──────────────┬──────────────┐
  │ Metric                  │   Heegner    │ Non-Heegner  │
  ├─────────────────────────┼──────────────┼──────────────┤
  │ Avg κ (condition #)     │     2.4519e0 │     2.7489e0 │
  │ Avg S (spectral entropy)│       2.7394 │       3.3183 │
  │ Avg coprime fraction    │      0.6786% │      0.6388% │
  └─────────────────────────┴──────────────┴──────────────┘

═══════════════════════════════════════════════════════════════
  §4. THE 41 CONNECTION — EULER MEETS THE DARK CRYSTAL
═══════════════════════════════════════════════════════════════

  ── N=41  ──────────────────────────────
  [2m▸ Building Dark Gram matrix: order n=2, dim=41×41...[0m
  [32m✓[0m Dark Gram G^(2) built: 41×41 (0.00s)
    λ_min     = 3.115925e-3
    λ_max     = 9.370218e-3
    κ         = 3.007202e0
    log|det|  = -2.143770e2 (sign=+)
    Tr        = 2.277778e-1
    ‖G‖_F     = 3.683323e-2
    S_spec    = 3.6781 (eff_rank = 39.6)
    ⟨r⟩       = 0.2642 → Poisson
    Coprime%  = 60.98%
    Euler E(1..41) primes: 40/41 (97.6%)
    Eigenvalues (bottom 20):
      λ_  0 = 3.1159253719e-3 ← min
      λ_  1 = 3.4336756591e-3
      λ_  2 = 3.4950597947e-3
      λ_  3 = 3.5307985759e-3
      λ_  4 = 3.8795838748e-3
      λ_  5 = 3.9925264912e-3
      λ_  6 = 4.0873445528e-3
      λ_  7 = 4.0878754211e-3
      λ_  8 = 4.1664232294e-3
      λ_  9 = 4.1666280698e-3
      λ_ 10 = 4.2437309664e-3
      λ_ 11 = 4.2784518891e-3
      λ_ 12 = 4.3749799598e-3
      λ_ 13 = 4.6485390917e-3
      λ_ 14 = 4.7944515820e-3
      λ_ 15 = 5.1651776319e-3
      λ_ 16 = 5.1779153074e-3
      λ_ 17 = 5.4412827145e-3
      λ_ 18 = 5.4422974100e-3
      λ_ 19 = 5.5036488080e-3

  ── N=40  ──────────────────────────────
  [2m▸ Building Dark Gram matrix: order n=2, dim=40×40...[0m
  [32m✓[0m Dark Gram G^(2) built: 40×40 (0.00s)
    λ_min     = 3.117686e-3
    λ_max     = 9.364648e-3
    κ         = 3.003717e0
    log|det|  = -2.091067e2 (sign=+)
    Tr        = 2.222222e-1
    ‖G‖_F     = 3.634663e-2
    S_spec    = 3.6545 (eff_rank = 38.6)
    ⟨r⟩       = 0.3265 → Poisson
    Coprime%  = 62.69%
    Euler E(1..40) primes: 40/40 (100.0%)
    Eigenvalues (bottom 20):
      λ_  0 = 3.1176861526e-3 ← min
      λ_  1 = 3.4338426872e-3
      λ_  2 = 3.4950655487e-3
      λ_  3 = 3.7256195603e-3
      λ_  4 = 3.8806025767e-3
      λ_  5 = 3.9934476139e-3
      λ_  6 = 4.0873489179e-3
      λ_  7 = 4.0878754883e-3
      λ_  8 = 4.1664403910e-3
      λ_  9 = 4.1666281041e-3
      λ_ 10 = 4.2690340301e-3
      λ_ 11 = 4.3246891774e-3
      λ_ 12 = 4.6485234599e-3
      λ_ 13 = 4.7906033420e-3
      λ_ 14 = 4.9085742590e-3
      λ_ 15 = 5.1697731522e-3
      λ_ 16 = 5.4412825581e-3
      λ_ 17 = 5.4422751748e-3
      λ_ 18 = 5.4961819838e-3
      λ_ 19 = 5.5389279297e-3

  At N=41 (Euler's breaking point):
    κ  = 3.007202e0
    Euler primes: 40/41 (97.6%)
  At N=40 (last Euler prime):
    κ  = 3.003717e0

═══════════════════════════════════════════════════════════════
  §5. RAMANUJAN'S CONSTANT AND THE DARK DETERMINANT
═══════════════════════════════════════════════════════════════

  e^(π√163) = 2.625374126407677e17
  Nearest integer: 262537412640767712
  |error|   = 0.00e0  (the famous 'almost integer')

  At N=163 (the largest Heegner number):
    λ_max/λ_min = 3.502538e0
    log|det|    = -8.523982e2
    Tr/dim      = 5.5555555556e-3 (should be 1/180)
    Coprime%    = 61.12%

═══════════════════════════════════════════════════════════════
  🔮 HEEGNER PROBE complete (0.0s)
═══════════════════════════════════════════════════════════════
