warning: unused variable: `x3`
  --> experiments/dark-gram-spectroscopy/src/bernoulli.rs:76:9
   |
76 |     let x3 = x2 * x;
   |         ^^ help: if this is intentional, prefix it with an underscore: `_x3`
   |
   = note: `#[warn(unused_variables)]` (part of `#[warn(unused)]`) on by default

warning: `dark-gram-spectroscopy` (lib) generated 1 warning (run `cargo fix --lib -p dark-gram-spectroscopy` to apply 1 suggestion)
    Finished `release` profile [optimized] target(s) in 0.06s
     Running `target/release/dark-gram-spectroscopy --orders 2,3,4 --dims 12,24,60,120,240,360,720,1000,2520`
═══════════════════════════════════════════════════════════════
  🪞 DARK GRAM SPECTROSCOPY v1 — The Antimatter Engine
═══════════════════════════════════════════════════════════════

  Orders:     [2, 3, 4]
  Dimensions: [12, 24, 60, 120, 240, 360, 720, 1000, 2520]

  ── G^(2), dim=12 ──────────────────────────────
  [2m▸ Building Dark Gram matrix: order n=2, dim=12×12...[0m
  [32m✓[0m Dark Gram G^(2) built: 12×12 (0.00s)
    Trace     = 6.666667e-2
    Frobenius = 1.981903e-2
    Diag      = [5.555556e-3, 5.555556e-3]
    Eigen     = 12×12 (0.00s)
    λ_max     = 8.439063e-3
    λ_min     = 3.441888e-3
    ⟨r⟩       = 0.2993 → Poisson
    κ         = 2.452e0
    Eff. rank = 11.6
    Decay     = exponential (R²=0.939)
    Top-10 eigenvalues:
      λ_  0 = 8.439063e-3
      λ_  1 = 7.195329e-3
      λ_  2 = 6.929495e-3
      λ_  3 = 5.732182e-3
      λ_  4 = 5.557781e-3
      λ_  5 = 5.555303e-3
      λ_  6 = 5.554621e-3
      λ_  7 = 5.233839e-3
      λ_  8 = 4.915222e-3
      λ_  9 = 4.162559e-3

  ── G^(2), dim=24 ──────────────────────────────
  [2m▸ Building Dark Gram matrix: order n=2, dim=24×24...[0m
  [32m✓[0m Dark Gram G^(2) built: 24×24 (0.00s)
    Trace     = 1.333333e-1
    Frobenius = 2.812133e-2
    Diag      = [5.555556e-3, 5.555556e-3]
    Eigen     = 24×24 (0.00s)
    λ_max     = 9.083326e-3
    λ_min     = 3.210545e-3
    ⟨r⟩       = 0.3889 → Poisson
    κ         = 2.829e0
    Eff. rank = 23.2
    Decay     = exponential (R²=0.960)
    Top-10 eigenvalues:
      λ_  0 = 9.083326e-3
      λ_  1 = 7.855609e-3
      λ_  2 = 7.716810e-3
      λ_  3 = 7.141376e-3
      λ_  4 = 6.945454e-3
      λ_  5 = 6.747836e-3
      λ_  6 = 6.207001e-3
      λ_  7 = 5.891857e-3
      λ_  8 = 5.644488e-3
      λ_  9 = 5.555685e-3

  ── G^(2), dim=60 ──────────────────────────────
  [2m▸ Building Dark Gram matrix: order n=2, dim=60×60...[0m
  [32m✓[0m Dark Gram G^(2) built: 60×60 (0.00s)
    Trace     = 3.333333e-1
    Frobenius = 4.454910e-2
    Diag      = [5.555556e-3, 5.555556e-3]
    Eigen     = 60×60 (0.00s)
    λ_max     = 9.633114e-3
    λ_min     = 3.039091e-3
    ⟨r⟩       = 0.2627 → Poisson
    κ         = 3.170e0
    Eff. rank = 57.9
    Decay     = exponential (R²=0.952)
    Top-10 eigenvalues:
      λ_  0 = 9.633114e-3
      λ_  1 = 8.757991e-3
      λ_  2 = 8.472813e-3
      λ_  3 = 8.406448e-3
      λ_  4 = 7.807043e-3
      λ_  5 = 7.793638e-3
      λ_  6 = 7.516542e-3
      λ_  7 = 7.193449e-3
      λ_  8 = 7.138031e-3
      λ_  9 = 7.137001e-3

  ── G^(2), dim=120 ──────────────────────────────
  [2m▸ Building Dark Gram matrix: order n=2, dim=120×120...[0m
  [32m✓[0m Dark Gram G^(2) built: 120×120 (0.00s)
    Trace     = 6.666667e-1
    Frobenius = 6.304276e-2
    Diag      = [5.555556e-3, 5.555556e-3]
    Eigen     = 120×120 (0.00s)
    λ_max     = 1.002773e-2
    λ_min     = 2.928978e-3
    ⟨r⟩       = 0.3266 → Poisson
    κ         = 3.424e0
    Eff. rank = 115.8
    Decay     = exponential (R²=0.956)
    Top-10 eigenvalues:
      λ_  0 = 1.002773e-2
      λ_  1 = 9.214794e-3
      λ_  2 = 8.979295e-3
      λ_  3 = 8.891306e-3
      λ_  4 = 8.495382e-3
      λ_  5 = 8.466564e-3
      λ_  6 = 8.161316e-3
      λ_  7 = 8.158453e-3
      λ_  8 = 7.978613e-3
      λ_  9 = 7.825837e-3

  ── G^(2), dim=240 ──────────────────────────────
  [2m▸ Building Dark Gram matrix: order n=2, dim=240×240...[0m
  [32m✓[0m Dark Gram G^(2) built: 240×240 (0.00s)
    Trace     = 1.333333e0
    Frobenius = 8.918442e-2
    Diag      = [5.555556e-3, 5.555556e-3]
    Eigen     = 240×240 (0.01s)
    λ_max     = 1.034046e-2
    λ_min     = 2.851230e-3
    ⟨r⟩       = 0.3721 → Poisson
    κ         = 3.627e0
    Eff. rank = 231.5
    Decay     = power (R²=0.965)
    Top-10 eigenvalues:
      λ_  0 = 1.034046e-2
      λ_  1 = 9.568541e-3
      λ_  2 = 9.408244e-3
      λ_  3 = 9.258927e-3
      λ_  4 = 9.085176e-3
      λ_  5 = 9.053786e-3
      λ_  6 = 8.842247e-3
      λ_  7 = 8.837279e-3
      λ_  8 = 8.494344e-3
      λ_  9 = 8.461151e-3

  ── G^(2), dim=360 ──────────────────────────────
  [2m▸ Building Dark Gram matrix: order n=2, dim=360×360...[0m
  [32m✓[0m Dark Gram G^(2) built: 360×360 (0.00s)
    Trace     = 2.000000e0
    Frobenius = 1.092398e-1
    Diag      = [5.555556e-3, 5.555556e-3]
    Eigen     = 360×360 (0.02s)
    λ_max     = 1.049382e-2
    λ_min     = 2.811650e-3
    ⟨r⟩       = 0.3876 → Poisson
    κ         = 3.732e0
    Eff. rank = 347.2
    Decay     = power (R²=0.953)
    Top-10 eigenvalues:
      λ_  0 = 1.049382e-2
      λ_  1 = 9.750410e-3
      λ_  2 = 9.672910e-3
      λ_  3 = 9.439346e-3
      λ_  4 = 9.407911e-3
      λ_  5 = 9.331418e-3
      λ_  6 = 9.085163e-3
      λ_  7 = 9.053823e-3
      λ_  8 = 8.851190e-3
      λ_  9 = 8.837140e-3

  ── G^(2), dim=720 ──────────────────────────────
  [2m▸ Building Dark Gram matrix: order n=2, dim=720×720...[0m
  [32m✓[0m Dark Gram G^(2) built: 720×720 (0.00s)
    Trace     = 4.000000e0
    Frobenius = 1.545050e-1
    Diag      = [5.555556e-3, 5.555556e-3]
    Eigen     = 720×720 (0.19s)
    λ_max     = 1.073296e-2
    λ_min     = 2.758798e-3
    ⟨r⟩       = 0.3701 → Poisson
    κ         = 3.890e0
    Eff. rank = 694.3
    Decay     = power (R²=0.974)
    Top-10 eigenvalues:
      λ_  0 = 1.073296e-2
      λ_  1 = 1.003612e-2
      λ_  2 = 9.974597e-3
      λ_  3 = 9.800585e-3
      λ_  4 = 9.736142e-3
      λ_  5 = 9.723332e-3
      λ_  6 = 9.561596e-3
      λ_  7 = 9.532335e-3
      λ_  8 = 9.365700e-3
      λ_  9 = 9.326613e-3

  ── G^(2), dim=1000 ──────────────────────────────
  [2m▸ Building Dark Gram matrix: order n=2, dim=1000×1000...[0m
  [32m✓[0m Dark Gram G^(2) built: 1000×1000 (0.00s)
    Trace     = 5.555556e0
    Frobenius = 1.820905e-1
    Diag      = [5.555556e-3, 5.555556e-3]
    Eigen     = 1000×1000 (0.47s)
    λ_max     = 1.081572e-2
    λ_min     = 2.743174e-3
    ⟨r⟩       = 0.3508 → Poisson
    κ         = 3.943e0
    Eff. rank = 964.2
    Decay     = power (R²=0.969)
    Top-10 eigenvalues:
      λ_  0 = 1.081572e-2
      λ_  1 = 1.012829e-2
      λ_  2 = 1.009186e-2
      λ_  3 = 9.952226e-3
      λ_  4 = 9.908985e-3
      λ_  5 = 9.865274e-3
      λ_  6 = 9.735399e-3
      λ_  7 = 9.711336e-3
      λ_  8 = 9.561568e-3
      λ_  9 = 9.423733e-3

  ── G^(2), dim=2520 ──────────────────────────────
  [2m▸ Building Dark Gram matrix: order n=2, dim=2520×2520...[0m
  [32m✓[0m Dark Gram G^(2) built: 2520×2520 (0.03s)
    Trace     = 1.400000e1
    Frobenius = 2.890744e-1
    Diag      = [5.555556e-3, 5.555556e-3]
    Eigen     = 2520×2520 (7.17s)
    λ_max     = 1.106619e-2
    λ_min     = 2.687319e-3
    ⟨r⟩       = 0.3228 → Poisson
    κ         = 4.118e0
    Eff. rank = 2429.8
    Decay     = power (R²=0.978)
    Top-10 eigenvalues:
      λ_  0 = 1.106619e-2
      λ_  1 = 1.048723e-2
      λ_  2 = 1.040313e-2
      λ_  3 = 1.034907e-2
      λ_  4 = 1.030995e-2
      λ_  5 = 1.021311e-2
      λ_  6 = 1.018411e-2
      λ_  7 = 1.013047e-2
      λ_  8 = 1.006780e-2
      λ_  9 = 9.936438e-3

  ── G^(3), dim=12 ──────────────────────────────
  [2m▸ Building Dark Gram matrix: order n=3, dim=12×12...[0m
  [32m✓[0m Dark Gram G^(3) built: 12×12 (0.00s)
    Trace     = 7.142857e-3
    Frobenius = 2.076162e-3
    Diag      = [5.952381e-4, 5.952381e-4]
    Eigen     = 12×12 (0.00s)
    λ_max     = 7.261239e-4
    λ_min     = 4.808896e-4
    ⟨r⟩       = 0.3092 → Poisson
    κ         = 1.510e0
    Eff. rank = 11.9
    Decay     = exponential (R²=0.928)
    Top-10 eigenvalues:
      λ_  0 = 7.261239e-4
      λ_  1 = 6.885614e-4
      λ_  2 = 6.695925e-4
      λ_  3 = 6.054328e-4
      λ_  4 = 5.952421e-4
      λ_  5 = 5.952379e-4
      λ_  6 = 5.952370e-4
      λ_  7 = 5.863435e-4
      λ_  8 = 5.743998e-4
      λ_  9 = 5.208060e-4

  ── G^(3), dim=24 ──────────────────────────────
  [2m▸ Building Dark Gram matrix: order n=3, dim=24×24...[0m
  [32m✓[0m Dark Gram G^(3) built: 24×24 (0.00s)
    Trace     = 1.428571e-2
    Frobenius = 2.938237e-3
    Diag      = [5.952381e-4, 5.952381e-4]
    Eigen     = 24×24 (0.00s)
    λ_max     = 7.498800e-4
    λ_min     = 4.663426e-4
    ⟨r⟩       = 0.2848 → Poisson
    κ         = 1.608e0
    Eff. rank = 23.8
    Decay     = exponential (R²=0.965)
    Top-10 eigenvalues:
      λ_  0 = 7.498800e-4
      λ_  1 = 7.103429e-4
      λ_  2 = 7.060440e-4
      λ_  3 = 6.736545e-4
      λ_  4 = 6.696452e-4
      λ_  5 = 6.682739e-4
      λ_  6 = 6.380828e-4
      λ_  7 = 6.216481e-4
      λ_  8 = 6.058320e-4
      λ_  9 = 5.952382e-4

  ── G^(3), dim=60 ──────────────────────────────
  [2m▸ Building Dark Gram matrix: order n=3, dim=60×60...[0m
  [32m✓[0m Dark Gram G^(3) built: 60×60 (0.00s)
    Trace     = 3.571429e-2
    Frobenius = 4.647743e-3
    Diag      = [5.952381e-4, 5.952381e-4]
    Eigen     = 60×60 (0.00s)
    λ_max     = 7.661127e-4
    λ_min     = 4.571940e-4
    ⟨r⟩       = 0.2881 → Poisson
    κ         = 1.676e0
    Eff. rank = 59.5
    Decay     = exponential (R²=0.948)
    Top-10 eigenvalues:
      λ_  0 = 7.661127e-4
      λ_  1 = 7.412938e-4
      λ_  2 = 7.307671e-4
      λ_  3 = 7.295130e-4
      λ_  4 = 7.069253e-4
      λ_  5 = 7.068459e-4
      λ_  6 = 7.017009e-4
      λ_  7 = 6.906106e-4
      λ_  8 = 6.755277e-4
      λ_  9 = 6.736282e-4

  ── G^(3), dim=120 ──────────────────────────────
  [2m▸ Building Dark Gram matrix: order n=3, dim=120×120...[0m
  [32m✓[0m Dark Gram G^(3) built: 120×120 (0.00s)
    Trace     = 7.142857e-2
    Frobenius = 6.573836e-3
    Diag      = [5.952381e-4, 5.952381e-4]
    Eigen     = 120×120 (0.00s)
    λ_max     = 7.776827e-4
    λ_min     = 4.509291e-4
    ⟨r⟩       = 0.2828 → Poisson
    κ         = 1.725e0
    Eff. rank = 119.0
    Decay     = exponential (R²=0.958)
    Top-10 eigenvalues:
      λ_  0 = 7.776827e-4
      λ_  1 = 7.576554e-4
      λ_  2 = 7.481061e-4
      λ_  3 = 7.462423e-4
      λ_  4 = 7.309013e-4
      λ_  5 = 7.306697e-4
      λ_  6 = 7.181166e-4
      λ_  7 = 7.161672e-4
      λ_  8 = 7.161587e-4
      λ_  9 = 7.106774e-4

  ── G^(3), dim=240 ──────────────────────────────
  [2m▸ Building Dark Gram matrix: order n=3, dim=240×240...[0m
  [32m✓[0m Dark Gram G^(3) built: 240×240 (0.01s)
    Trace     = 1.428571e-1
    Frobenius = 9.297469e-3
    Diag      = [5.952381e-4, 5.952381e-4]
    Eigen     = 240×240 (0.01s)
    λ_max     = 7.864037e-4
    λ_min     = 4.464017e-4
    ⟨r⟩       = 0.2276 → Poisson
    κ         = 1.762e0
    Eff. rank = 238.0
    Decay     = exponential (R²=0.938)
    Top-10 eigenvalues:
      λ_  0 = 7.864037e-4
      λ_  1 = 7.691511e-4
      λ_  2 = 7.615550e-4
      λ_  3 = 7.581929e-4
      λ_  4 = 7.496588e-4
      λ_  5 = 7.493484e-4
      λ_  6 = 7.419174e-4
      λ_  7 = 7.418977e-4
      λ_  8 = 7.319778e-4
      λ_  9 = 7.308990e-4

  ── G^(3), dim=360 ──────────────────────────────
  [2m▸ Building Dark Gram matrix: order n=3, dim=360×360...[0m
  [32m✓[0m Dark Gram G^(3) built: 360×360 (0.02s)
    Trace     = 2.142857e-1
    Frobenius = 1.138730e-2
    Diag      = [5.952381e-4, 5.952381e-4]
    Eigen     = 360×360 (0.02s)
    λ_max     = 7.901114e-4
    λ_min     = 4.444750e-4
    ⟨r⟩       = 0.2470 → Poisson
    κ         = 1.778e0
    Eff. rank = 357.0
    Decay     = power (R²=0.958)
    Top-10 eigenvalues:
      λ_  0 = 7.901114e-4
      λ_  1 = 7.738898e-4
      λ_  2 = 7.703968e-4
      λ_  3 = 7.622567e-4
      λ_  4 = 7.615017e-4
      λ_  5 = 7.586940e-4
      λ_  6 = 7.496581e-4
      λ_  7 = 7.493482e-4
      λ_  8 = 7.422040e-4
      λ_  9 = 7.419620e-4

  ── G^(3), dim=720 ──────────────────────────────
  [2m▸ Building Dark Gram matrix: order n=3, dim=720×720...[0m
  [32m✓[0m Dark Gram G^(3) built: 720×720 (0.09s)
    Trace     = 4.285714e-1
    Frobenius = 1.610445e-2
    Diag      = [5.952381e-4, 5.952381e-4]
    Eigen     = 720×720 (0.17s)
    λ_max     = 7.962200e-4
    λ_min     = 4.414624e-4
    ⟨r⟩       = 0.2485 → Poisson
    κ         = 1.804e0
    Eff. rank = 714.0
    Decay     = power (R²=0.955)
    Top-10 eigenvalues:
      λ_  0 = 7.962200e-4
      λ_  1 = 7.819238e-4
      λ_  2 = 7.793181e-4
      λ_  3 = 7.723611e-4
      λ_  4 = 7.711027e-4
      λ_  5 = 7.707751e-4
      λ_  6 = 7.645660e-4
      λ_  7 = 7.642725e-4
      λ_  8 = 7.589129e-4
      λ_  9 = 7.586522e-4

  ── G^(3), dim=1000 ──────────────────────────────
  [2m▸ Building Dark Gram matrix: order n=3, dim=1000×1000...[0m
  [32m✓[0m Dark Gram G^(3) built: 1000×1000 (0.18s)
    Trace     = 5.952381e-1
    Frobenius = 1.897940e-2
    Diag      = [5.952381e-4, 5.952381e-4]
    Eigen     = 1000×1000 (0.45s)
    λ_max     = 7.984978e-4
    λ_min     = 4.404356e-4
    ⟨r⟩       = 0.2259 → Poisson
    κ         = 1.813e0
    Eff. rank = 991.7
    Decay     = power (R²=0.962)
    Top-10 eigenvalues:
      λ_  0 = 7.984978e-4
      λ_  1 = 7.845844e-4
      λ_  2 = 7.811086e-4
      λ_  3 = 7.759582e-4
      λ_  4 = 7.755841e-4
      λ_  5 = 7.748169e-4
      λ_  6 = 7.708136e-4
      λ_  7 = 7.705181e-4
      λ_  8 = 7.645660e-4
      λ_  9 = 7.636101e-4

  ── G^(3), dim=2520 ──────────────────────────────
  [2m▸ Building Dark Gram matrix: order n=3, dim=2520×2520...[0m
  [32m✓[0m Dark Gram G^(3) built: 2520×2520 (1.44s)
    Trace     = 1.500000e0
    Frobenius = 3.012918e-2
    Diag      = [5.952381e-4, 5.952381e-4]
    Eigen     = 2520×2520 (7.54s)
    λ_max     = 8.040878e-4
    λ_min     = 4.377472e-4
    ⟨r⟩       = 0.2509 → Poisson
    κ         = 1.837e0
    Eff. rank = 2499.1
    Decay     = power (R²=0.961)
    Top-10 eigenvalues:
      λ_  0 = 8.040878e-4
      λ_  1 = 7.917756e-4
      λ_  2 = 7.911808e-4
      λ_  3 = 7.876971e-4
      λ_  4 = 7.866801e-4
      λ_  5 = 7.841094e-4
      λ_  6 = 7.827003e-4
      λ_  7 = 7.812270e-4
      λ_  8 = 7.801739e-4
      λ_  9 = 7.776180e-4

  ── G^(4), dim=12 ──────────────────────────────
  [2m▸ Building Dark Gram matrix: order n=4, dim=12×12...[0m
  [32m✓[0m Dark Gram G^(4) built: 12×12 (0.00s)
    Trace     = 2.857143e-3
    Frobenius = 8.261613e-4
    Diag      = [2.380952e-4, 2.380952e-4]
    Eigen     = 12×12 (0.00s)
    λ_max     = 2.620685e-4
    λ_min     = 2.155264e-4
    ⟨r⟩       = 0.3504 → Poisson
    κ         = 1.216e0
    Eff. rank = 12.0
    Decay     = exponential (R²=0.913)
    Top-10 eigenvalues:
      λ_  0 = 2.620685e-4
      λ_  1 = 2.574901e-4
      λ_  2 = 2.529755e-4
      λ_  3 = 2.396933e-4
      λ_  4 = 2.380953e-4
      λ_  5 = 2.380952e-4
      λ_  6 = 2.380952e-4
      λ_  7 = 2.371841e-4
      λ_  8 = 2.355097e-4
      λ_  9 = 2.232138e-4

  ── G^(4), dim=24 ──────────────────────────────
  [2m▸ Building Dark Gram matrix: order n=4, dim=24×24...[0m
  [32m✓[0m Dark Gram G^(4) built: 24×24 (0.00s)
    Trace     = 5.714286e-3
    Frobenius = 1.168566e-3
    Diag      = [2.380952e-4, 2.380952e-4]
    Eigen     = 24×24 (0.00s)
    λ_max     = 2.659701e-4
    λ_min     = 2.124643e-4
    ⟨r⟩       = 0.1704 → Poisson
    κ         = 1.252e0
    Eff. rank = 24.0
    Decay     = exponential (R²=0.965)
    Top-10 eigenvalues:
      λ_  0 = 2.659701e-4
      λ_  1 = 2.609090e-4
      λ_  2 = 2.597165e-4
      λ_  3 = 2.533001e-4
      λ_  4 = 2.530490e-4
      λ_  5 = 2.529762e-4
      λ_  6 = 2.472041e-4
      λ_  7 = 2.451298e-4
      λ_  8 = 2.397311e-4
      λ_  9 = 2.380952e-4

  ── G^(4), dim=60 ──────────────────────────────
  [2m▸ Building Dark Gram matrix: order n=4, dim=60×60...[0m
  [32m✓[0m Dark Gram G^(4) built: 60×60 (0.00s)
    Trace     = 1.428571e-2
    Frobenius = 1.847853e-3
    Diag      = [2.380952e-4, 2.380952e-4]
    Eigen     = 60×60 (0.00s)
    λ_max     = 2.683816e-4
    λ_min     = 2.106583e-4
    ⟨r⟩       = 0.1836 → Poisson
    κ         = 1.274e0
    Eff. rank = 59.9
    Decay     = exponential (R²=0.938)
    Top-10 eigenvalues:
      λ_  0 = 2.683816e-4
      λ_  1 = 2.647725e-4
      λ_  2 = 2.635434e-4
      λ_  3 = 2.634537e-4
      λ_  4 = 2.597350e-4
      λ_  5 = 2.597329e-4
      λ_  6 = 2.595229e-4
      λ_  7 = 2.580878e-4
      λ_  8 = 2.539661e-4
      λ_  9 = 2.532996e-4

  ── G^(4), dim=120 ──────────────────────────────
  [2m▸ Building Dark Gram matrix: order n=4, dim=120×120...[0m
  [32m✓[0m Dark Gram G^(4) built: 120×120 (0.00s)
    Trace     = 2.857143e-2
    Frobenius = 2.613348e-3
    Diag      = [2.380952e-4, 2.380952e-4]
    Eigen     = 120×120 (0.00s)
    λ_max     = 2.700281e-4
    λ_min     = 2.094516e-4
    ⟨r⟩       = 0.2624 → Poisson
    κ         = 1.289e0
    Eff. rank = 119.8
    Decay     = exponential (R²=0.952)
    Top-10 eigenvalues:
      λ_  0 = 2.700281e-4
      λ_  1 = 2.673739e-4
      λ_  2 = 2.660975e-4
      λ_  3 = 2.657964e-4
      λ_  4 = 2.635379e-4
      λ_  5 = 2.635308e-4
      λ_  6 = 2.624084e-4
      λ_  7 = 2.612581e-4
      λ_  8 = 2.606065e-4
      λ_  9 = 2.606063e-4

  ── G^(4), dim=240 ──────────────────────────────
  [2m▸ Building Dark Gram matrix: order n=4, dim=240×240...[0m
  [32m✓[0m Dark Gram G^(4) built: 240×240 (0.00s)
    Trace     = 5.714286e-2
    Frobenius = 3.695894e-3
    Diag      = [2.380952e-4, 2.380952e-4]
    Eigen     = 240×240 (0.01s)
    λ_max     = 2.712317e-4
    λ_min     = 2.085823e-4
    ⟨r⟩       = 0.2445 → Poisson
    κ         = 1.300e0
    Eff. rank = 239.5
    Decay     = exponential (R²=0.945)
    Top-10 eigenvalues:
      λ_  0 = 2.712317e-4
      λ_  1 = 2.691245e-4
      λ_  2 = 2.680105e-4
      λ_  3 = 2.676120e-4
      λ_  4 = 2.661821e-4
      λ_  5 = 2.661702e-4
      λ_  6 = 2.647897e-4
      λ_  7 = 2.647893e-4
      λ_  8 = 2.641754e-4
      λ_  9 = 2.636514e-4

  ── G^(4), dim=360 ──────────────────────────────
  [2m▸ Building Dark Gram matrix: order n=4, dim=360×360...[0m
  [32m✓[0m Dark Gram G^(4) built: 360×360 (0.01s)
    Trace     = 8.571429e-2
    Frobenius = 4.526553e-3
    Diag      = [2.380952e-4, 2.380952e-4]
    Eigen     = 360×360 (0.02s)
    λ_max     = 2.717131e-4
    λ_min     = 2.082344e-4
    ⟨r⟩       = 0.2795 → Poisson
    κ         = 1.305e0
    Eff. rank = 359.3
    Decay     = power (R²=0.959)
    Top-10 eigenvalues:
      λ_  0 = 2.717131e-4
      λ_  1 = 2.697515e-4
      λ_  2 = 2.691736e-4
      λ_  3 = 2.682070e-4
      λ_  4 = 2.680090e-4
      λ_  5 = 2.674095e-4
      λ_  6 = 2.661821e-4
      λ_  7 = 2.661702e-4
      λ_  8 = 2.654783e-4
      λ_  9 = 2.650185e-4

  ── G^(4), dim=720 ──────────────────────────────
  [2m▸ Building Dark Gram matrix: order n=4, dim=720×720...[0m
  [32m✓[0m Dark Gram G^(4) built: 720×720 (0.03s)
    Trace     = 1.714286e-1
    Frobenius = 6.401549e-3
    Diag      = [2.380952e-4, 2.380952e-4]
    Eigen     = 720×720 (0.17s)
    λ_max     = 2.725212e-4
    λ_min     = 2.076649e-4
    ⟨r⟩       = 0.2292 → Poisson
    κ         = 1.312e0
    Eff. rank = 718.6
    Decay     = power (R²=0.944)
    Top-10 eigenvalues:
      λ_  0 = 2.725212e-4
      λ_  1 = 2.709205e-4
      λ_  2 = 2.704475e-4
      λ_  3 = 2.694814e-4
      λ_  4 = 2.693850e-4
      λ_  5 = 2.691889e-4
      λ_  6 = 2.682387e-4
      λ_  7 = 2.682258e-4
      λ_  8 = 2.674148e-4
      λ_  9 = 2.674080e-4

  ── G^(4), dim=1000 ──────────────────────────────
  [2m▸ Building Dark Gram matrix: order n=4, dim=1000×1000...[0m
  [32m✓[0m Dark Gram G^(4) built: 1000×1000 (0.05s)
    Trace     = 2.380952e-1
    Frobenius = 7.544310e-3
    Diag      = [2.380952e-4, 2.380952e-4]
    Eigen     = 1000×1000 (0.44s)
    λ_max     = 2.728473e-4
    λ_min     = 2.074402e-4
    ⟨r⟩       = 0.2313 → Poisson
    κ         = 1.315e0
    Eff. rank = 998.0
    Decay     = power (R²=0.964)
    Top-10 eigenvalues:
      λ_  0 = 2.728473e-4
      λ_  1 = 2.713329e-4
      λ_  2 = 2.706468e-4
      λ_  3 = 2.699563e-4
      λ_  4 = 2.698260e-4
      λ_  5 = 2.698121e-4
      λ_  6 = 2.691895e-4
      λ_  7 = 2.691753e-4
      λ_  8 = 2.682387e-4
      λ_  9 = 2.682132e-4

  ── G^(4), dim=2520 ──────────────────────────────
  [2m▸ Building Dark Gram matrix: order n=4, dim=2520×2520...[0m
  [32m✓[0m Dark Gram G^(4) built: 2520×2520 (0.34s)
    Trace     = 6.000000e-1
    Frobenius = 1.197625e-2
    Diag      = [2.380952e-4, 2.380952e-4]
    Eigen     = 2520×2520 (7.10s)
    λ_max     = 2.735723e-4
    λ_min     = 2.069432e-4
    ⟨r⟩       = 0.2215 → Poisson
    κ         = 1.322e0
    Eff. rank = 2515.0
    Decay     = power (R²=0.957)
    Top-10 eigenvalues:
      λ_  0 = 2.735723e-4
      λ_  1 = 2.722225e-4
      λ_  2 = 2.719408e-4
      λ_  3 = 2.715046e-4
      λ_  4 = 2.714185e-4
      λ_  5 = 2.710062e-4
      λ_  6 = 2.708932e-4
      λ_  7 = 2.706484e-4
      λ_  8 = 2.704953e-4
      λ_  9 = 2.703818e-4


═══════════════════════════════════════════════════════════════
  🪞 Dark Gram Spectroscopy complete (26.0s)
═══════════════════════════════════════════════════════════════
