warning: profiles for the non root package will be ignored, specify profiles at the workspace root:
package:   /Users/jrgochan/code/github.com/jrgochan/prime/experiments/overcancellation-scan/Cargo.toml
workspace: /Users/jrgochan/code/github.com/jrgochan/prime/Cargo.toml
warning: unused variable: `diagonal`
  --> experiments/overcancellation-scan/src/bin/pomegranate_seeds.rs:85:9
   |
85 |     let diagonal: f64 = active.iter()
   |         ^^^^^^^^ help: if this is intentional, prefix it with an underscore: `_diagonal`
   |
   = note: `#[warn(unused_variables)]` (part of `#[warn(unused)]`) on by default

warning: `overcancellation-scan` (bin "pomegranate-seeds") generated 1 warning (run `cargo fix --bin "pomegranate-seeds" -p overcancellation-scan` to apply 1 suggestion)
    Finished `release` profile [optimized] target(s) in 0.07s
     Running `target/release/pomegranate-seeds 50000`
╔══════════════════════════════════════════════╗
║  POMEGRANATE SEEDS — Scaling Constants       ║
║  N_max =    50000                            ║
╚══════════════════════════════════════════════╝
  Sieved μ(n) in 0.00s
  C_Δ(theory) = 2π-3 = 3.283185
  D'          = 5/2  = 2.500000

       N       vtRv        C_R       vtGv       vtΔv        C_Δ          D   D'ok     time
------------------------------------------------------------------------------------------
     100  0.1551823   0.714641  0.4439016  0.2887193   3.275569   2.560928      ✅     0.0s
     200  0.2311906   1.224921  0.5053110  0.2741204   3.845940   2.621019      ✅     0.0s
     300  0.2962847   1.689943  0.5341454  0.2378607   4.347077   2.657134      ✅     0.0s
     400  0.3568636   2.138136  0.5517536  0.1948900   4.823788   2.685652      ✅     0.0s
     500  0.4131274   2.567425  0.5666334  0.1535060   5.260629   2.693204      ✅     0.0s
     600  0.4667988   2.986079  0.5755340  0.1087352   5.701358   2.715279      ✅     0.0s
     700  0.5182763   3.395270  0.5852201  0.0669438   6.112526   2.717256      ✅     0.1s
     800  0.5682071   3.798244  0.5925006  0.0242936   6.522219   2.723975      ✅     0.1s
     900  0.6168161   4.195827  0.5982340 -0.0185821   6.928797   2.732971      ✅     0.1s
    1000  0.6640972   4.587421  0.6027977 -0.0612995   7.331197   2.743776      ✅     0.2s
    2000  1.0926513   8.305136  0.6355092 -0.4571421  11.075595   2.770459      ✅     1.1s
    3000  1.4750968  11.810167  0.6521349 -0.8229619  14.595303   2.785136      ✅     3.8s
    4000  1.8308548  15.185201  0.6621319 -1.1687229  17.987496   2.802295      ✅     9.1s
    5000  2.1690808  18.474480  0.6702412 -1.4988396  21.283099   2.808619      ✅    18.3s
    6000  2.4943012  21.699210  0.6761552 -1.8181461  24.516503   2.817293      ✅    33.8s
    7000  2.8088696  24.868792  0.6816425 -2.1272271  27.687422   2.818631      ✅    51.7s
    8000  3.1146754  27.992201  0.6858935 -2.4287819  30.815138   2.822937      ✅    74.7s
    9000  3.4132132  31.077237  0.6891183 -2.7240948  33.907809   2.830571      ✅   106.3s
   10000  3.7055341  34.129230  0.6925464 -3.0129877  36.960982   2.831752      ✅   153.1s
   15000  5.0978175  49.019622  0.7042012 -4.3936163  51.863965   2.844343      ✅   509.0s
   20000  6.4060830  63.442563  0.7121665 -5.6939165  66.293119   2.850555      ✅  1196.7s
   25000  7.6575612  77.545297  0.7180094 -6.9395518  80.400912   2.855615      ✅  2311.1s
   30000  8.8660726  91.399923  0.7225713 -8.1435013  94.259922   2.859999      ✅  4237.4s
   35000 10.0406105 105.055945  0.7261475 -9.3144630 107.921292   2.865347      ✅  6934.5s
   40000 11.1873049 118.547784  0.7293983 -10.4579066 121.415251   2.867467      ✅  9231.7s
   45000 12.3099575 131.894027  0.7322500 -11.5777074 134.762812   2.868785      ✅ 13058.0s
   50000 13.4118904 145.113680  0.7344689 -12.6774215 147.986668   2.872988      ✅ 19018.2s

🍎🍍🏔️💜
