Precomputing μ(n) for n ≤ 50001...
  Done in 0.0s. 30401 squarefree numbers.
  Loaded 9998 vtGv values from TSV.

POMEGRANATE OVERNIGHT: 20 points, N up to 50000
Output: experiments/overcancellation-scan/results/pomegranate_overnight.tsv

       N       vtRv        C_R     vtGv        C_D          D  D'<=5/2     time
----------------------------------------------------------------------------
    1000  0.0515140   0.355846   0.6028   3.099623   2.743776        ✅     0.1s
    2000  0.0513661   0.390428   0.6355   3.160888   2.770459        ✅     0.3s
    3000  0.0512966   0.410699   0.6521   3.195836   2.785136        ✅     0.4s
    4000  0.0512533   0.425098   0.6621   3.227392   2.802295        ✅     0.7s
    5000  0.0512227   0.436274   0.6702   3.244893   2.808619        ✅     1.0s
    6000  0.0511994   0.445410   0.6762   3.262703   2.817293        ✅     1.5s
    7000  0.0511809   0.453138   0.6816   3.271769   2.818631        ✅     2.0s
    8000  0.0511655   0.459835   0.6859   3.282771   2.822937        ✅     2.7s
    9000  0.0511526   0.465743   0.6891   3.296314   2.830571        ✅     3.4s
   10000  0.0511414   0.471030   0.6925   3.302782   2.831752        ✅     4.2s
   12500  0.0511189   0.482230      nan        nan        nan      N/A     6.7s
   15000  0.0511017   0.491384      nan        nan        nan      N/A     9.5s
   17500  0.0510879   0.499127      nan        nan        nan      N/A    13.1s
   20000  0.0510765   0.505835      nan        nan        nan      N/A    17.4s
   25000  0.0510584   0.517049      nan        nan        nan      N/A    26.6s
   30000  0.0510444   0.526214      nan        nan        nan      N/A    38.4s
   35000  0.0510332   0.533966      nan        nan        nan      N/A    52.4s
   40000  0.0510239   0.540681      nan        nan        nan      N/A    68.8s
   45000  0.0510159   0.546606      nan        nan        nan      N/A    88.5s
   50000  0.0510090   0.551906      nan        nan        nan      N/A   137.0s

════════════════════════════════════════════════════════════
  POMEGRANATE OVERNIGHT — ANALYSIS
════════════════════════════════════════════════════════════

  2π - 3     = 3.28318531
  (2π-3)/7   = 0.46902647
  ln(π/2)    = 0.45158271
  6(2π-3)/7  = 2.81415883
  5/2        = 2.50000000

🍎🍍🏔️💜
