warning: profiles for the non root package will be ignored, specify profiles at the workspace root:
package:   /Users/jrgochan/code/github.com/jrgochan/prime/experiments/algebraic/quaternion-rh/Cargo.toml
workspace: /Users/jrgochan/code/github.com/jrgochan/prime/Cargo.toml
warning: profiles for the non root package will be ignored, specify profiles at the workspace root:
package:   /Users/jrgochan/code/github.com/jrgochan/prime/experiments/covariance-probe/Cargo.toml
workspace: /Users/jrgochan/code/github.com/jrgochan/prime/Cargo.toml
warning: profiles for the non root package will be ignored, specify profiles at the workspace root:
package:   /Users/jrgochan/code/github.com/jrgochan/prime/experiments/spectral-analyzer/Cargo.toml
workspace: /Users/jrgochan/code/github.com/jrgochan/prime/Cargo.toml
warning: profiles for the non root package will be ignored, specify profiles at the workspace root:
package:   /Users/jrgochan/code/github.com/jrgochan/prime/experiments/spectral/g2-spectral/Cargo.toml
workspace: /Users/jrgochan/code/github.com/jrgochan/prime/Cargo.toml
warning: profiles for the non root package will be ignored, specify profiles at the workspace root:
package:   /Users/jrgochan/code/github.com/jrgochan/prime/experiments/spectral/lambda-eff/Cargo.toml
workspace: /Users/jrgochan/code/github.com/jrgochan/prime/Cargo.toml
warning: profiles for the non root package will be ignored, specify profiles at the workspace root:
package:   /Users/jrgochan/code/github.com/jrgochan/prime/experiments/spectral/rank1-interference/Cargo.toml
workspace: /Users/jrgochan/code/github.com/jrgochan/prime/Cargo.toml
warning: unused variable: `n`
  --> experiments/rotor-spectroscopy/src/weights.rs:51:28
   |
51 | pub fn residue_class_stats(n: usize, weights: &[f64]) -> ResidueStats {
   |                            ^ help: if this is intentional, prefix it with an underscore: `_n`
   |
   = note: `#[warn(unused_variables)]` (part of `#[warn(unused)]`) on by default

warning: constant `RED` is never used
 --> experiments/rotor-spectroscopy/src/fmt.rs:6:11
  |
6 | pub const RED: &str = "\x1b[31m";
  |           ^^^
  |
  = note: `#[warn(dead_code)]` (part of `#[warn(unused)]`) on by default

warning: field `total_energy` is never read
  --> experiments/rotor-spectroscopy/src/weights.rs:48:9
   |
44 | pub struct ResidueStats {
   |            ------------ field in this struct
...
48 |     pub total_energy: f64,
   |         ^^^^^^^^^^^^

warning: fields `n`, `t_max`, and `n_panels` are never read
   --> experiments/rotor-spectroscopy/src/spectral.rs:111:9
    |
110 | pub struct GallagherResult {
    |            --------------- fields in this struct
111 |     pub n: usize,
    |         ^
...
115 |     pub t_max: f64,
    |         ^^^^^
116 |     pub n_panels: usize,
    |         ^^^^^^^^

warning: fields `n` and `min_gap_mpfr` are never read
   --> experiments/rotor-spectroscopy/src/spectral.rs:152:9
    |
151 | pub struct DispersionResult {
    |            ---------------- fields in this struct
152 |     pub n: usize,
    |         ^
153 |     pub min_gap: f64,
154 |     pub min_gap_mpfr: f64,        // 512-bit verification
    |         ^^^^^^^^^^^^

warning: function `spectral_profile` is never used
   --> experiments/rotor-spectroscopy/src/spectral.rs:198:8
    |
198 | pub fn spectral_profile(weights: &[f64], t_values: &[f64]) -> Vec<(f64, f64, [f64; 4])> {
    |        ^^^^^^^^^^^^^^^^

warning: function `channel_dirichlet_norm_sq_f64` is never used
   --> experiments/rotor-spectroscopy/src/spectral.rs:211:4
    |
211 | fn channel_dirichlet_norm_sq_f64(weights: &[f64], chi_table: &[i8; 8], t: f64) -> f64 {
    |    ^^^^^^^^^^^^^^^^^^^^^^^^^^^^^

warning: `rotor-spectroscopy` (bin "rotor-spectroscopy") generated 7 warnings (run `cargo fix --bin "rotor-spectroscopy" -p rotor-spectroscopy` to apply 1 suggestion)
    Finished `release` profile [optimized] target(s) in 0.02s
     Running `/Users/jrgochan/code/github.com/jrgochan/prime/target/release/rotor-spectroscopy 100000`

  [1m[36m╔═══════════════════════════════════════════════════════════════════════╗[0m
  [1m[36m║[0m  [1m[37mCATHEDRAL ROTOR SPECTROSCOPY[0m
  [1m[36m║[0m  [2mStained Glass Rotors · mod-8 character partition · max N = 100000[0m
  [1m[36m║[0m  [2m512-bit MPFR · 12 threads · 2026-04-27 21:19:47[0m
  [1m[36m╚═══════════════════════════════════════════════════════════════════════╝[0m

  [2m▸ Sieving μ(k) for k ≤ 100000...[0m
  [32m✓[0m Sieve complete (60794 squarefree out of 100000)

  [1m[37m═══ §A. SIEVE VALIDATION ═══[0m

    [2m     k │ μ(k) │ expected │ ok[0m
        1 │    1 │        1 │ [32m✓[0m
        2 │   -1 │       -1 │ [32m✓[0m
        3 │   -1 │       -1 │ [32m✓[0m
        4 │    0 │        0 │ [32m✓[0m
        5 │   -1 │       -1 │ [32m✓[0m
        6 │    1 │        1 │ [32m✓[0m
        7 │   -1 │       -1 │ [32m✓[0m
        8 │    0 │        0 │ [32m✓[0m
       12 │    0 │        0 │ [32m✓[0m
       30 │   -1 │       -1 │ [32m✓[0m

    [32m✓[0m Sieve validated at 10 test points

  [1m[37m═══ §B. CHARACTER TABLE — Dirichlet characters mod 8 ═══[0m

    [2mk mod 8 │  χ₁  │  χ₂  │  χ₃  │  χ₄[0m
          0 │    0 │    0 │    0 │    0
          1 │    1 │    1 │    1 │    1
          2 │    0 │    0 │    0 │    0
          3 │    1 │    1 │   -1 │   -1
          4 │    0 │    0 │    0 │    0
          5 │    1 │   -1 │    1 │   -1
          6 │    0 │    0 │    0 │    0
          7 │    1 │   -1 │   -1 │    1

    [2mOrthogonality Σ χ_i(k)·χ_j(k):[0m
    [2m  i │ j │ sum │ expected │ ok[0m
      0 │ 0 │   4 │        4 │ [32m✓[0m
      0 │ 1 │   0 │        0 │ [32m✓[0m
      0 │ 2 │   0 │        0 │ [32m✓[0m
      0 │ 3 │   0 │        0 │ [32m✓[0m
      1 │ 0 │   0 │        0 │ [32m✓[0m
      1 │ 1 │   4 │        4 │ [32m✓[0m
      1 │ 2 │   0 │        0 │ [32m✓[0m
      1 │ 3 │   0 │        0 │ [32m✓[0m
      2 │ 0 │   0 │        0 │ [32m✓[0m
      2 │ 1 │   0 │        0 │ [32m✓[0m
      2 │ 2 │   4 │        4 │ [32m✓[0m
      2 │ 3 │   0 │        0 │ [32m✓[0m
      3 │ 0 │   0 │        0 │ [32m✓[0m
      3 │ 1 │   0 │        0 │ [32m✓[0m
      3 │ 2 │   0 │        0 │ [32m✓[0m
      3 │ 3 │   4 │        4 │ [32m✓[0m

    [32m✓[0m Character orthogonality verified (16/16 entries)

  [1m[37m═══ §C. ENERGY PARTITION — (1/φ(8))·Σ E_i = Σ_{gcd(k,8)=1} |v_k|² ═══[0m
  [2m  Characters vanish on even k → partition acts on odd sector only[0m
  [2m  discrete_energy_partition (GallagherPartition.lean)[0m

    [2m     N │  total  │   odd   │  even  │  f(χ₁)  │  f(χ₂)  │  f(χ₃)  │  f(χ₄)  │ f64 err   │ 512-bit err[0m
       10 │    1.93 │    1.39 │   0.54 │  1.0000 │  1.0000 │  1.0000 │  1.0000 │ 0.0e0 │ 0.0e0 [32m✓[0m
       50 │    4.13 │    2.77 │   1.35 │  1.0000 │  1.0000 │  1.0000 │  1.0000 │ 1.6e-16 │ 0.0e0 [32m✓[0m
      100 │    6.00 │    4.00 │   2.00 │  1.0000 │  1.0000 │  1.0000 │  1.0000 │ 2.2e-16 │ 0.0e0 [32m✓[0m
      500 │   16.19 │   10.76 │   5.43 │  1.0000 │  1.0000 │  1.0000 │  1.0000 │ 5.0e-16 │ 0.0e0 [32m✓[0m
     1000 │   25.98 │   17.27 │   8.71 │  1.0000 │  1.0000 │  1.0000 │  1.0000 │ 2.1e-16 │ 0.0e0 [32m✓[0m
     2000 │   42.63 │   28.37 │  14.27 │  1.0000 │  1.0000 │  1.0000 │  1.0000 │ 0.0e0 │ 0.0e0 [32m✓[0m
     5000 │   84.39 │   56.19 │  28.20 │  1.0000 │  1.0000 │  1.0000 │  1.0000 │ 1.3e-16 │ 0.0e0 [32m✓[0m
    10000 │  143.95 │   95.89 │  48.05 │  1.0000 │  1.0000 │  1.0000 │  1.0000 │ 5.9e-16 │ 0.0e0 [32m✓[0m
    100000 │  917.99 │  611.90 │ 306.09 │  1.0000 │  1.0000 │  1.0000 │  1.0000 │ 1.5e-15 │ 0.0e0 [32m✓[0m

  [1m[37m═══ §D. RESIDUE CLASS DECOMPOSITION — v_k² by k mod 8 ═══[0m

    [2mN = 100000[0m
    [2mk mod 8 │   energy   │ count │ fraction[0m
          0 │     0.0000 │     0 │  0.0000  [2m (dark)[0m
          1 │   151.9749 │ 10126 │  0.1656  [2m (all channels)[0m
          2 │   152.5651 │ 10132 │  0.1662  [2m (dark)[0m
          3 │   152.9083 │ 10131 │  0.1666  [2m (odd prime)[0m
          4 │     0.0000 │     0 │  0.0000  [2m (dark)[0m
          5 │   153.3539 │ 10134 │  0.1671  [2m (odd prime)[0m
          6 │   153.5208 │ 10135 │  0.1672  [2m (dark)[0m
          7 │   153.6657 │ 10136 │  0.1674  [2m (odd prime)[0m

  [1m[37m═══ §E. SPECTRAL PROFILE — |D_N(1/2+it)|² per channel ═══[0m

    [2mN = 100000[0m
    [2m      t │  |D_N|²  │  ch1     │  ch2     │  ch3     │  ch4[0m
        5.0 │   1.7952 │   0.6640 │   0.2930 │   0.9482 │  13.8639
       10.0 │   0.4420 │   1.1500 │   0.8311 │   8.1015 │   0.4247
       15.0 │   2.4784 │   1.1195 │   1.0318 │   0.2159 │   3.7700
       20.0 │   0.8528 │   0.7657 │  13.1167 │   0.1506 │   0.1569
       25.0 │  22.1821 │  16.7216 │   0.4692 │   0.3670 │   0.2034
       30.0 │   4.4792 │   2.1998 │   3.5168 │   2.4186 │   4.1498
       35.0 │   0.1358 │   0.2479 │   4.1125 │   0.4992 │   4.3143
       40.0 │   0.8001 │   0.3003 │   0.1351 │   2.9468 │   4.9715
       45.0 │   0.1044 │   0.7522 │   0.1058 │   4.4647 │   1.8514
       50.0 │  13.5451 │   4.9964 │   1.1878 │   2.0269 │   3.0798
       55.0 │   0.1570 │   0.7014 │   1.7869 │   1.6971 │   0.3790
       60.0 │   3.2684 │   1.4074 │   0.2253 │   0.5416 │   0.1264
       65.0 │   7.8756 │   9.5398 │   2.9538 │   4.1600 │   0.1149
       70.0 │   1.4657 │   0.8145 │   1.2642 │   2.4766 │   1.3146
       75.0 │   0.4550 │   0.2874 │   1.2500 │   4.8083 │   4.6830

  [1m[37m═══ §F. GALLAGHER MVT — ∫|D_N|²·K_δ = Σ|v_k|² ═══[0m
  [2m  Completeness relation (GallagherMVT.lean)[0m

    [2m     N │   Σ|v_k|²  │  ∫|D|²·K_δ │ rel error[0m
       10 │     1.9258 │     0.6963  │ 6.3843e-1 [31m✗[0m (0ms)
       50 │     4.1253 │     0.9790  │ 7.6269e-1 [31m✗[0m (0ms)
      100 │     6.0023 │     1.0709  │ 8.2159e-1 [31m✗[0m (1ms)
      500 │    16.1866 │     0.6878  │ 9.5751e-1 [31m✗[0m (8ms)
     1000 │    25.9801 │     0.3737  │ 9.8561e-1 [31m✗[0m (16ms)
     2000 │    42.6331 │     0.1990  │ 9.9533e-1 [31m✗[0m (32ms)

  [1m[37m═══ §G. DISPERSION RELATION — min |λ_j-λ_k| ≥ 1/(N+1) ═══[0m
  [2m  log_frequencies_separated (FrequencySeparation.lean)[0m

    [2m     N │ min gap    │ 1/(N+1)    │ ratio  │ pair[0m
       10 │   0.105361 │   0.090909 │  1.159 │ (10,9) [32m✓[0m
       50 │   0.020203 │   0.019608 │  1.030 │ (50,49) [32m✓[0m
      100 │   0.010050 │   0.009901 │  1.015 │ (100,99) [32m✓[0m
      500 │   0.002002 │   0.001996 │  1.003 │ (500,499) [32m✓[0m
     1000 │   0.001001 │   0.000999 │  1.002 │ (1000,999) [32m✓[0m
     2000 │   0.000500 │   0.000500 │  1.001 │ (2000,1999) [32m✓[0m
     5000 │   0.000200 │   0.000200 │  1.000 │ (5000,4999) [32m✓[0m
    10000 │   0.000100 │   0.000100 │  1.000 │ (10000,9999) [32m✓[0m
    100000 │   0.000010 │   0.000010 │  1.000 │ (100000,99999) [32m✓[0m

  [1m[37m═══ §H. SCALING LAW — equipartition test ═══[0m
  [2m  Geometric frustration: does each channel carry ≈25% as N→∞?[0m

    χ₁ (principal) range (N≥100): [[35m1.000000[0m, [35m1.000000[0m]  latest=[33m1.000000[0m  [31m✗[0m
    χ₂ range (N≥100): [[35m1.000000[0m, [35m1.000000[0m]  latest=[33m1.000000[0m  [31m✗[0m
    χ₃ range (N≥100): [[35m1.000000[0m, [35m1.000000[0m]  latest=[33m1.000000[0m  [31m✗[0m
    χ₄ range (N≥100): [[35m1.000000[0m, [35m1.000000[0m]  latest=[33m1.000000[0m  [31m✗[0m

  [1m[36m╔═══════════════════════════════════════════════════════════════════════╗[0m
  [1m[36m║[0m  [1m[37mROTOR SPECTROSCOPY — CERTIFICATE[0m
  [1m[36m╠═══════════════════════════════════════════════════════════════════════╣[0m
  [1m[36m║[0m  Precision: [33m512-bit MPFR[0m    Threads: [33m12[0m    Max N: [33m100000[0m
  [1m[36m║[0m
  [1m[36m║[0m  [1m§A. Sieve[0m
  [1m[36m║[0m    [32m✓[0m μ(k) validated at 10 test points
  [1m[36m║[0m
  [1m[36m║[0m  [1m§B. Characters[0m
  [1m[36m║[0m    [32m✓[0m Orthogonality verified (16/16 entries)
  [1m[36m║[0m
  [1m[36m║[0m  [1m§C. Energy Partition[0m
  [1m[36m║[0m    [32m✓[0m (1/4)·Σ E_i = Σ|v_k|² for all N (err < 1e-12)
  [1m[36m║[0m
  [1m[36m║[0m  [1m§G. Dispersion[0m
  [1m[36m║[0m    [32m✓[0m min|λ_j-λ_k| ≥ 1/(N+1) for all N
  [1m[36m║[0m
  [1m[36m║[0m  [1mVERDICT[0m
  [1m[36m║[0m    [32m[1m✓ Stained Glass Rotors CONFIRMED[0m
  [1m[36m║[0m    [32m[1m✓ discrete_energy_partition numerically validated[0m
  [1m[36m║[0m    [32m[1m✓ log_frequencies_separated numerically validated[0m
  [1m[36m║[0m
  [1m[36m╚═══════════════════════════════════════════════════════════════════════╝[0m

  [1m[37mTotal:[0m [32m6.9s[0m (12 threads)
  [1m[37mOutput:[0m results/{energy_partition,residue_classes,spectral_profile,gallagher_mvt,dispersion_relation}.tsv
  [1m[37mCertificate:[0m results/certificate.json

