
[1mPANEL 1: QUADRATIC FORM DECOMPOSITION[0m
────────────────────────────────────────────────────────────────────────────────────────────────────
     N │          vᵀGv │           bᵀv │          vᵀCv │          d²_N │  vᵀCv·ln(N) │      Q(N)
───────┼───────────────┼───────────────┼───────────────┼───────────────┼─────────────┼───────────
    10 │    0.13638606 │    0.32527181 │    0.03058431 │    0.48584244 │    0.070423 │     3.459
    20 │    0.24699893 │    0.47407088 │    0.02225574 │    0.29885718 │    0.066672 │    10.098
    50 │    0.37254858 │    0.59732013 │    0.01575724 │    0.17790832 │    0.061643 │    22.643
   100 │    0.44390140 │    0.65633845 │    0.01312124 │    0.13122451 │    0.060426 │    32.831
   200 │    0.50531301 │    0.70310138 │    0.01096146 │    0.09911025 │    0.058077 │    45.099
   500 │    0.56663948 │    0.74674966 │    0.00900442 │    0.07314015 │    0.055959 │    61.929
  1000 │    0.60281233 │    0.77124082 │    0.00799992 │    0.06033068 │    0.055262 │    74.352
  2000 │    0.63553205 │    0.79269518 │    0.00716641 │    0.05014170 │    0.054471 │    87.682
  3000 │    0.65216224 │    0.80334282 │    0.00680255 │    0.04547659 │    0.054464 │    94.870
  5000 │    0.67027439 │    0.81484939 │    0.00629486 │    0.04057561 │    0.053615 │   105.480
  7500 │    0.68390361 │    0.82335488 │    0.00599035 │    0.03719384 │    0.053450 │   113.168
 10000 │    0.69258691 │    0.82872925 │    0.00579474 │    0.03512841 │    0.053372 │   118.520
 15000 │    0.70424522 │    0.83589615 │    0.00552284 │    0.03245292 │    0.053107 │   126.515
 20000 │    0.71221252 │    0.84074766 │    0.00535589 │    0.03071720 │    0.053042 │   131.977
 30000 │    0.72261898 │    0.84705466 │    0.00511738 │    0.02850966 │    0.052755 │   140.209
 40000 │    0.72944609 │    0.85116426 │    0.00496549 │    0.02711756 │    0.052617 │   145.903

[1mPANEL 2: EIGENVALUE SPECTRUM OF G[0m
────────────────────────────────────────────────────────────────────────────
     N │         λ_min │         λ_max │          κ(G) │   PR(v) │  eff_90 │ mode
───────┼───────────────┼───────────────┼───────────────┼─────────┼─────────┼──────
    10 │   9.156930e-3 │    1.77937724 │         194.3 │     4.7 │       5 │ full
    20 │   2.594993e-3 │    2.34601909 │         904.1 │     6.5 │       8 │ full
    50 │   4.348052e-4 │    3.05702539 │        7030.8 │    14.3 │      18 │ full
   100 │   1.202388e-4 │    3.54695314 │       29499.2 │    27.7 │      36 │ full
   200 │   3.125100e-5 │    3.99073328 │      127699.4 │    44.5 │      68 │ full
   500 │   5.472833e-6 │    4.50843265 │      823784.0 │    80.4 │     163 │ full
  1000 │   1.432429e-6 │    4.85208734 │     3387313.9 │   177.7 │     330 │ full
  2000 │   6.413279e-7 │    5.15884026 │     8043997.5 │   151.7 │     668 │ full
  3000 │   4.770858e-7 │    5.32279541 │    11156892.9 │   448.9 │    1070 │ full
  5000 │   5.238573e-7 │    5.51455234 │    10526821.6 │     n/a │     n/a │    L
  7500 │   4.429699e-7 │    5.65590743 │    12768152.4 │     n/a │     n/a │    L
 10000 │   5.066062e-7 │    5.75079120 │    11351600.3 │     n/a │     n/a │    L
 15000 │   4.986461e-7 │    5.87739685 │    11786710.3 │     n/a │     n/a │    L
 20000 │   5.307346e-7 │    5.96246103 │    11234354.4 │     n/a │     n/a │    L
 30000 │   5.658881e-7 │    6.07606104 │    10737213.2 │     n/a │     n/a │    L
 40000 │   5.902217e-7 │    6.15249778 │    10424044.9 │     n/a │     n/a │    L

[1mPANEL 3: SPECTRAL PROJECTION OF WITNESS[0m
────────────────────────────────────────────────────────────────────────
  [1mN = 10:[0m  (top 5 modes — full spectrum)
    Mode    4 (λ=   3.3595e-2):  28.01%  [2m██████████████[0m
    Mode    2 (λ=   1.5844e-2):  26.97%  [2m█████████████[0m
    Mode    6 (λ=   4.0237e-2):  21.46%  [2m███████████[0m
    Mode    5 (λ=   3.7650e-2):   9.71%  [2m█████[0m
    Mode    3 (λ=   2.7712e-2):   7.93%  [2m████[0m
  [1mN = 20:[0m  (top 5 modes — full spectrum)
    Mode   10 (λ=   2.0596e-2):  24.68%  [2m████████████[0m
    Mode    6 (λ=   7.0415e-3):  19.20%  [2m██████████[0m
    Mode   15 (λ=   3.9633e-2):  17.13%  [2m█████████[0m
    Mode   13 (λ=   3.2958e-2):  12.95%  [2m██████[0m
    Mode   14 (λ=   3.4841e-2):   8.31%  [2m████[0m
  [1mN = 50:[0m  (top 5 modes — full spectrum)
    Mode   33 (λ=   1.1080e-2):  12.67%  [2m██████[0m
    Mode   37 (λ=   2.1155e-2):  11.74%  [2m██████[0m
    Mode   43 (λ=   3.4285e-2):  10.18%  [2m█████[0m
    Mode   44 (λ=   3.9724e-2):   9.67%  [2m█████[0m
    Mode   25 (λ=   3.3720e-3):   6.79%  [2m███[0m
  [1mN = 100:[0m  (top 5 modes — full spectrum)
    Mode   92 (λ=   3.4061e-2):   8.17%  [2m████[0m
    Mode   94 (λ=   3.9942e-2):   6.83%  [2m███[0m
    Mode   73 (λ=   4.8053e-3):   6.78%  [2m███[0m
    Mode   85 (λ=   2.2010e-2):   4.73%  [2m██[0m
    Mode   61 (λ=   1.9641e-3):   4.69%  [2m██[0m
  [1mN = 200:[0m  (top 5 modes — full spectrum)
    Mode  158 (λ=   2.2695e-3):   6.20%  [2m███[0m
    Mode  182 (λ=   2.0487e-2):   4.80%  [2m██[0m
    Mode  193 (λ=   3.9764e-2):   4.25%  [2m██[0m
    Mode  191 (λ=   3.3568e-2):   3.99%  [2m██[0m
    Mode  173 (λ=   7.2502e-3):   3.78%  [2m██[0m
  [1mN = 500:[0m  (top 5 modes — full spectrum)
    Mode  430 (λ=   1.1662e-3):   5.57%  [2m███[0m
    Mode  422 (λ=   9.1892e-4):   3.57%  [2m██[0m
    Mode  431 (λ=   1.2473e-3):   2.81%  [2m█[0m
    Mode  479 (λ=   2.0705e-2):   2.51%  [2m█[0m
    Mode  491 (λ=   3.4376e-2):   2.08%  [2m█[0m
  [1mN = 1000:[0m  (top 5 modes — full spectrum)
    Mode  901 (λ=   7.2992e-4):   2.75%  [2m█[0m
    Mode  990 (λ=   3.4110e-2):   1.76%  [2m█[0m
    Mode  917 (λ=   1.0662e-3):   1.71%  [2m█[0m
    Mode  946 (λ=   3.1297e-3):   1.54%  [2m█[0m
    Mode  839 (λ=   2.5575e-4):   1.54%  [2m█[0m
  [1mN = 2000:[0m  (top 5 modes — full spectrum)
    Mode 1880 (λ=   6.3845e-4):   6.36%  [2m███[0m
    Mode 1814 (λ=   2.4243e-4):   1.59%  [2m█[0m
    Mode 1939 (λ=   2.8090e-3):   1.47%  [2m█[0m
    Mode 1989 (λ=   3.3795e-2):   0.96%  [2m[0m
    Mode 1887 (λ=   7.2169e-4):   0.88%  [2m[0m
  [1mN = 3000:[0m  (top 5 modes — full spectrum)
    Mode 2873 (λ=   6.5116e-4):   1.60%  [2m█[0m
    Mode 2823 (λ=   3.2149e-4):   1.18%  [2m█[0m
    Mode 2657 (λ=   7.2494e-5):   1.15%  [2m█[0m
    Mode 2818 (λ=   2.9870e-4):   1.03%  [2m█[0m
    Mode 2870 (λ=   6.1333e-4):   0.93%  [2m[0m
  [1mN = 5000:[0m  (top 5 modes — Lanczos bottom-k)
    Mode   13 (λ=   3.6900e-5):   0.31%  [2m[0m
    Mode   11 (λ=   2.6835e-5):   0.27%  [2m[0m
    Mode   19 (λ=   7.2569e-5):   0.25%  [2m[0m
    Mode    6 (λ=   9.3440e-6):   0.16%  [2m[0m
    Mode    8 (λ=   1.5220e-5):   0.15%  [2m[0m
  [1mN = 7500:[0m  (top 5 modes — Lanczos bottom-k)
    Mode   10 (λ=   2.6069e-5):   0.33%  [2m[0m
    Mode   19 (λ=   8.3918e-5):   0.14%  [2m[0m
    Mode    6 (λ=   1.0827e-5):   0.10%  [2m[0m
    Mode    1 (λ=   1.1407e-6):   0.07%  [2m[0m
    Mode   18 (λ=   7.7207e-5):   0.06%  [2m[0m
  [1mN = 10000:[0m  (top 5 modes — Lanczos bottom-k)
    Mode   17 (λ=   7.4331e-5):   0.39%  [2m[0m
    Mode   18 (λ=   8.3346e-5):   0.27%  [2m[0m
    Mode    8 (λ=   1.9496e-5):   0.12%  [2m[0m
    Mode    7 (λ=   1.5345e-5):   0.09%  [2m[0m
    Mode    6 (λ=   1.1703e-5):   0.06%  [2m[0m
  [1mN = 15000:[0m  (top 5 modes — Lanczos bottom-k)
    Mode    0 (λ=   4.9865e-7):   0.13%  [2m[0m
    Mode   14 (λ=   5.8863e-5):   0.12%  [2m[0m
    Mode    6 (λ=   1.3318e-5):   0.10%  [2m[0m
    Mode   16 (λ=   7.4206e-5):   0.07%  [2m[0m
    Mode   15 (λ=   6.6995e-5):   0.07%  [2m[0m
  [1mN = 20000:[0m  (top 5 modes — Lanczos bottom-k)
    Mode   15 (λ=   7.0712e-5):   0.19%  [2m[0m
    Mode   12 (λ=   4.6072e-5):   0.10%  [2m[0m
    Mode   19 (λ=   1.1168e-4):   0.07%  [2m[0m
    Mode    6 (λ=   1.4316e-5):   0.05%  [2m[0m
    Mode   18 (λ=   1.0077e-4):   0.05%  [2m[0m
  [1mN = 30000:[0m  (top 5 modes — Lanczos bottom-k)
    Mode   19 (λ=   1.1907e-4):   0.13%  [2m[0m
    Mode   13 (λ=   5.8918e-5):   0.09%  [2m[0m
    Mode    5 (λ=   1.1461e-5):   0.08%  [2m[0m
    Mode    7 (λ=   2.0218e-5):   0.04%  [2m[0m
    Mode   10 (λ=   3.6977e-5):   0.04%  [2m[0m
  [1mN = 40000:[0m  (top 5 modes — Lanczos bottom-k)
    Mode   19 (λ=   1.2864e-4):   0.05%  [2m[0m
    Mode   18 (λ=   1.1416e-4):   0.03%  [2m[0m
    Mode    2 (λ=   3.2173e-6):   0.02%  [2m[0m
    Mode   12 (λ=   5.3008e-5):   0.01%  [2m[0m
    Mode    3 (λ=   5.5280e-6):   0.01%  [2m[0m

[1mPANEL 4: PNT SUB-SUM VERIFICATION[0m
────────────────────────────────────────────────────────────────────────
     N │       S₁(N)→0 │      S₂(N)→-1 │     S₃(N)→-2γ │       |bᵀv-1| │   cos²(v,b)
───────┼───────────────┼───────────────┼───────────────┼───────────────┼─────────────
    10 │    0.09047619 │    0.21623265 │    0.51814919 │    0.67472819 │  0.03381746
    20 │   -0.05071585 │   -0.15165093 │   -0.45275122 │    0.52592912 │  0.04138007
    50 │   -0.02051017 │   -0.07984669 │   -0.31060403 │    0.40267987 │  0.03472561
   100 │    0.03113153 │    0.14233149 │    0.65049382 │    0.34366155 │  0.02654201
   200 │   -0.03076516 │   -0.16230073 │   -0.85606536 │    0.29689862 │  0.01925855
   500 │   -0.00852086 │   -0.05245416 │   -0.32282923 │    0.25325034 │  0.01164852
  1000 │    0.00441187 │    0.03006919 │    0.20488590 │    0.22875918 │  0.00761718
  2000 │    0.00331956 │    0.02542232 │    0.19466387 │    0.20730482 │  0.00485654
  3000 │   -0.00165965 │   -0.01296882 │   -0.10126195 │    0.19665718 │  0.00368677
  5000 │    0.00077822 │    0.00665814 │    0.05694823 │    0.18515061 │  0.00257445
  7500 │    0.00215398 │    0.01933423 │    0.17353571 │    0.17664512 │  0.00192296
 10000 │   -0.00208270 │   -0.01921004 │   -0.17716549 │    0.17127075 │  0.00155685
 15000 │   -0.00045806 │   -0.00448223 │   -0.04384250 │    0.16410385 │  0.00115099
 20000 │    0.00140031 │    0.01387547 │    0.13747444 │    0.15925234 │  0.00092638
 30000 │    0.00062245 │    0.00646494 │    0.06713576 │    0.15294534 │  0.00067932
 40000 │   -0.00020802 │   -0.00219971 │   -0.02325374 │    0.14883574 │  0.00054359

[1mPANEL 5: DECAY RATE FITTING[0m
────────────────────────────────────────────────────────────────────────
  [1mModel 1:[0m vᵀCv ≈ C / ln(N)^β
    C     = 0.080867
    β     = 1.189138  [33m~ Near RH prediction[0m
    R²    = 0.999426

  [1mModel 2:[0m Q(N) ≈ α · ln(N)^δ
    α     = 4.106131
    δ     = 0.371101  (deviation from β=1)
    R²    = 0.874101

  [1mModel 3:[0m vᵀCv · ln(N) → constant?
    mean  = 0.05683455
    CV    = 0.0912 (coefficient of variation)
    [33m~ Approaching stability[0m

  [1mObserved C_cov:[0m
    At N=40000: vᵀCv·ln(N) = 0.05261743
    Implies: witness_covariance_decay holds with C_cov ≈ 0.0789

[1m═══════════════════════════════════════════════════════════════[0m
[1m  CERTIFICATE: COVARIANCE DECAY EXPERIMENT[0m
═══════════════════════════════════════════════════════════════
  SHA-256: e211063bf790c778a2de02a834408ec8e2cbc58af9f0497cf329d0e49e1d0aeb
  Schedule: [10, 20, 50, 100, 200, 500, 1000, 2000, 3000, 5000, 7500, 10000, 15000, 20000, 30000, 40000]
  Elapsed: 998.2s
  Certificate: /Users/jrgochan/code/github.com/jrgochan/prime/experiments/covariance-decay/results/certificate.json
═══════════════════════════════════════════════════════════════
