
[1mPANEL 1: QUADRATIC FORM DECOMPOSITION[0m
────────────────────────────────────────────────────────────────────────────────────────────────────
     N │          vᵀGv │           bᵀv │          vᵀCv │          d²_N │  vᵀCv·ln(N) │      Q(N)
───────┼───────────────┼───────────────┼───────────────┼───────────────┼─────────────┼───────────
    10 │    0.13638611 │    0.32527181 │    0.03058436 │    0.48584249 │    0.070423 │     3.459
    20 │    0.24699898 │    0.47407088 │    0.02225578 │    0.29885722 │    0.066672 │    10.098
    50 │    0.37254858 │    0.59732013 │    0.01575724 │    0.17790832 │    0.061643 │    22.643
   100 │    0.44390129 │    0.65633845 │    0.01312113 │    0.13122439 │    0.060425 │    32.831
   200 │    0.50531243 │    0.70310138 │    0.01096087 │    0.09910966 │    0.058074 │    45.101
   500 │    0.56663910 │    0.74674966 │    0.00900404 │    0.07313978 │    0.055957 │    61.932
  1000 │    0.60281928 │    0.77124082 │    0.00800687 │    0.06033763 │    0.055310 │    74.288
  2000 │    0.63554324 │    0.79269518 │    0.00717759 │    0.05015288 │    0.054556 │    87.545
  3000 │    0.65216835 │    0.80334282 │    0.00680865 │    0.04548270 │    0.054513 │    94.785
  5000 │    0.67026890 │    0.81484939 │    0.00628937 │    0.04057011 │    0.053568 │   105.572
  7500 │    0.68388616 │    0.82335488 │    0.00597290 │    0.03717640 │    0.053294 │   113.498
 10000 │    0.69255961 │    0.82872925 │    0.00576743 │    0.03510110 │    0.053120 │   119.081
 15000 │    0.70420183 │    0.83589615 │    0.00547945 │    0.03240952 │    0.052689 │   127.517
 20000 │    0.71215579 │    0.84074766 │    0.00529916 │    0.03066047 │    0.052480 │   133.390
 30000 │    0.72254383 │    0.84705466 │    0.00504223 │    0.02843451 │    0.051980 │   142.298
 40000 │    0.72935965 │    0.85116426 │    0.00487904 │    0.02703112 │    0.051701 │   148.488

[1mPANEL 2: EIGENVALUE SPECTRUM OF G[0m
────────────────────────────────────────────────────────────────────────────
     N │         λ_min │         λ_max │          κ(G) │   PR(v) │  eff_90 │ mode
───────┼───────────────┼───────────────┼───────────────┼─────────┼─────────┼──────
    10 │   9.156937e-3 │    1.77937737 │         194.3 │     4.7 │       5 │ full
    20 │   2.595025e-3 │    2.34601932 │         904.0 │     6.5 │       8 │ full
    50 │   4.348054e-4 │    3.05702618 │        7030.8 │    14.3 │      18 │ full
   100 │   1.202886e-4 │    3.54695502 │       29487.0 │    27.7 │      36 │ full
   200 │   3.128139e-5 │    3.99073727 │      127575.4 │    44.6 │      68 │ full
   500 │   5.381933e-6 │    4.50844145 │      837699.3 │    80.2 │     158 │ full
  1000 │   4.661523e-7 │    4.85210113 │    10408833.0 │   171.1 │     322 │ full
  2000 │  -7.553902e-7 │    5.15886671 │    -6829406.2 │   147.5 │     672 │ full
  3000 │  -1.044580e-6 │    5.32282663 │    -5095664.4 │   453.4 │    1098 │ full
  5000 │  -8.872760e-7 │    5.51458760 │    -6215188.5 │     n/a │     n/a │    L
  7500 │  -9.889364e-7 │    5.65594466 │    -5719219.8 │     n/a │     n/a │    L
 10000 │  -9.433424e-7 │    5.75082931 │    -6096227.0 │     n/a │     n/a │    L
 15000 │  -9.702184e-7 │    5.87743554 │    -6057848.1 │     n/a │     n/a │    L
 20000 │  -9.341202e-7 │    5.96249990 │    -6383011.3 │     n/a │     n/a │    L
 30000 │  -8.784836e-7 │    6.07609905 │    -6916576.7 │     n/a │     n/a │    L
 40000 │  -7.729207e-7 │    6.15253511 │    -7960112.1 │     n/a │     n/a │    L

[1mPANEL 3: SPECTRAL PROJECTION OF WITNESS[0m
────────────────────────────────────────────────────────────────────────
  [1mN = 10:[0m  (top 5 modes — full spectrum)
    Mode    4 (λ=   3.3595e-2):  28.01%  [2m██████████████[0m
    Mode    2 (λ=   1.5844e-2):  26.97%  [2m█████████████[0m
    Mode    6 (λ=   4.0237e-2):  21.46%  [2m███████████[0m
    Mode    5 (λ=   3.7650e-2):   9.71%  [2m█████[0m
    Mode    3 (λ=   2.7712e-2):   7.93%  [2m████[0m
  [1mN = 20:[0m  (top 5 modes — full spectrum)
    Mode   10 (λ=   2.0595e-2):  24.68%  [2m████████████[0m
    Mode    6 (λ=   7.0415e-3):  19.20%  [2m██████████[0m
    Mode   15 (λ=   3.9633e-2):  17.13%  [2m█████████[0m
    Mode   13 (λ=   3.2959e-2):  12.95%  [2m██████[0m
    Mode   14 (λ=   3.4841e-2):   8.31%  [2m████[0m
  [1mN = 50:[0m  (top 5 modes — full spectrum)
    Mode   33 (λ=   1.1080e-2):  12.67%  [2m██████[0m
    Mode   37 (λ=   2.1155e-2):  11.74%  [2m██████[0m
    Mode   43 (λ=   3.4285e-2):  10.18%  [2m█████[0m
    Mode   44 (λ=   3.9724e-2):   9.67%  [2m█████[0m
    Mode   25 (λ=   3.3721e-3):   6.79%  [2m███[0m
  [1mN = 100:[0m  (top 5 modes — full spectrum)
    Mode   92 (λ=   3.4061e-2):   8.17%  [2m████[0m
    Mode   94 (λ=   3.9942e-2):   6.83%  [2m███[0m
    Mode   73 (λ=   4.8053e-3):   6.78%  [2m███[0m
    Mode   85 (λ=   2.2010e-2):   4.73%  [2m██[0m
    Mode   75 (λ=   5.9346e-3):   4.68%  [2m██[0m
  [1mN = 200:[0m  (top 5 modes — full spectrum)
    Mode  158 (λ=   2.2696e-3):   6.19%  [2m███[0m
    Mode  182 (λ=   2.0487e-2):   4.80%  [2m██[0m
    Mode  193 (λ=   3.9764e-2):   4.25%  [2m██[0m
    Mode  191 (λ=   3.3568e-2):   3.99%  [2m██[0m
    Mode  173 (λ=   7.2502e-3):   3.78%  [2m██[0m
  [1mN = 500:[0m  (top 5 modes — full spectrum)
    Mode  430 (λ=   1.1662e-3):   5.56%  [2m███[0m
    Mode  422 (λ=   9.1908e-4):   3.56%  [2m██[0m
    Mode  431 (λ=   1.2473e-3):   2.81%  [2m█[0m
    Mode  479 (λ=   2.0705e-2):   2.50%  [2m█[0m
    Mode  491 (λ=   3.4376e-2):   2.08%  [2m█[0m
  [1mN = 1000:[0m  (top 5 modes — full spectrum)
    Mode  901 (λ=   7.3003e-4):   2.75%  [2m█[0m
    Mode  990 (λ=   3.4110e-2):   1.75%  [2m█[0m
    Mode  917 (λ=   1.0665e-3):   1.72%  [2m█[0m
    Mode  729 (λ=   7.2496e-5):   1.54%  [2m█[0m
    Mode  946 (λ=   3.1298e-3):   1.54%  [2m█[0m
  [1mN = 2000:[0m  (top 5 modes — full spectrum)
    Mode 1880 (λ=   6.3917e-4):   6.39%  [2m███[0m
    Mode 1814 (λ=   2.4336e-4):   1.66%  [2m█[0m
    Mode 1939 (λ=   2.8095e-3):   1.46%  [2m█[0m
    Mode 1696 (λ=   8.1405e-5):   1.17%  [2m█[0m
    Mode 1989 (λ=   3.3795e-2):   0.96%  [2m[0m
  [1mN = 3000:[0m  (top 5 modes — full spectrum)
    Mode 2873 (λ=   6.5221e-4):   1.63%  [2m█[0m
    Mode 2823 (λ=   3.2246e-4):   1.22%  [2m█[0m
    Mode 2657 (λ=   7.3856e-5):   1.11%  [2m█[0m
    Mode 2818 (λ=   3.0041e-4):   1.03%  [2m█[0m
    Mode 2870 (λ=   6.1430e-4):   0.90%  [2m[0m
  [1mN = 5000:[0m  (top 5 modes — Lanczos bottom-k)
    Mode   19 (λ=   7.2884e-5):   0.22%  [2m[0m
    Mode   12 (λ=   3.0668e-5):   0.22%  [2m[0m
    Mode   13 (λ=   3.5350e-5):   0.16%  [2m[0m
    Mode   14 (λ=   4.0947e-5):   0.11%  [2m[0m
    Mode    8 (λ=   1.4603e-5):   0.10%  [2m[0m
  [1mN = 7500:[0m  (top 5 modes — Lanczos bottom-k)
    Mode   19 (λ=   8.3225e-5):   0.23%  [2m[0m
    Mode    2 (λ=   1.2867e-6):   0.18%  [2m[0m
    Mode   11 (λ=   2.9639e-5):   0.13%  [2m[0m
    Mode   10 (λ=   2.5151e-5):   0.12%  [2m[0m
    Mode    5 (λ=   7.1064e-6):   0.11%  [2m[0m
  [1mN = 10000:[0m  (top 5 modes — Lanczos bottom-k)
    Mode   18 (λ=   8.2657e-5):   0.38%  [2m[0m
    Mode   17 (λ=   7.3963e-5):   0.27%  [2m[0m
    Mode    7 (λ=   1.4292e-5):   0.10%  [2m[0m
    Mode    8 (λ=   1.8453e-5):   0.09%  [2m[0m
    Mode   19 (λ=   9.0427e-5):   0.06%  [2m[0m
  [1mN = 15000:[0m  (top 5 modes — Lanczos bottom-k)
    Mode    0 (λ=  -9.7022e-7):   0.15%  [2m[0m
    Mode   15 (λ=   6.4685e-5):   0.13%  [2m[0m
    Mode    2 (λ=   1.7750e-6):   0.12%  [2m[0m
    Mode   10 (λ=   3.0983e-5):   0.10%  [2m[0m
    Mode    7 (λ=   1.6291e-5):   0.09%  [2m[0m
  [1mN = 20000:[0m  (top 5 modes — Lanczos bottom-k)
    Mode   15 (λ=   6.9849e-5):   0.15%  [2m[0m
    Mode   12 (λ=   4.5449e-5):   0.10%  [2m[0m
    Mode   18 (λ=   1.0016e-4):   0.07%  [2m[0m
    Mode   19 (λ=   1.1077e-4):   0.05%  [2m[0m
    Mode    3 (λ=   3.9754e-6):   0.05%  [2m[0m
  [1mN = 30000:[0m  (top 5 modes — Lanczos bottom-k)
    Mode    0 (λ=  -8.7848e-7):   0.10%  [2m[0m
    Mode   19 (λ=   1.1837e-4):   0.10%  [2m[0m
    Mode   13 (λ=   5.8520e-5):   0.07%  [2m[0m
    Mode    6 (λ=   1.4750e-5):   0.07%  [2m[0m
    Mode   10 (λ=   3.6347e-5):   0.04%  [2m[0m
  [1mN = 40000:[0m  (top 5 modes — Lanczos bottom-k)
    Mode   19 (λ=   1.2642e-4):   0.08%  [2m[0m
    Mode    1 (λ=   8.9154e-7):   0.03%  [2m[0m
    Mode    0 (λ=  -7.7292e-7):   0.02%  [2m[0m
    Mode   12 (λ=   5.2711e-5):   0.01%  [2m[0m
    Mode   18 (λ=   1.1366e-4):   0.01%  [2m[0m

[1mPANEL 4: PNT SUB-SUM VERIFICATION[0m
────────────────────────────────────────────────────────────────────────
     N │       S₁(N)→0 │      S₂(N)→-1 │     S₃(N)→-2γ │       |bᵀv-1| │   cos²(v,b)
───────┼───────────────┼───────────────┼───────────────┼───────────────┼─────────────
    10 │    0.09047619 │    0.21623265 │    0.51814919 │    0.67472819 │  0.03381746
    20 │   -0.05071585 │   -0.15165093 │   -0.45275122 │    0.52592912 │  0.04138007
    50 │   -0.02051017 │   -0.07984669 │   -0.31060403 │    0.40267987 │  0.03472561
   100 │    0.03113153 │    0.14233149 │    0.65049382 │    0.34366155 │  0.02654201
   200 │   -0.03076516 │   -0.16230073 │   -0.85606536 │    0.29689862 │  0.01925855
   500 │   -0.00852086 │   -0.05245416 │   -0.32282923 │    0.25325034 │  0.01164852
  1000 │    0.00441187 │    0.03006919 │    0.20488590 │    0.22875918 │  0.00761718
  2000 │    0.00331956 │    0.02542232 │    0.19466387 │    0.20730482 │  0.00485654
  3000 │   -0.00165965 │   -0.01296882 │   -0.10126195 │    0.19665718 │  0.00368677
  5000 │    0.00077822 │    0.00665814 │    0.05694823 │    0.18515061 │  0.00257445
  7500 │    0.00215398 │    0.01933423 │    0.17353571 │    0.17664512 │  0.00192296
 10000 │   -0.00208270 │   -0.01921004 │   -0.17716549 │    0.17127075 │  0.00155685
 15000 │   -0.00045806 │   -0.00448223 │   -0.04384250 │    0.16410385 │  0.00115099
 20000 │    0.00140031 │    0.01387547 │    0.13747444 │    0.15925234 │  0.00092638
 30000 │    0.00062245 │    0.00646494 │    0.06713576 │    0.15294534 │  0.00067932
 40000 │   -0.00020802 │   -0.00219971 │   -0.02325374 │    0.14883574 │  0.00054359

[1mPANEL 5: DECAY RATE FITTING[0m
────────────────────────────────────────────────────────────────────────
  [1mModel 1:[0m vᵀCv ≈ C / ln(N)^β
    C     = 0.081741
    β     = 1.196708  [33m~ Near RH prediction[0m
    R²    = 0.999673

  [1mModel 2:[0m Q(N) ≈ α · ln(N)^δ
    α     = 4.074453
    δ     = 0.372668  (deviation from β=1)
    R²    = 0.876544

  [1mModel 3:[0m vᵀCv · ln(N) → constant?
    mean  = 0.05665033
    CV    = 0.0942 (coefficient of variation)
    [33m~ Approaching stability[0m

  [1mObserved C_cov:[0m
    At N=40000: vᵀCv·ln(N) = 0.05170142
    Implies: witness_covariance_decay holds with C_cov ≈ 0.0776

[1m═══════════════════════════════════════════════════════════════[0m
[1m  CERTIFICATE: COVARIANCE DECAY EXPERIMENT[0m
═══════════════════════════════════════════════════════════════
  SHA-256: 448d7db97425c2b2115e7287105fb5fd831e1c3cbff5b640f09d245007dca5ec
  Schedule: [10, 20, 50, 100, 200, 500, 1000, 2000, 3000, 5000, 7500, 10000, 15000, 20000, 30000, 40000]
  Elapsed: 993.6s
  Certificate: /Users/jrgochan/code/github.com/jrgochan/prime/experiments/covariance-decay/results/certificate.json
═══════════════════════════════════════════════════════════════
