warning: profiles for the non root package will be ignored, specify profiles at the workspace root:
package:   /Users/jrgochan/code/github.com/jrgochan/prime/experiments/algebraic/quaternion-rh/Cargo.toml
workspace: /Users/jrgochan/code/github.com/jrgochan/prime/Cargo.toml
warning: profiles for the non root package will be ignored, specify profiles at the workspace root:
package:   /Users/jrgochan/code/github.com/jrgochan/prime/experiments/covariance-probe/Cargo.toml
workspace: /Users/jrgochan/code/github.com/jrgochan/prime/Cargo.toml
warning: profiles for the non root package will be ignored, specify profiles at the workspace root:
package:   /Users/jrgochan/code/github.com/jrgochan/prime/experiments/spectral-analyzer/Cargo.toml
workspace: /Users/jrgochan/code/github.com/jrgochan/prime/Cargo.toml
warning: profiles for the non root package will be ignored, specify profiles at the workspace root:
package:   /Users/jrgochan/code/github.com/jrgochan/prime/experiments/spectral/g2-spectral/Cargo.toml
workspace: /Users/jrgochan/code/github.com/jrgochan/prime/Cargo.toml
warning: profiles for the non root package will be ignored, specify profiles at the workspace root:
package:   /Users/jrgochan/code/github.com/jrgochan/prime/experiments/spectral/lambda-eff/Cargo.toml
workspace: /Users/jrgochan/code/github.com/jrgochan/prime/Cargo.toml
warning: profiles for the non root package will be ignored, specify profiles at the workspace root:
package:   /Users/jrgochan/code/github.com/jrgochan/prime/experiments/spectral/rank1-interference/Cargo.toml
workspace: /Users/jrgochan/code/github.com/jrgochan/prime/Cargo.toml
warning: field `n` is never read
  --> experiments/gram-pointwise/src/main.rs:64:5
   |
63 | struct SplitResult {
   |        ----------- field in this struct
64 |     n: usize, delta: f64,
   |     ^
   |
   = note: `#[warn(dead_code)]` (part of `#[warn(unused)]`) on by default

warning: field `n` is never read
   --> experiments/gram-pointwise/src/main.rs:137:5
    |
136 | struct AbelProfile {
    |        ----------- field in this struct
137 |     n: usize, max_dev: f64, avg_dev: f64,
    |     ^

warning: field `n` is never read
   --> experiments/gram-pointwise/src/main.rs:171:5
    |
170 | struct DevResult {
    |        --------- field in this struct
171 |     n: usize, max_dev: f64, max_dev_x: f64,
    |     ^

warning: `gram-pointwise` (bin "gram-pointwise") generated 3 warnings
    Finished `release` profile [optimized] target(s) in 0.02s
     Running `/Users/jrgochan/code/github.com/jrgochan/prime/target/release/gram-pointwise 250000`

  [1m[36m╔═══════════════════════════════════════════════════════════════════════╗[0m
  [1m[36m║[0m  [1m[97mCATHEDRAL GRAM FORM POINTWISE VALIDATOR[0m
  [1m[36m║[0m  [2mTarget: vᵀGv = ∫₀¹ f_N² dx ≤ 1  ·  max N = 250000[0m
  [1m[36m║[0m  [2m512-bit MPFR · 12 threads[0m
  [1m[36m╚═══════════════════════════════════════════════════════════════════════╝[0m

  [2m▸ Sieving μ(k) for k ≤ 250000...[0m
  [32m✓[0m Sieve complete

  [1m[97m═══ §A. GLOBAL SCAN: f_N(x) on (0,1) ═══[0m
  [2m     N  │ points │   max f_N  │    at x  │   min f_N  │    at x  │   ∫f²   │ ∫f²<1[0m
      10 │  50000 │   0.844331 │ 0.011230 │  -0.392542 │ 0.014090 │ 0.13638 │ [32m✓[0m (0.0s)
      20 │  50000 │   1.102554 │ 0.003690 │  -0.299364 │ 0.014090 │ 0.24701 │ [32m✓[0m (0.0s)
      50 │  50000 │   1.506892 │ 0.003690 │  -0.357066 │ 0.005250 │ 0.37261 │ [32m✓[0m (0.1s)
     100 │  50000 │   1.803976 │ 0.008830 │  -0.655303 │ 0.010310 │ 0.44398 │ [32m✓[0m (0.2s)
     200 │  30000 │   2.311816 │ 0.005017 │  -0.881530 │ 0.000783 │ 0.50544 │ [32m✓[0m (0.3s)
     500 │  30000 │   3.198790 │ 0.000750 │  -1.456304 │ 0.000783 │ 0.56694 │ [32m✓[0m (0.5s)
    1000 │  15000 │   2.551369 │ 0.000767 │  -1.588919 │ 0.000700 │ 0.60349 │ [32m✓[0m (0.5s)
    2000 │  15000 │   2.853702 │ 0.000233 │  -1.772738 │ 0.000700 │ 0.63576 │ [32m✓[0m (0.9s)
    5000 │   5000 │   2.366253 │ 0.000900 │  -1.501412 │ 0.000700 │ 0.66971 │ [32m✓[0m (0.7s)
   10000 │   5000 │   2.424493 │ 0.000100 │  -1.322092 │ 0.000700 │ 0.69268 │ [32m✓[0m (1.5s)
   20000 │   5000 │   2.360318 │ 0.000100 │  -1.154493 │ 0.000700 │ 0.71197 │ [32m✓[0m (3.0s)
   50000 │   5000 │   2.212494 │ 0.000100 │  -0.976697 │ 0.000700 │ 0.73393 │ [32m✓[0m (7.4s)
  100000 │   2000 │   2.077289 │ 0.000750 │   0.112096 │ 0.000250 │ 0.74810 │ [32m✓[0m (6.0s)
  200000 │   2000 │   2.011283 │ 0.000750 │   0.148028 │ 0.000250 │ 0.76117 │ [32m✓[0m (12.2s)
  250000 │   2000 │   1.996603 │ 0.000750 │   0.173751 │ 0.000250 │ 0.76515 │ [32m✓[0m (15.3s)

  [1m[97m═══ §B. SPLIT-REGION: ∫₀^δ f² + ∫_δ^1 f² ═══[0m
  [2m  Cutoff δ = 1/√N (natural boundary)[0m
  [2m     N  │    δ     │  ∫_near  │  ∫_far  │  ∫_total │  max_near │ max_far │ far_dev[0m
      10 │ 0.316228 │ 0.031375 │ 0.10501 │ 0.136385  │   0.84433 │ 0.56913 │ 0.632612 (0.0s)
      20 │ 0.223607 │ 0.045397 │ 0.20162 │ 0.247013  │   1.10255 │ 0.66628 │ 0.501757 (0.0s)
      50 │ 0.141421 │ 0.049808 │ 0.32281 │ 0.372614  │   1.50689 │ 0.76893 │ 0.394047 (0.1s)
     100 │ 0.100000 │ 0.041748 │ 0.40223 │ 0.443976  │   1.80398 │ 0.80216 │ 0.336215 (0.1s)
     200 │ 0.070711 │ 0.035770 │ 0.46967 │ 0.505444  │   2.31182 │ 0.96280 │ 0.292886 (0.2s)
     500 │ 0.044721 │ 0.027316 │ 0.53962 │ 0.566941  │   3.19879 │ 1.04341 │ 0.251418 (0.4s)
    1000 │ 0.031623 │ 0.021650 │ 0.58184 │ 0.603493  │   2.55137 │ 1.12654 │ 0.227548 (0.4s)
    2000 │ 0.022361 │ 0.017066 │ 0.61869 │ 0.635761  │   2.85370 │ 1.11744 │ 0.206961 (0.9s)
    5000 │ 0.014142 │ 0.011871 │ 0.65784 │ 0.669708  │   2.36625 │ 1.08909 │ 0.185148 (0.7s)
   10000 │ 0.010000 │ 0.010055 │ 0.68262 │ 0.692676  │   2.42449 │ 1.11063 │ 0.171546 (1.5s)
   20000 │ 0.007071 │ 0.007424 │ 0.70455 │ 0.711971  │   2.36032 │ 1.27970 │ 0.159716 (3.1s)
   50000 │ 0.004472 │ 0.005107 │ 0.72882 │ 0.733931  │   2.21249 │ 1.29863 │ 0.146461 (7.7s)
  100000 │ 0.003162 │ 0.003555 │ 0.74454 │ 0.748098  │   2.07729 │ 1.26960 │ 0.137687 (6.2s)
  200000 │ 0.002236 │ 0.002396 │ 0.75877 │ 0.761170  │   2.01128 │ 1.25387 │ 0.129890 (12.1s)
  250000 │ 0.002000 │ 0.002381 │ 0.76277 │ 0.765151  │   1.99660 │ 1.24961 │ 0.127545 (15.8s)

  [1m[97m═══ §C. DEEP SCAN: Near x=1/k discontinuities ═══[0m
    N=   50: 19800 samples, max|f_N| = 1.2358174689 at x=0.03225802 [32m✓[0m (0.0s)
    N=  100: 39800 samples, max|f_N| = 1.4385182771 at x=0.01369861 [32m✓[0m (0.1s)
    N=  200: 79800 samples, max|f_N| = 2.3750551248 at x=0.00502512 [32m✓[0m (0.5s)
    N=  500: 199800 samples, max|f_N| = 2.6277519376 at x=0.00214132 [32m✓[0m (3.2s)
    N= 1000: 199800 samples, max|f_N| = 2.4031305848 at x=0.00214132 [32m✓[0m (6.0s)
    N= 2000: 199800 samples, max|f_N| = 2.3118935868 at x=0.00214132 [32m✓[0m (11.9s)
    N= 5000: 199800 samples, max|f_N| = 2.1619422815 at x=0.00214132 [32m✓[0m (29.1s)
    N=10000: 199800 samples, max|f_N| = 2.0715780021 at x=0.00214132 [32m✓[0m (58.3s)

  [1m[97m═══ §D. ABEL PARTIAL SUM PROFILE ═══[0m
  [2m  A(k) = Σ_{j≤k} w_j ≈ -1,  |M(k)|/k^{3/4} ≤ C_M[0m
  [2m     N  │ max|A+1| │  avg|A+1| │  max|M|/k^3/4[0m
      10 │ 1.522879 │ 1.2917965  │ 0.598140
      20 │ 1.925179 │ 1.6636442  │ 0.598140
      50 │ 2.411153 │ 1.9970857  │ 0.598140
     100 │ 2.700310 │ 2.1699692  │ 0.598140
     200 │ 3.001164 │ 2.2828165  │ 0.598140
     500 │ 3.352683 │ 2.3979776  │ 0.598140
    1000 │ 3.889673 │ 2.4627342  │ 0.598140
    2000 │ 4.355698 │ 2.5212355  │ 0.598140
    5000 │ 4.909856 │ 2.5785057  │ 0.598140
   10000 │ 5.767585 │ 2.5788063  │ 0.598140
   20000 │ 7.183656 │ 2.6865058  │ 0.598140
   50000 │ 8.777149 │ 2.8492222  │ 0.598140
  100000 │ 11.302137 │ 3.0523337  │ 0.598140
  200000 │ 14.805778 │ 3.4078746  │ 0.598140
  250000 │ 15.850548 │ 3.5217663  │ 0.598140

  [1m[97m═══ §E. DEVIATION: |f_N(x) - 1| on [1/√N, 1] ═══[0m
  [2m     N  │ max|f-1| │   at x   │ mean|f-1| │  ∫(f-1)² │ rate[0m
      10 │ 0.991520 │ 0.333343 │ 0.6326159  │ 0.286365 │ *logN=0.6594 (0.0s)
      20 │ 0.769762 │ 0.333334 │ 0.5017600  │ 0.204346 │ *logN=0.6122 (0.0s)
      50 │ 0.741863 │ 0.142872 │ 0.3940523  │ 0.140872 │ *logN=0.5511 (0.1s)
     100 │ 0.632423 │ 0.142867 │ 0.3362196  │ 0.107418 │ *logN=0.4947 (0.1s)
     200 │ 0.596153 │ 0.090923 │ 0.2928804  │ 0.084728 │ *logN=0.4489 (0.2s)
     500 │ 0.562822 │ 0.058844 │ 0.2514291  │ 0.064639 │ *logN=0.4017 (0.4s)
    1000 │ 0.563392 │ 0.034496 │ 0.2275699  │ 0.053897 │ *logN=0.3723 (0.4s)
    2000 │ 0.623374 │ 0.024414 │ 0.2069386  │ 0.045243 │ *logN=0.3439 (0.9s)
    5000 │ 0.629575 │ 0.017001 │ 0.1852247  │ 0.036745 │ *logN=0.3130 (0.7s)
   10000 │ 0.631410 │ 0.010495 │ 0.1713360  │ 0.031666 │ *logN=0.2917 (1.5s)
   20000 │ 0.723805 │ 0.010348 │ 0.1597884  │ 0.027770 │ *logN=0.2750 (2.9s)
   50000 │ 0.669691 │ 0.004572 │ 0.1465616  │ 0.023562 │ *logN=0.2549 (7.4s)
  100000 │ 0.862773 │ 0.004408 │ 0.1380554  │ 0.021178 │ *logN=0.2438 (6.0s)
  200000 │ 0.579799 │ 0.002984 │ 0.1304311  │ 0.018859 │ *logN=0.2302 (12.2s)
  250000 │ 0.538569 │ 0.006740 │ 0.1278110  │ 0.017969 │ *logN=0.2233 (15.2s)

  [1m[36m╔═══════════════════════════════════════════════════════════════════════╗[0m
  [1m[36m║[0m  [1m[97mGRAM FORM POINTWISE VALIDATOR — CERTIFICATE[0m
  [1m[36m╠═══════════════════════════════════════════════════════════════════════╣[0m
  [1m[36m║[0m  Precision: [33m512-bit MPFR[0m    Threads: [33m12[0m
  [1m[36m║[0m
  [1m[36m║[0m  [1m§A. Global ∫f² bound[0m
  [1m[36m║[0m    N=   10: ∫f² = [35m0.13638469[0m  max|f| = 0.8443  [32m✓[0m
  [1m[36m║[0m    N=   20: ∫f² = [35m0.24701314[0m  max|f| = 1.1026  [32m✓[0m
  [1m[36m║[0m    N=   50: ∫f² = [35m0.37261415[0m  max|f| = 1.5069  [32m✓[0m
  [1m[36m║[0m    N=  100: ∫f² = [35m0.44397628[0m  max|f| = 1.8040  [32m✓[0m
  [1m[36m║[0m    N=  200: ∫f² = [35m0.50544430[0m  max|f| = 2.3118  [32m✓[0m
  [1m[36m║[0m    N=  500: ∫f² = [35m0.56694112[0m  max|f| = 3.1988  [32m✓[0m
  [1m[36m║[0m    N= 1000: ∫f² = [35m0.60349334[0m  max|f| = 2.5514  [32m✓[0m
  [1m[36m║[0m    N= 2000: ∫f² = [35m0.63576054[0m  max|f| = 2.8537  [32m✓[0m
  [1m[36m║[0m    N= 5000: ∫f² = [35m0.66970837[0m  max|f| = 2.3663  [32m✓[0m
  [1m[36m║[0m    N=10000: ∫f² = [35m0.69267607[0m  max|f| = 2.4245  [32m✓[0m
  [1m[36m║[0m    N=20000: ∫f² = [35m0.71197104[0m  max|f| = 2.3603  [32m✓[0m
  [1m[36m║[0m    N=50000: ∫f² = [35m0.73393150[0m  max|f| = 2.2125  [32m✓[0m
  [1m[36m║[0m    N=100000: ∫f² = [35m0.74809805[0m  max|f| = 2.0773  [32m✓[0m
  [1m[36m║[0m    N=200000: ∫f² = [35m0.76117047[0m  max|f| = 2.0113  [32m✓[0m
  [1m[36m║[0m    N=250000: ∫f² = [35m0.76515095[0m  max|f| = 1.9966  [32m✓[0m
  [1m[36m║[0m    [32m✓[0m ∫f² < 1 for ALL tested N
  [1m[36m║[0m
  [1m[36m║[0m  [1m§B. Pointwise |f_N| bound[0m
  [1m[36m║[0m    [31m✗ |f_N(x)| ≤ 1 FAILS[0m: max|f_N| = 3.1988 (near x≈0)
  [1m[36m║[0m    [2mSpike at x ≈ 1/N, measure → 0, L² harmless[0m
  [1m[36m║[0m
  [1m[36m║[0m  [1m§E. Far-region deviation rate[0m
  [1m[36m║[0m    ∫_{1/√N}^1 (f-1)² · logN avg = [33m0.341886[0m
  [1m[36m║[0m    [32m✓[0m ∫(f-1)² = O(1/logN) confirmed
  [1m[36m║[0m
  [1m[36m║[0m  [1mVERDICT[0m
  [1m[36m║[0m    [32m[1m✓ vᵀGv = ∫₀¹ f_N² dx < 1 CERTIFIED for N ≤ 250000[0m
  [1m[36m║[0m    [32m  Proof strategy: split-region bound + Abel summation[0m
  [1m[36m║[0m    [32m  Near [0,δ]: ∫f² → 0 (spike on vanishing measure)[0m
  [1m[36m║[0m    [32m  Far [δ,1]: f_N ≈ 1, ∫(f-1)² = O(1/logN)[0m
  [1m[36m║[0m
  [1m[36m╚═══════════════════════════════════════════════════════════════════════╝[0m

  [1m[97mTotal:[0m [32m257.3s[0m (12 threads)
  [1m[97mOutput:[0m results/{global_scan,split_region,deep_scan,abel_profile,deviation}.tsv
  [1m[97mCertificate:[0m results/certificate.json

