═══════════════════════════════════════════════════════════════
CATHEDRAL RL — SWEEP LOG
═══════════════════════════════════════════════════════════════
Timestamp:   1778303264
Precision:   dd
CG Steps:    3000
CG Tol:      1.00e-12
Wall Time:   83.41s
HC Numbers:  10
═══════════════════════════════════════════════════════════════

       N |      baseline_d2 |       optimal_d2 |             vtgv |    K_eff |     pyth_res
---------+------------------+------------------+------------------+----------+-------------
     120 |  6.6537327552e-2 |  4.2878963186e-2 |     0.9571210368 |  -0.2053 |     1.11e-15
     180 |  7.3322552432e-2 |  4.2613263681e-2 |     0.9573867363 |  -0.2213 |     4.44e-16
     240 |  7.8496258952e-2 |  4.2218729798e-2 |     0.9577812702 |  -0.2314 |     1.11e-15
     360 |  8.5673855913e-2 |  4.2021792220e-2 |     0.9579782078 |  -0.2473 |     3.33e-15
     720 |  9.7320355333e-2 |  4.1540632683e-2 |     0.9584593673 |  -0.2733 |     4.44e-16
     840 |  9.9685330463e-2 |  4.1515996354e-2 |     0.9584840036 |  -0.2795 |     4.44e-15
    1260 |  1.0592390155e-1 |  4.1374192537e-2 |     0.9586258075 |  -0.2954 |     2.44e-15
    1680 |  1.0985059218e-1 |  4.1305040691e-2 |     0.9586949593 |  -0.3068 |     2.89e-15
    2520 |  1.1544069780e-1 |  4.1181422561e-2 |     0.9588185774 |  -0.3225 |     2.66e-15
    5040 |  1.2414163071e-1 |  4.0888920491e-2 |     0.9591110795 |  -0.3486 |     2.82e-13

All vᵀGv < 1: YES ✓ (subcritical)
