═══════════════════════════════════════════════════════════════
CATHEDRAL RL — RUN LOG
═══════════════════════════════════════════════════════════════
Timestamp:   1778304720
N:           500
Dimension:   55439 × 55439
Agent:       cg
Precision:   dd
CG Steps:    5000
CG Tol:      1.00e-12
Wall Time:   557.12s
═══════════════════════════════════════════════════════════════
BASELINE (log-cutoff witness)
  d²    = 1.480613937559714e-1
  vᵀGv  = 1.704703514848768
  bᵀv   = 1.278321060546406

OPTIMIZED (CG-converged witness)
  d²    = 4.004452312671847e-2
  vᵀGv  = 0.959955398023813
  bᵀv   = 0.959955437448547

DERIVED
  Pythagorean: d²+vᵀGv = 0.999999921150531
  |residual|:  7.88e-8
  K_eff:       -0.248862
  ln(N):       6.214608
  vᵀGv < 1:   YES ✓ (subcritical)
  Improvement: 1.080169e-1 (72.95%)
  Matvec rate: 18 mv/s
═══════════════════════════════════════════════════════════════
