═══════════════════════════════════════════════════════════════
CATHEDRAL RL — RUN LOG
═══════════════════════════════════════════════════════════════
Timestamp:   1778304136
N:           500
Dimension:   55439 × 55439
Agent:       cg
Precision:   f64
CG Steps:    5000
CG Tol:      1.00e-12
Wall Time:   312.57s
═══════════════════════════════════════════════════════════════
BASELINE (log-cutoff witness)
  d²    = 1.480613937559714e-1
  vᵀGv  = 1.704703514848768
  bᵀv   = 1.278321060546406

OPTIMIZED (CG-converged witness)
  d²    = 4.004455312773425e-2
  vᵀGv  = 0.959958574378417
  bᵀv   = 0.959957010625341

DERIVED
  Pythagorean: d²+vᵀGv = 1.000003127506151
  |residual|:  3.13e-6
  K_eff:       -0.248842
  ln(N):       6.214608
  vᵀGv < 1:   YES ✓ (subcritical)
  Improvement: 1.080168e-1 (72.95%)
  Matvec rate: 16 mv/s
═══════════════════════════════════════════════════════════════
