    Finished `release` profile [optimized] target(s) in 0.01s
     Running `target/release/vasyunin`

══════════════════════════════════════════════════════════════════════════════
  ATTACK 8: THE VARIATIONAL WITNESS
  Bypass matrix inversion · Direct Rayleigh quotient · f64 fast
  Q_N = (bᵀv)² / (vᵀCv)  — Does Q/ln(N) stabilize?
  Three vectors: Raw Möbius, Linear cutoff, Log cutoff
══════════════════════════════════════════════════════════════════════════════

━━━━━━━━━━━━━━━━━━━━━━━━━━━━━━━━━━━━━━━━━━━━━━━━━━━━━━━━━━━━━━━━━━━━━━━━━━━━━━
  N =  1000  │  ln(N) = 6.9078  │  ln(ln(N)) = 1.9326  │  12 threads
━━━━━━━━━━━━━━━━━━━━━━━━━━━━━━━━━━━━━━━━━━━━━━━━━━━━━━━━━━━━━━━━━━━━━━━━━━━━━━
  Squarefree: 608/1000 (60.8%)
  ‖v‖: raw=24.6577 linear=14.2708 log=5.0971
  Computing Rayleigh quotients...
    Raw Möbius     (0.8s): bᵀv=0.968066, S=0.937151, vᵀCv=5.313806e-2, Q=17.636151, Q/ln=2.553094
    Linear cutoff  (0.2s): bᵀv=0.992452, S=0.984960, vᵀCv=1.452303e-2, Q=67.820568, Q/ln=9.818033
    Log cutoff     (0.1s): bᵀv=0.771241, S=0.594812, vᵀCv=7.985296e-3, Q=74.488464, Q/ln=10.783310

  ┌─ VARIATIONAL WITNESS RESULTS (N=1000) ────────────────────┐
  │  Raw Möbius           Q =    17.636151  Q/ln =   2.553094  bᵀv =   0.968066  vᵀCv =   5.314e-2  │
  │  Linear cutoff        Q =    67.820568  Q/ln =   9.818033  bᵀv =   0.992452  vᵀCv =   1.452e-2  │
  │  Log cutoff           Q =    74.488464  Q/ln =  10.783310  bᵀv =   0.771241  vᵀCv =   7.985e-3  │
  └─ Total: 1.1s ──────────────────────────────────────────────────┘

━━━━━━━━━━━━━━━━━━━━━━━━━━━━━━━━━━━━━━━━━━━━━━━━━━━━━━━━━━━━━━━━━━━━━━━━━━━━━━
  N =  2000  │  ln(N) = 7.6009  │  ln(ln(N)) = 2.0283  │  12 threads
━━━━━━━━━━━━━━━━━━━━━━━━━━━━━━━━━━━━━━━━━━━━━━━━━━━━━━━━━━━━━━━━━━━━━━━━━━━━━━
  Squarefree: 1215/2000 (60.8%)
  ‖v‖: raw=34.8569 linear=20.1579 log=6.5294
  Computing Rayleigh quotients...
    Raw Möbius     (3.3s): bᵀv=0.973174, S=0.947068, vᵀCv=6.583965e-2, Q=14.384464, Q/ln=1.892468
    Linear cutoff  (0.6s): bᵀv=0.999166, S=0.998332, vᵀCv=1.509365e-2, Q=66.142522, Q/ln=8.701930
    Log cutoff     (0.6s): bᵀv=0.792695, S=0.628366, vᵀCv=7.143550e-3, Q=87.962653, Q/ln=11.572659

  ┌─ VARIATIONAL WITNESS RESULTS (N=2000) ────────────────────┐
  │  Raw Möbius           Q =    14.384464  Q/ln =   1.892468  bᵀv =   0.973174  vᵀCv =   6.584e-2  │
  │  Linear cutoff        Q =    66.142522  Q/ln =   8.701930  bᵀv =   0.999166  vᵀCv =   1.509e-2  │
  │  Log cutoff           Q =    87.962653  Q/ln =  11.572659  bᵀv =   0.792695  vᵀCv =   7.144e-3  │
  └─ Total: 4.4s ──────────────────────────────────────────────────┘

━━━━━━━━━━━━━━━━━━━━━━━━━━━━━━━━━━━━━━━━━━━━━━━━━━━━━━━━━━━━━━━━━━━━━━━━━━━━━━
  N =  5000  │  ln(N) = 8.5172  │  ln(ln(N)) = 2.1421  │  12 threads
━━━━━━━━━━━━━━━━━━━━━━━━━━━━━━━━━━━━━━━━━━━━━━━━━━━━━━━━━━━━━━━━━━━━━━━━━━━━━━
  Squarefree: 3042/5000 (60.8%)
  ‖v‖: raw=55.1543 linear=31.8473 log=9.1865
  Computing Rayleigh quotients...
    Raw Möbius     (37.4s): bᵀv=0.993013, S=0.986074, vᵀCv=4.177863e-2, Q=23.602363, Q/ln=2.771143
    Linear cutoff  (5.6s): bᵀv=0.999274, S=0.998548, vᵀCv=1.401469e-2, Q=71.250092, Q/ln=8.365443
    Log cutoff     (5.7s): bᵀv=0.814849, S=0.663980, vᵀCv=6.261660e-3, Q=106.038899, Q/ln=12.449982

  ┌─ VARIATIONAL WITNESS RESULTS (N=5000) ────────────────────┐
  │  Raw Möbius           Q =    23.602363  Q/ln =   2.771143  bᵀv =   0.993013  vᵀCv =   4.178e-2  │
  │  Linear cutoff        Q =    71.250092  Q/ln =   8.365443  bᵀv =   0.999274  vᵀCv =   1.401e-2  │
  │  Log cutoff           Q =   106.038899  Q/ln =  12.449982  bᵀv =   0.814849  vᵀCv =   6.262e-3  │
  └─ Total: 48.7s ──────────────────────────────────────────────────┘

━━━━━━━━━━━━━━━━━━━━━━━━━━━━━━━━━━━━━━━━━━━━━━━━━━━━━━━━━━━━━━━━━━━━━━━━━━━━━━
  N = 10000  │  ln(N) = 9.2103  │  ln(ln(N)) = 2.2203  │  12 threads
━━━━━━━━━━━━━━━━━━━━━━━━━━━━━━━━━━━━━━━━━━━━━━━━━━━━━━━━━━━━━━━━━━━━━━━━━━━━━━
  Squarefree: 6083/10000 (60.8%)
  ‖v‖: raw=77.9936 linear=45.0266 log=11.9977
  Computing Rayleigh quotients...
    Raw Möbius     (251.7s): bᵀv=1.020091, S=1.040585, vᵀCv=8.548276e-2, Q=12.173037, Q/ln=1.321671
    Linear cutoff  (26.3s): bᵀv=0.999402, S=0.998805, vᵀCv=1.510722e-2, Q=66.114387, Q/ln=7.178278
    Log cutoff     (26.1s): bᵀv=0.828729, S=0.686792, vᵀCv=5.754261e-3, Q=119.353680, Q/ln=12.958661

  ┌─ VARIATIONAL WITNESS RESULTS (N=10000) ────────────────────┐
  │  Raw Möbius           Q =    12.173037  Q/ln =   1.321671  bᵀv =   1.020091  vᵀCv =   8.548e-2  │
  │  Linear cutoff        Q =    66.114387  Q/ln =   7.178278  bᵀv =   0.999402  vᵀCv =   1.511e-2  │
  │  Log cutoff           Q =   119.353680  Q/ln =  12.958661  bᵀv =   0.828729  vᵀCv =   5.754e-3  │
  └─ Total: 304.1s ──────────────────────────────────────────────────┘

━━━━━━━━━━━━━━━━━━━━━━━━━━━━━━━━━━━━━━━━━━━━━━━━━━━━━━━━━━━━━━━━━━━━━━━━━━━━━━
  N = 20000  │  ln(N) = 9.9035  │  ln(ln(N)) = 2.2929  │  12 threads
━━━━━━━━━━━━━━━━━━━━━━━━━━━━━━━━━━━━━━━━━━━━━━━━━━━━━━━━━━━━━━━━━━━━━━━━━━━━━━
  Squarefree: 12160/20000 (60.8%)
  ‖v‖: raw=110.2724 linear=63.6693 log=15.7663
  Computing Rayleigh quotients...
    Raw Möbius     (2049.8s): bᵀv=0.985533, S=0.971274, vᵀCv=8.293906e-2, Q=11.710699, Q/ln=1.182482
    Linear cutoff  (118.7s): bᵀv=0.999755, S=0.999510, vᵀCv=1.547210e-2, Q=64.600822, Q/ln=6.523038
    Log cutoff     (121.4s): bᵀv=0.840748, S=0.706857, vᵀCv=5.309890e-3, Q=133.120763, Q/ln=13.441806

  ┌─ VARIATIONAL WITNESS RESULTS (N=20000) ────────────────────┐
  │  Raw Möbius           Q =    11.710699  Q/ln =   1.182482  bᵀv =   0.985533  vᵀCv =   8.294e-2  │
  │  Linear cutoff        Q =    64.600822  Q/ln =   6.523038  bᵀv =   0.999755  vᵀCv =   1.547e-2  │
  │  Log cutoff           Q =   133.120763  Q/ln =  13.441806  bᵀv =   0.840748  vᵀCv =   5.310e-3  │
  └─ Total: 2289.9s ──────────────────────────────────────────────────┘

━━━━━━━━━━━━━━━━━━━━━━━━━━━━━━━━━━━━━━━━━━━━━━━━━━━━━━━━━━━━━━━━━━━━━━━━━━━━━━
  N = 50000  │  ln(N) = 10.8198  │  ln(ln(N)) = 2.3814  │  12 threads
━━━━━━━━━━━━━━━━━━━━━━━━━━━━━━━━━━━━━━━━━━━━━━━━━━━━━━━━━━━━━━━━━━━━━━━━━━━━━━
  Squarefree: 30401/50000 (60.8%)
  ‖v‖: raw=174.3588 linear=100.6626 log=22.8028
  Computing Rayleigh quotients...
    Raw Möbius     (33462.0s): bᵀv=0.994045, S=0.988126, vᵀCv=5.259411e-2, Q=18.787772, Q/ln=1.736429
    Linear cutoff  (1012.0s): bᵀv=0.999540, S=0.999080, vᵀCv=1.549330e-2, Q=64.484629, Q/ln=5.959884
    Log cutoff     (1008.0s): bᵀv=0.854199, S=0.729656, vᵀCv=4.813342e-3, Q=151.590217, Q/ln=14.010474

  ┌─ VARIATIONAL WITNESS RESULTS (N=50000) ────────────────────┐
  │  Raw Möbius           Q =    18.787772  Q/ln =   1.736429  bᵀv =   0.994045  vᵀCv =   5.259e-2  │
  │  Linear cutoff        Q =    64.484629  Q/ln =   5.959884  bᵀv =   0.999540  vᵀCv =   1.549e-2  │
  │  Log cutoff           Q =   151.590217  Q/ln =  14.010474  bᵀv =   0.854199  vᵀCv =   4.813e-3  │
  └─ Total: 35482.0s ──────────────────────────────────────────────────┘


══════════════════════════════════════════════════════════════════════════════
  GRAND SUMMARY — VARIATIONAL WITNESS
══════════════════════════════════════════════════════════════════════════════

       N    ln(N)  lnln(N)   Q/ln (Raw)   Q/ln (Lin)   Q/ln (Log)
  ────────────────────────────────────────────────────────────────────
    1000   6.9078   1.9326     2.553094     9.818033    10.783310
    2000   7.6009   2.0283     1.892468     8.701930    11.572659
    5000   8.5172   2.1421     2.771143     8.365443    12.449982
   10000   9.2103   2.2203     1.321671     7.178278    12.958661
   20000   9.9035   2.2929     1.182482     6.523038    13.441806
   50000  10.8198   2.3814     1.736429     5.959884    14.010474

  ─── LOG CUTOFF TREND ANALYSIS ───
  Fit: Q/ln(N) ≈ 7.19 · ln(ln(N)) + (-3.12)
  Prediction N=100,000: Q/ln ≈ 14.46
  Prediction N=1,000,000: Q/ln ≈ 15.77

  ─── LOG CUTOFF DELTAS ───
  N= 1000 → N= 2000: Δ(Q/ln) = +0.7893
  N= 2000 → N= 5000: Δ(Q/ln) = +0.8773
  N= 5000 → N=10000: Δ(Q/ln) = +0.5087
  N=10000 → N=20000: Δ(Q/ln) = +0.4831
  N=20000 → N=50000: Δ(Q/ln) = +0.5687

  📁 JSON results written to results_attack8.json

  Total runtime: 38130.1s

  🏛️  If any Q/ln(N) column stabilizes to a positive constant,
     that vector is the algebraic witness to the Riemann Hypothesis.

