
═══════════════════════════════════════════════════════════════════════
  VASYUNIN INTEGRAL VERIFIER — 256-bit MPFR + f64 tail
  Verifying: G(j,k) = ∫₀¹ {1/(jx)} · {1/(kx)} dx
  Method: Exact piecewise FTC (no quadrature error)
  Precision: 256 bits (~76 decimal digits)
  MPFR rows:       100000 +       900000 tail
  Threads: 12
═══════════════════════════════════════════════════════════════════════

━━━ PHASE 1: DIAGONAL G(k,k) ━━━━━━━━━━━━━━━━━━━━━━━━━━━━━━━━━━━━━━━
    j   k                 Formula                Integral  Digits  Time(ms)
    1   1       0.260661401507813       0.260661068175229       6    9418.7
    2   2       0.380330700753906       0.380330534087615       6    9368.6
    3   3       0.309109356058160       0.309109244947299       6    9432.1
    4   4       0.252665350376953       0.252665267043807       7    9304.5
    5   5       0.212132280301563       0.212132213635046       7    9360.7
    6   6       0.182332455806858       0.182332400251427       7    9390.8
    7   7       0.159686322664381       0.159686275045441       7    9325.9
    8   8       0.141957675188477       0.141957633521904       7    9349.1
    9   9       0.127727810044078       0.127727773007124       7    9394.2
   10  10       0.116066140150781       0.116066106817523       7    9408.5
   11  11       0.106341119145338       0.106341088842376       7    9397.9
   12  12       0.098110672347873       0.098110644570158       7    9509.1
   13  13       0.091056794198826       0.091056768557858       7    9419.1
   14  14       0.084945202148517       0.084945178339047       7    9431.2
   15  15       0.079599648989410       0.079599626767238       7    9388.1

━━━ PHASE 2: OFF-DIAGONAL G(j,k) ━━━━━━━━━━━━━━━━━━━━━━━━━━━━━━━━━━━
    j   k gcd                 Formula                Integral  Digits  Time(ms)
    1   2   1       0.272209255990873       0.272208964324915       6   14047.2
    1   3   1       0.241670136128851       0.241669858351795       6   14172.1
    1   4   1       0.214402531371786       0.214402260538953       6   13960.2
    1   5   1       0.192478862338049       0.192478595671866       6   14069.4
    1   6   1       0.174835915080077       0.174835651192007       6   13489.9
    1   7   1       0.160406037640771       0.160405775736438       6   13654.4
    1   8   1       0.148396088347476       0.148395827931331       6   14009.3
    1   9   1       0.138240172854166       0.138239913595342       6   14367.1
    1  10   1       0.129532205174082       0.129531946841324       6   13947.5
    2   3   1       0.274436842612735       0.274436710668607       6   17876.6
    2   4   2       0.261104627995437       0.261104482162457       6   14289.3
    2   5   1       0.216405234124714       0.216405104958353       6   16102.1
    2   6   2       0.204168401397759       0.204168262509231       6   14551.9
    2   7   1       0.178852759384283       0.178852631408416       6   15643.4
    2   8   2       0.169701265685893       0.169701130269476       6   13657.2
    2   9   1       0.153181637483943       0.153181510169393       6   15145.4
    2  10   2       0.146239431169024       0.146239297835933       6   13733.9
    3   4   1       0.232114633307753       0.232114547659781       7   19951.7
    3   5   1       0.206889770296346       0.206889685111339       7   18667.0
    3   6   3       0.201847529774735       0.201847432552749       7   13987.4
    3   7   1       0.173136742391617       0.173136657735703       7   17755.3
    3   8   1       0.159579576000371       0.159579491509827       7   16095.7
    3   9   3       0.154630786117024       0.154630693524672       7   14092.0
    3  10   1       0.139242866186998       0.139242781927916       7   15734.4
    4   5   1       0.197375838124525       0.197375774582998       7   20097.2
    4   6   2       0.178885087973034       0.178885022000970       7   17214.4
    4   7   1       0.163712694770433       0.163712631526528       7   17497.0
    4   8   4       0.161802313997718       0.161802241081229       7   13565.9
    4   9   1       0.142342247070369       0.142342183991797       7   15369.6
    4  10   2       0.133202617062357       0.133202552479177       7   13523.4
    5   6   1       0.170855453455258       0.170855402899822       7   18573.6
    5   7   1       0.154022856010670       0.154022805534587       7   16394.4
    5   8   1       0.142811874746672       0.142811824330108       7   15166.5
    5   9   1       0.135062697485324       0.135062647115068       7   18625.4
    5  10   5       0.134441851198175       0.134441792864983       7   13946.0
    6   7   1       0.150366569608103       0.150366527610840       7   18870.8
    6   8   2       0.136890649987210       0.136890607163224       7   19217.2
    6   9   3       0.128515984574616       0.128515940593239       7   15221.5
    6  10   2       0.120111551814840       0.120111509222336       7   14960.2
    7   8   1       0.134176502209685       0.134176466282903       7   22784.8
    7   9   1       0.122364188483807       0.122364152580627       7   20787.3
    7  10   1       0.114441115848824       0.114441079964543       7   19473.2
    8   9   1       0.121100212963458       0.121100181568857       7   23006.1
    8  10   2       0.111187919062262       0.111187887291499       7   20363.9
    9  10   1       0.110333762800751       0.110333734920164       7   22518.3

━━━ PHASE 3: FULL PRECISION SHOWCASE ━━━━━━━━━━━━━━━━━━━━━━━━━━━━━━━━

  G(1,1):
    Formula:  2.606614015078126229541473827288328486806356113356432268285358460806636650768500e-1
    Integral: 2.606610681752292879485955188318788978591697530812777832972312576556670476098069e-1
    |Error|:  3.33333e-7  (6 digits)

  G(1,2):
    Formula:  2.722092559908731398613025066820804944916016749116686065912318821871493433152137e-1
    Integral: 2.722089643249148048376953330620618632276711381933927300896752658345551489081612e-1
    |Error|:  2.91666e-7  (6 digits)

  G(2,3):
    Formula:  2.744368426127355096606692538027024885613749069876229231671141606497091605910985e-1
    Integral: 2.744367106686070366782057922533384147684174147660200834118111456530118574019615e-1
    |Error|:  1.31944e-7  (6 digits)

  G(3,5):
    Formula:  2.068897702963464157236094323587369415715128365539933396305412049230254938755694e-1
    Integral: 2.068896851113390079652973098062086163590164881338154584942459569930019091560267e-1
    |Error|:  8.51850e-8  (7 digits)

  G(5,7):
    Formula:  1.540228560106703932860565378043982213588353223781160528299112915538445959968732e-1
    Integral: 1.540228055345865835436556979279546439126439144292824106293944972326911691796549e-1
    |Error|:  5.04761e-8  (7 digits)

═══════════════════════════════════════════════════════════════════════
  ✅ IDENTITY VERIFIED to 6 decimal digits
     G(j,k) = ∫₀¹ {1/(jx)}·{1/(kx)} dx  ∀ 1≤j,k≤10
  Runtime: 265.18s  |  Precision: 256 bits  |  Threads: 12
═══════════════════════════════════════════════════════════════════════

