    Finished `release` profile [optimized] target(s) in 0.02s
     Running `target/release/vasyunin`

══════════════════════════════════════════════════════════════════════════════
  ATTACK 8: THE VARIATIONAL WITNESS
  Bypass matrix inversion · Direct Rayleigh quotient · f64 fast
  Q_N = (bᵀv)² / (vᵀCv)  — Does Q/ln(N) stabilize?
  Three vectors: Raw Möbius, Linear cutoff, Log cutoff
══════════════════════════════════════════════════════════════════════════════

━━━━━━━━━━━━━━━━━━━━━━━━━━━━━━━━━━━━━━━━━━━━━━━━━━━━━━━━━━━━━━━━━━━━━━━━━━━━━━
  N =    50  │  ln(N) = 3.9120  │  ln(ln(N)) = 1.3641  │  12 threads
━━━━━━━━━━━━━━━━━━━━━━━━━━━━━━━━━━━━━━━━━━━━━━━━━━━━━━━━━━━━━━━━━━━━━━━━━━━━━━
  Squarefree: 31/50 (62.0%)
  ‖v‖: raw=5.5678 linear=3.3070 log=2.0311
  Computing Rayleigh quotients...
    Raw Möbius     (0.0s): bᵀv=1.088518, S=1.184872, vᵀCv=5.060830e-2, Q=23.412596, Q/ln=5.984780
    Linear cutoff  (0.0s): bᵀv=0.912032, S=0.831802, vᵀCv=1.438240e-2, Q=57.834689, Q/ln=14.783832
    Log cutoff     (0.0s): bᵀv=0.597320, S=0.356791, vᵀCv=1.575769e-2, Q=22.642361, Q/ln=5.787890

  ┌─ VARIATIONAL WITNESS RESULTS (N=50) ────────────────────┐
  │  Raw Möbius           Q =    23.412596  Q/ln =   5.984780  bᵀv =   1.088518  vᵀCv =   5.061e-2  │
  │  Linear cutoff        Q =    57.834689  Q/ln =  14.783832  bᵀv =   0.912032  vᵀCv =   1.438e-2  │
  │  Log cutoff           Q =    22.642361  Q/ln =   5.787890  bᵀv =   0.597320  vᵀCv =   1.576e-2  │
  └─ Total: 0.0s ──────────────────────────────────────────────────┘

━━━━━━━━━━━━━━━━━━━━━━━━━━━━━━━━━━━━━━━━━━━━━━━━━━━━━━━━━━━━━━━━━━━━━━━━━━━━━━
  N =   100  │  ln(N) = 4.6052  │  ln(ln(N)) = 1.5272  │  12 threads
━━━━━━━━━━━━━━━━━━━━━━━━━━━━━━━━━━━━━━━━━━━━━━━━━━━━━━━━━━━━━━━━━━━━━━━━━━━━━━
  Squarefree: 61/100 (61.0%)
  ‖v‖: raw=7.8102 linear=4.5966 log=2.4500
  Computing Rayleigh quotients...
    Raw Möbius     (0.0s): bᵀv=0.844507, S=0.713191, vᵀCv=1.221504e-1, Q=5.838631, Q/ln=1.267843
    Linear cutoff  (0.0s): bᵀv=0.948909, S=0.900427, vᵀCv=1.586971e-2, Q=56.738745, Q/ln=12.320662
    Log cutoff     (0.0s): bᵀv=0.656338, S=0.430780, vᵀCv=1.312147e-2, Q=32.830169, Q/ln=7.128981

  ┌─ VARIATIONAL WITNESS RESULTS (N=100) ────────────────────┐
  │  Raw Möbius           Q =     5.838631  Q/ln =   1.267843  bᵀv =   0.844507  vᵀCv =   1.222e-1  │
  │  Linear cutoff        Q =    56.738745  Q/ln =  12.320662  bᵀv =   0.948909  vᵀCv =   1.587e-2  │
  │  Log cutoff           Q =    32.830169  Q/ln =   7.128981  bᵀv =   0.656338  vᵀCv =   1.312e-2  │
  └─ Total: 0.0s ──────────────────────────────────────────────────┘

━━━━━━━━━━━━━━━━━━━━━━━━━━━━━━━━━━━━━━━━━━━━━━━━━━━━━━━━━━━━━━━━━━━━━━━━━━━━━━
  N =   200  │  ln(N) = 5.2983  │  ln(ln(N)) = 1.6674  │  12 threads
━━━━━━━━━━━━━━━━━━━━━━━━━━━━━━━━━━━━━━━━━━━━━━━━━━━━━━━━━━━━━━━━━━━━━━━━━━━━━━
  Squarefree: 122/200 (61.0%)
  ‖v‖: raw=11.0454 linear=6.4379 log=3.0034
  Computing Rayleigh quotients...
    Raw Möbius     (0.0s): bᵀv=1.175308, S=1.381348, vᵀCv=2.304807e-1, Q=5.993336, Q/ln=1.131177
    Linear cutoff  (0.0s): bᵀv=0.981892, S=0.964112, vᵀCv=1.593567e-2, Q=60.500242, Q/ln=11.418765
    Log cutoff     (0.0s): bᵀv=0.703101, S=0.494352, vᵀCv=1.095945e-2, Q=45.107333, Q/ln=8.513520

  ┌─ VARIATIONAL WITNESS RESULTS (N=200) ────────────────────┐
  │  Raw Möbius           Q =     5.993336  Q/ln =   1.131177  bᵀv =   1.175308  vᵀCv =   2.305e-1  │
  │  Linear cutoff        Q =    60.500242  Q/ln =  11.418765  bᵀv =   0.981892  vᵀCv =   1.594e-2  │
  │  Log cutoff           Q =    45.107333  Q/ln =   8.513520  bᵀv =   0.703101  vᵀCv =   1.096e-2  │
  └─ Total: 0.0s ──────────────────────────────────────────────────┘

━━━━━━━━━━━━━━━━━━━━━━━━━━━━━━━━━━━━━━━━━━━━━━━━━━━━━━━━━━━━━━━━━━━━━━━━━━━━━━
  N =   500  │  ln(N) = 6.2146  │  ln(ln(N)) = 1.8269  │  12 threads
━━━━━━━━━━━━━━━━━━━━━━━━━━━━━━━━━━━━━━━━━━━━━━━━━━━━━━━━━━━━━━━━━━━━━━━━━━━━━━
  Squarefree: 306/500 (61.2%)
  ‖v‖: raw=17.4929 linear=10.1121 log=4.0233
  Computing Rayleigh quotients...
    Raw Möbius     (0.2s): bᵀv=1.056057, S=1.115256, vᵀCv=7.264076e-2, Q=15.353027, Q/ln=2.470474
    Linear cutoff  (0.0s): bᵀv=0.994454, S=0.988939, vᵀCv=1.530818e-2, Q=64.602012, Q/ln=10.395187
    Log cutoff     (0.0s): bᵀv=0.746750, S=0.557635, vᵀCv=8.998328e-3, Q=61.970965, Q/ln=9.971822

  ┌─ VARIATIONAL WITNESS RESULTS (N=500) ────────────────────┐
  │  Raw Möbius           Q =    15.353027  Q/ln =   2.470474  bᵀv =   1.056057  vᵀCv =   7.264e-2  │
  │  Linear cutoff        Q =    64.602012  Q/ln =  10.395187  bᵀv =   0.994454  vᵀCv =   1.531e-2  │
  │  Log cutoff           Q =    61.970965  Q/ln =   9.971822  bᵀv =   0.746750  vᵀCv =   8.998e-3  │
  └─ Total: 0.2s ──────────────────────────────────────────────────┘

━━━━━━━━━━━━━━━━━━━━━━━━━━━━━━━━━━━━━━━━━━━━━━━━━━━━━━━━━━━━━━━━━━━━━━━━━━━━━━
  N =  1000  │  ln(N) = 6.9078  │  ln(ln(N)) = 1.9326  │  12 threads
━━━━━━━━━━━━━━━━━━━━━━━━━━━━━━━━━━━━━━━━━━━━━━━━━━━━━━━━━━━━━━━━━━━━━━━━━━━━━━
  Squarefree: 608/1000 (60.8%)
  ‖v‖: raw=24.6577 linear=14.2708 log=5.0971
  Computing Rayleigh quotients...
    Raw Möbius     (0.7s): bᵀv=0.968066, S=0.937151, vᵀCv=5.313806e-2, Q=17.636151, Q/ln=2.553094
    Linear cutoff  (0.1s): bᵀv=0.992452, S=0.984960, vᵀCv=1.452303e-2, Q=67.820568, Q/ln=9.818033
    Log cutoff     (0.1s): bᵀv=0.771241, S=0.594812, vᵀCv=7.985296e-3, Q=74.488464, Q/ln=10.783310

  ┌─ VARIATIONAL WITNESS RESULTS (N=1000) ────────────────────┐
  │  Raw Möbius           Q =    17.636151  Q/ln =   2.553094  bᵀv =   0.968066  vᵀCv =   5.314e-2  │
  │  Linear cutoff        Q =    67.820568  Q/ln =   9.818033  bᵀv =   0.992452  vᵀCv =   1.452e-2  │
  │  Log cutoff           Q =    74.488464  Q/ln =  10.783310  bᵀv =   0.771241  vᵀCv =   7.985e-3  │
  └─ Total: 0.9s ──────────────────────────────────────────────────┘

━━━━━━━━━━━━━━━━━━━━━━━━━━━━━━━━━━━━━━━━━━━━━━━━━━━━━━━━━━━━━━━━━━━━━━━━━━━━━━
  N =  2000  │  ln(N) = 7.6009  │  ln(ln(N)) = 2.0283  │  12 threads
━━━━━━━━━━━━━━━━━━━━━━━━━━━━━━━━━━━━━━━━━━━━━━━━━━━━━━━━━━━━━━━━━━━━━━━━━━━━━━
  Squarefree: 1215/2000 (60.8%)
  ‖v‖: raw=34.8569 linear=20.1579 log=6.5294
  Computing Rayleigh quotients...
    Raw Möbius     (3.3s): bᵀv=0.973174, S=0.947068, vᵀCv=6.583965e-2, Q=14.384464, Q/ln=1.892468
    Linear cutoff  (0.6s): bᵀv=0.999166, S=0.998332, vᵀCv=1.509365e-2, Q=66.142522, Q/ln=8.701930
    Log cutoff     (0.9s): bᵀv=0.792695, S=0.628366, vᵀCv=7.143550e-3, Q=87.962653, Q/ln=11.572659

  ┌─ VARIATIONAL WITNESS RESULTS (N=2000) ────────────────────┐
  │  Raw Möbius           Q =    14.384464  Q/ln =   1.892468  bᵀv =   0.973174  vᵀCv =   6.584e-2  │
  │  Linear cutoff        Q =    66.142522  Q/ln =   8.701930  bᵀv =   0.999166  vᵀCv =   1.509e-2  │
  │  Log cutoff           Q =    87.962653  Q/ln =  11.572659  bᵀv =   0.792695  vᵀCv =   7.144e-3  │
  └─ Total: 4.8s ──────────────────────────────────────────────────┘

━━━━━━━━━━━━━━━━━━━━━━━━━━━━━━━━━━━━━━━━━━━━━━━━━━━━━━━━━━━━━━━━━━━━━━━━━━━━━━
  N =  5000  │  ln(N) = 8.5172  │  ln(ln(N)) = 2.1421  │  12 threads
━━━━━━━━━━━━━━━━━━━━━━━━━━━━━━━━━━━━━━━━━━━━━━━━━━━━━━━━━━━━━━━━━━━━━━━━━━━━━━
  Squarefree: 3042/5000 (60.8%)
  ‖v‖: raw=55.1543 linear=31.8473 log=9.1865
  Computing Rayleigh quotients...
    Raw Möbius     (37.4s): bᵀv=0.993013, S=0.986074, vᵀCv=4.177863e-2, Q=23.602363, Q/ln=2.771143
    Linear cutoff  (5.6s): bᵀv=0.999274, S=0.998548, vᵀCv=1.401469e-2, Q=71.250092, Q/ln=8.365443
    Log cutoff     (5.8s): bᵀv=0.814849, S=0.663980, vᵀCv=6.261660e-3, Q=106.038899, Q/ln=12.449982

  ┌─ VARIATIONAL WITNESS RESULTS (N=5000) ────────────────────┐
  │  Raw Möbius           Q =    23.602363  Q/ln =   2.771143  bᵀv =   0.993013  vᵀCv =   4.178e-2  │
  │  Linear cutoff        Q =    71.250092  Q/ln =   8.365443  bᵀv =   0.999274  vᵀCv =   1.401e-2  │
  │  Log cutoff           Q =   106.038899  Q/ln =  12.449982  bᵀv =   0.814849  vᵀCv =   6.262e-3  │
  └─ Total: 48.8s ──────────────────────────────────────────────────┘

━━━━━━━━━━━━━━━━━━━━━━━━━━━━━━━━━━━━━━━━━━━━━━━━━━━━━━━━━━━━━━━━━━━━━━━━━━━━━━
  N = 10000  │  ln(N) = 9.2103  │  ln(ln(N)) = 2.2203  │  12 threads
━━━━━━━━━━━━━━━━━━━━━━━━━━━━━━━━━━━━━━━━━━━━━━━━━━━━━━━━━━━━━━━━━━━━━━━━━━━━━━
  Squarefree: 6083/10000 (60.8%)
  ‖v‖: raw=77.9936 linear=45.0266 log=11.9977
  Computing Rayleigh quotients...
    Raw Möbius     (259.5s): bᵀv=1.020091, S=1.040585, vᵀCv=8.548276e-2, Q=12.173037, Q/ln=1.321671
    Linear cutoff  (26.2s): bᵀv=0.999402, S=0.998805, vᵀCv=1.510722e-2, Q=66.114387, Q/ln=7.178278
    Log cutoff     (26.1s): bᵀv=0.828729, S=0.686792, vᵀCv=5.754261e-3, Q=119.353680, Q/ln=12.958661

  ┌─ VARIATIONAL WITNESS RESULTS (N=10000) ────────────────────┐
  │  Raw Möbius           Q =    12.173037  Q/ln =   1.321671  bᵀv =   1.020091  vᵀCv =   8.548e-2  │
  │  Linear cutoff        Q =    66.114387  Q/ln =   7.178278  bᵀv =   0.999402  vᵀCv =   1.511e-2  │
  │  Log cutoff           Q =   119.353680  Q/ln =  12.958661  bᵀv =   0.828729  vᵀCv =   5.754e-3  │
  └─ Total: 311.8s ──────────────────────────────────────────────────┘


══════════════════════════════════════════════════════════════════════════════
  GRAND SUMMARY — VARIATIONAL WITNESS
══════════════════════════════════════════════════════════════════════════════

       N    ln(N)  lnln(N)   Q/ln (Raw)   Q/ln (Lin)   Q/ln (Log)
  ────────────────────────────────────────────────────────────────────
      50   3.9120   1.3641     5.984780    14.783832     5.787890
     100   4.6052   1.5272     1.267843    12.320662     7.128981
     200   5.2983   1.6674     1.131177    11.418765     8.513520
     500   6.2146   1.8269     2.470474    10.395187     9.971822
    1000   6.9078   1.9326     2.553094     9.818033    10.783310
    2000   7.6009   2.0283     1.892468     8.701930    11.572659
    5000   8.5172   2.1421     2.771143     8.365443    12.449982
   10000   9.2103   2.2203     1.321671     7.178278    12.958661

  ─── LOG CUTOFF TREND ANALYSIS ───
  Fit: Q/ln(N) ≈ 8.37 · ln(ln(N)) + (-5.64)
  Prediction N=100,000: Q/ln ≈ 14.83
  Prediction N=1,000,000: Q/ln ≈ 16.35

  ─── LOG CUTOFF DELTAS ───
  N=   50 → N=  100: Δ(Q/ln) = +1.3411
  N=  100 → N=  200: Δ(Q/ln) = +1.3845
  N=  200 → N=  500: Δ(Q/ln) = +1.4583
  N=  500 → N= 1000: Δ(Q/ln) = +0.8115
  N= 1000 → N= 2000: Δ(Q/ln) = +0.7893
  N= 2000 → N= 5000: Δ(Q/ln) = +0.8773
  N= 5000 → N=10000: Δ(Q/ln) = +0.5087

  📁 JSON results written to results_attack8.json

  Total runtime: 366.5s

  🏛️  If any Q/ln(N) column stabilizes to a positive constant,
     that vector is the algebraic witness to the Riemann Hypothesis.

