warning: unused import: `rug::ops::Pow`
  --> src/main.rs:21:5
   |
21 | use rug::ops::Pow;
   |     ^^^^^^^^^^^^^
   |
   = note: `#[warn(unused_imports)]` (part of `#[warn(unused)]`) on by default

warning: `vasyunin` (bin "vasyunin") generated 1 warning (run `cargo fix --bin "vasyunin" -p vasyunin` to apply 1 suggestion)
    Finished `release` profile [optimized] target(s) in 0.02s
     Running `target/release/vasyunin`

══════════════════════════════════════════════════════════════════════════
  ATTACK 7: THE VASYUNIN ORACLE
  Exact discrete Gram matrix · No integrals · 256-bit MPFR
  G(j,k) via Vasyunin cotangent sums + gcd arithmetic
══════════════════════════════════════════════════════════════════════════

━━━━━━━━━━━━━━━━━━━━━━━━━━━━━━━━━━━━━━━━━━━━━━━━━━━━━━━━━━━━━━━━━━━━━━━━━━
  N = 10  (10×10, Vasyunin exact, 256-bit MPFR, 12 threads)
━━━━━━━━━━━━━━━━━━━━━━━━━━━━━━━━━━━━━━━━━━━━━━━━━━━━━━━━━━━━━━━━━━━━━━━━━━
  b[1..4] = [0.4227843351, 0.5579657578, 0.5071322079, 0.4522696741]
  Building Vasyunin Gram matrix...
    G: Done in 0.0s (55 entries, 12 cores)
  G(1,1) = 0.260661401507813
  G(1,2) = 0.272209255990873
  G(2,2) = 0.380330700753906
  G(1,1) exact = 0.260661401507813  (diff = 0.00e0)

  bᵀ G⁻¹ b   = 0.977186605192489
  d²_N        = 0.022813394807511
  X=bᵀC⁻¹b   = 42.833897078339
  1/(1+X)     = 0.022813394807512 (should match d²_N)
  SM Match    = 1.27e-15

  ┌─ SPECTRAL DATA ──────────────────────────────────────┐
  │  G: λ_min=9.15692681e-3  λ_max=1.77937700e0  κ=194.32  │
  │  C: λ_min=5.44598949e-3  λ_max=1.91064489e-1  κ=35.08  │
  └─────────────────────────────────────────────────────────┘

  ┌─ BÁEZ-DUARTE COMPARISON ──────────────────────────────┐
  │  d²_N (measured)    = 0.022813394808                  │
  │  d²_N (BD predict)  = 0.020060677919  (0.0462/lnN)    │
  │  Ratio meas/pred    = 1.137220                         │
  │  X / ln(N)          = 18.602525  (BD: ≈21.65)      │
  └─────────────────────────────────────────────────────────┘

  Optimal coefficients c* = G⁻¹b (first 10):
    c_1 =  -0.79912688  (μ(1)=1)
    c_2 =   0.86965448  (μ(2)=-1)
    c_3 =   0.84757720  (μ(3)=-1)
    c_4 =   0.16066109  (μ(4)=0)
    c_5 =   0.66779662  (μ(5)=-1)
    c_6 =  -0.40501821  (μ(6)=1)
    c_7 =   0.54829629  (μ(7)=-1)
    c_8 =   0.04255208  (μ(8)=0)
    c_9 =   0.14230324  (μ(9)=0)
    c_10 =  -0.12802992  (μ(10)=1)

  Envelope f(k) = c*_k / (-μ(k)) [squarefree k ≤ 30]:
    k=  1: f=0.79912688, f·√k=0.79912688
    k=  2: f=0.86965448, f·√k=1.22987716
    k=  3: f=0.84757720, f·√k=1.46804677
    k=  5: f=0.66779662, f·√k=1.49323863
    k=  6: f=0.40501821, f·√k=0.99208795
    k=  7: f=0.54829629, f·√k=1.45065563
    k= 10: f=0.12802992, f·√k=0.40486615

━━━━━━━━━━━━━━━━━━━━━━━━━━━━━━━━━━━━━━━━━━━━━━━━━━━━━━━━━━━━━━━━━━━━━━━━━━
  N = 20  (20×20, Vasyunin exact, 256-bit MPFR, 12 threads)
━━━━━━━━━━━━━━━━━━━━━━━━━━━━━━━━━━━━━━━━━━━━━━━━━━━━━━━━━━━━━━━━━━━━━━━━━━
  b[1..4] = [0.4227843351, 0.5579657578, 0.5071322079, 0.4522696741]
  Building Vasyunin Gram matrix...
    G: Done in 0.0s (210 entries, 12 cores)
  G(1,1) = 0.260661401507813
  G(1,2) = 0.272209255990873
  G(2,2) = 0.380330700753906
  G(1,1) exact = 0.260661401507813  (diff = 0.00e0)

  bᵀ G⁻¹ b   = 0.983915926383248
  d²_N        = 0.016084073616752
  X=bᵀC⁻¹b   = 61.173304091220
  1/(1+X)     = 0.016084073616754 (should match d²_N)
  SM Match    = 2.15e-15

  ┌─ SPECTRAL DATA ──────────────────────────────────────┐
  │  G: λ_min=2.59499233e-3  λ_max=2.34601878e0  κ=904.06  │
  │  C: λ_min=2.43856742e-3  λ_max=4.03003230e-1  κ=165.26  │
  └─────────────────────────────────────────────────────────┘

  ┌─ BÁEZ-DUARTE COMPARISON ──────────────────────────────┐
  │  d²_N (measured)    = 0.016084073617                  │
  │  d²_N (BD predict)  = 0.015419074108  (0.0462/lnN)    │
  │  Ratio meas/pred    = 1.043128                         │
  │  X / ln(N)          = 20.420151  (BD: ≈21.65)      │
  └─────────────────────────────────────────────────────────┘

  Optimal coefficients c* = G⁻¹b (first 10):
    c_1 =  -0.85887893  (μ(1)=1)
    c_2 =   0.90375589  (μ(2)=-1)
    c_3 =   0.88645117  (μ(3)=-1)
    c_4 =   0.12475627  (μ(4)=0)
    c_5 =   0.74732497  (μ(5)=-1)
    c_6 =  -0.54229299  (μ(6)=1)
    c_7 =   0.61246027  (μ(7)=-1)
    c_8 =   0.01736761  (μ(8)=0)
    c_9 =   0.02385037  (μ(9)=0)
    c_10 =  -0.37194591  (μ(10)=1)

  Envelope f(k) = c*_k / (-μ(k)) [squarefree k ≤ 30]:
    k=  1: f=0.85887893, f·√k=0.85887893
    k=  2: f=0.90375589, f·√k=1.27810383
    k=  3: f=0.88645117, f·√k=1.53537847
    k=  5: f=0.74732497, f·√k=1.67106944
    k=  6: f=0.54229299, f·√k=1.32834112
    k=  7: f=0.61246027, f·√k=1.62041756
    k= 10: f=0.37194591, f·√k=1.17619624
    k= 11: f=0.40388653, f·√k=1.33954009
    k= 13: f=0.39935662, f·√k=1.43990078
    k= 14: f=0.34481931, f·√k=1.29019573
    k= 15: f=0.29302556, f·√k=1.13488310
    k= 17: f=0.29030914, f·√k=1.19697527
    k= 19: f=0.32221573, f·√k=1.40450581

  Null space ghost (λ_min eigenvector, top 10):
    k=  19 μ=-1: -0.49079119  prime
    k=  18 μ= 0: +0.46196451  comp
    k=  17 μ=-1: -0.25368039  prime
    k=   1 μ= 1: +0.24950519  sqf
    k=   2 μ=-1: -0.24522002  prime
    k=   3 μ=-1: -0.21971814  prime
    k=  20 μ= 0: +0.21870237  comp
    k=   5 μ=-1: -0.21548894  prime
    k=  14 μ= 1: +0.21191478  sqf
    k=   7 μ=-1: -0.21068433  prime

━━━━━━━━━━━━━━━━━━━━━━━━━━━━━━━━━━━━━━━━━━━━━━━━━━━━━━━━━━━━━━━━━━━━━━━━━━
  N = 50  (50×50, Vasyunin exact, 256-bit MPFR, 12 threads)
━━━━━━━━━━━━━━━━━━━━━━━━━━━━━━━━━━━━━━━━━━━━━━━━━━━━━━━━━━━━━━━━━━━━━━━━━━
  b[1..4] = [0.4227843351, 0.5579657578, 0.5071322079, 0.4522696741]
  Building Vasyunin Gram matrix...
    G: Done in 0.1s (1275 entries, 12 cores)
  G(1,1) = 0.260661401507813
  G(1,2) = 0.272209255990873
  G(2,2) = 0.380330700753906
  G(1,1) exact = 0.260661401507813  (diff = 0.00e0)

  bᵀ G⁻¹ b   = 0.988349581498683
  d²_N        = 0.011650418501317
  X=bᵀC⁻¹b   = 84.833826474708
  1/(1+X)     = 0.011650418501320 (should match d²_N)
  SM Match    = 2.19e-15

  ┌─ SPECTRAL DATA ──────────────────────────────────────┐
  │  G: λ_min=4.34805682e-4  λ_max=3.05702501e0  κ=7030.78  │
  │  C: λ_min=4.34772557e-4  λ_max=8.62169822e-1  κ=1983.04  │
  └─────────────────────────────────────────────────────────┘

  ┌─ BÁEZ-DUARTE COMPARISON ──────────────────────────────┐
  │  d²_N (measured)    = 0.011650418501                  │
  │  d²_N (BD predict)  = 0.011807552734  (0.0462/lnN)    │
  │  Ratio meas/pred    = 0.986692                         │
  │  X / ln(N)          = 21.685411  (BD: ≈21.65)      │
  └─────────────────────────────────────────────────────────┘

  Optimal coefficients c* = G⁻¹b (first 10):
    c_1 =  -0.89760643  (μ(1)=1)
    c_2 =   0.92929453  (μ(2)=-1)
    c_3 =   0.91710837  (μ(3)=-1)
    c_4 =   0.09648154  (μ(4)=0)
    c_5 =   0.80261898  (μ(5)=-1)
    c_6 =  -0.65813625  (μ(6)=1)
    c_7 =   0.73520320  (μ(7)=-1)
    c_8 =  -0.01889515  (μ(8)=0)
    c_9 =   0.04356857  (μ(9)=0)
    c_10 =  -0.56562723  (μ(10)=1)

  Envelope f(k) = c*_k / (-μ(k)) [squarefree k ≤ 30]:
    k=  1: f=0.89760643, f·√k=0.89760643
    k=  2: f=0.92929453, f·√k=1.31422093
    k=  3: f=0.91710837, f·√k=1.58847829
    k=  5: f=0.80261898, f·√k=1.79471060
    k=  6: f=0.65813625, f·√k=1.61209800
    k=  7: f=0.73520320, f·√k=1.94516483
    k= 10: f=0.56562723, f·√k=1.78867035
    k= 11: f=0.61180869, f·√k=2.02913985
    k= 13: f=0.58749851, f·√k=2.11825601
    k= 14: f=0.48468285, f·√k=1.81351718
    k= 15: f=0.52625269, f·√k=2.03816791
    k= 17: f=0.46913566, f·√k=1.93429587
    k= 19: f=0.44908880, f·√k=1.95753271
    k= 21: f=0.51040252, f·√k=2.33895819
    k= 22: f=0.37711271, f·√k=1.76881540
    k= 23: f=0.48411948, f·√k=2.32175547
    k= 26: f=0.35207260, f·√k=1.79522505
    k= 29: f=0.26210219, f·√k=1.41146351
    k= 30: f=0.45840431, f·√k=2.51078383

  Null space ghost (λ_min eigenvector, top 10):
    k=  48 μ= 0: -0.77076752  comp
    k=  24 μ= 0: +0.29663472  comp
    k=  49 μ= 0: +0.28784716  comp
    k=  47 μ=-1: +0.22628366  prime
    k=  46 μ= 1: +0.21947230  sqf
    k=  23 μ=-1: -0.16323665  prime
    k=  25 μ= 0: -0.14415697  comp
    k=  50 μ= 0: +0.12122851  comp
    k=  42 μ=-1: +0.11874382  sqf
    k=  33 μ= 1: -0.09935988  sqf

━━━━━━━━━━━━━━━━━━━━━━━━━━━━━━━━━━━━━━━━━━━━━━━━━━━━━━━━━━━━━━━━━━━━━━━━━━
  N = 100  (100×100, Vasyunin exact, 256-bit MPFR, 12 threads)
━━━━━━━━━━━━━━━━━━━━━━━━━━━━━━━━━━━━━━━━━━━━━━━━━━━━━━━━━━━━━━━━━━━━━━━━━━
  b[1..4] = [0.4227843351, 0.5579657578, 0.5071322079, 0.4522696741]
  Building Vasyunin Gram matrix...
    G: Done in 0.2s (5050 entries, 12 cores)
  G(1,1) = 0.260661401507813
  G(1,2) = 0.272209255990873
  G(2,2) = 0.380330700753906
  G(1,1) exact = 0.260661401507813  (diff = 0.00e0)

  bᵀ G⁻¹ b   = 0.989972213382151
  d²_N        = 0.010027786617849
  X=bᵀC⁻¹b   = 98.722903778076
  1/(1+X)     = 0.010027786617861 (should match d²_N)
  SM Match    = 1.20e-14

  ┌─ SPECTRAL DATA ──────────────────────────────────────┐
  │  G: λ_min=1.20240968e-4  λ_max=3.54695269e0  κ=29498.70  │
  │  C: λ_min=1.20143704e-4  λ_max=1.30053418e0  κ=10824.82  │
  └─────────────────────────────────────────────────────────┘

  ┌─ BÁEZ-DUARTE COMPARISON ──────────────────────────────┐
  │  d²_N (measured)    = 0.010027786618                  │
  │  d²_N (BD predict)  = 0.010030338960  (0.0462/lnN)    │
  │  Ratio meas/pred    = 0.999746                         │
  │  X / ln(N)          = 21.437406  (BD: ≈21.65)      │
  └─────────────────────────────────────────────────────────┘

  Optimal coefficients c* = G⁻¹b (first 10):
    c_1 =  -0.91177960  (μ(1)=1)
    c_2 =   0.93828367  (μ(2)=-1)
    c_3 =   0.93115509  (μ(3)=-1)
    c_4 =   0.07809118  (μ(4)=0)
    c_5 =   0.83213472  (μ(5)=-1)
    c_6 =  -0.70337932  (μ(6)=1)
    c_7 =   0.75826311  (μ(7)=-1)
    c_8 =   0.01138035  (μ(8)=0)
    c_9 =   0.01041305  (μ(9)=0)
    c_10 =  -0.60737743  (μ(10)=1)

  Envelope f(k) = c*_k / (-μ(k)) [squarefree k ≤ 30]:
    k=  1: f=0.91177960, f·√k=0.91177960
    k=  2: f=0.93828367, f·√k=1.32693349
    k=  3: f=0.93115509, f·√k=1.61280792
    k=  5: f=0.83213472, f·√k=1.86070979
    k=  6: f=0.70337932, f·√k=1.72292044
    k=  7: f=0.75826311, f·√k=2.00617560
    k= 10: f=0.60737743, f·√k=1.92069609
    k= 11: f=0.65387703, f·√k=2.16866478
    k= 13: f=0.65376840, f·√k=2.35719548
    k= 14: f=0.57526798, f·√k=2.15245569
    k= 15: f=0.57568315, f·√k=2.22961127
    k= 17: f=0.54848054, f·√k=2.26144318
    k= 19: f=0.54083178, f·√k=2.35743108
    k= 21: f=0.49907776, f·√k=2.28706161
    k= 22: f=0.45495726, f·√k=2.13393870
    k= 23: f=0.48982898, f·√k=2.34913725
    k= 26: f=0.47556562, f·√k=2.42491838
    k= 29: f=0.43382878, f·√k=2.33623946
    k= 30: f=0.41034304, f·√k=2.24754138

  Null space ghost (λ_min eigenvector, top 10):
    k=  96 μ= 0: -0.66697175  comp
    k=  98 μ= 0: +0.42724285  comp
    k=  48 μ= 0: +0.30647447  comp
    k=  94 μ= 1: +0.23750896  sqf
    k=  49 μ= 0: -0.22026742  comp
    k=  99 μ= 0: -0.19094351  comp
    k=  95 μ= 1: +0.17088663  sqf
    k=  47 μ=-1: -0.16513869  prime
    k=  97 μ=-1: +0.10841421  prime
    k=  92 μ= 0: -0.09447404  comp

━━━━━━━━━━━━━━━━━━━━━━━━━━━━━━━━━━━━━━━━━━━━━━━━━━━━━━━━━━━━━━━━━━━━━━━━━━
  N = 200  (200×200, Vasyunin exact, 256-bit MPFR, 12 threads)
━━━━━━━━━━━━━━━━━━━━━━━━━━━━━━━━━━━━━━━━━━━━━━━━━━━━━━━━━━━━━━━━━━━━━━━━━━
  b[1..4] = [0.4227843351, 0.5579657578, 0.5071322079, 0.4522696741]
  Building Vasyunin Gram matrix...
    G: Done in 1.4s (20100 entries, 12 cores)
  G(1,1) = 0.260661401507813
  G(1,2) = 0.272209255990873
  G(2,2) = 0.380330700753906
  G(1,1) exact = 0.260661401507813  (diff = 0.00e0)

  bᵀ G⁻¹ b   = 0.991202538188214
  d²_N        = 0.008797461811786
  X=bᵀC⁻¹b   = 112.669149283579
  1/(1+X)     = 0.008797461811782 (should match d²_N)
  SM Match    = 4.47e-15

  ┌─ SPECTRAL DATA ──────────────────────────────────────┐
  │  G: λ_min=3.12549022e-5  λ_max=3.99073274e0  κ=127683.42  │
  │  C: λ_min=3.12548949e-5  λ_max=1.77935130e0  κ=56930.32  │
  └─────────────────────────────────────────────────────────┘

  ┌─ BÁEZ-DUARTE COMPARISON ──────────────────────────────┐
  │  d²_N (measured)    = 0.008797461812                  │
  │  d²_N (BD predict)  = 0.008718129688  (0.0462/lnN)    │
  │  Ratio meas/pred    = 1.009100                         │
  │  X / ln(N)          = 21.265081  (BD: ≈21.65)      │
  └─────────────────────────────────────────────────────────┘

  Optimal coefficients c* = G⁻¹b (first 10):
    c_1 =  -0.92244693  (μ(1)=1)
    c_2 =   0.94488919  (μ(2)=-1)
    c_3 =   0.93794274  (μ(3)=-1)
    c_4 =   0.07411084  (μ(4)=0)
    c_5 =   0.85010526  (μ(5)=-1)
    c_6 =  -0.73534563  (μ(6)=1)
    c_7 =   0.78064597  (μ(7)=-1)
    c_8 =   0.00837361  (μ(8)=0)
    c_9 =   0.00982304  (μ(9)=0)
    c_10 =  -0.64852790  (μ(10)=1)

  Envelope f(k) = c*_k / (-μ(k)) [squarefree k ≤ 30]:
    k=  1: f=0.92244693, f·√k=0.92244693
    k=  2: f=0.94488919, f·√k=1.33627511
    k=  3: f=0.93794274, f·√k=1.62456448
    k=  5: f=0.85010526, f·√k=1.90089315
    k=  6: f=0.73534563, f·√k=1.80122157
    k=  7: f=0.78064597, f·√k=2.06539509
    k= 10: f=0.64852790, f·√k=2.05082528
    k= 11: f=0.69376192, f·√k=2.30094800
    k= 13: f=0.67711125, f·√k=2.44135932
    k= 14: f=0.59919696, f·√k=2.24198975
    k= 15: f=0.60258910, f·√k=2.33381753
    k= 17: f=0.63001623, f·√k=2.59762348
    k= 19: f=0.61193752, f·√k=2.66737380
    k= 21: f=0.51172921, f·√k=2.34503782
    k= 22: f=0.51344600, f·√k=2.40827519
    k= 23: f=0.56577422, f·√k=2.71335786
    k= 26: f=0.50244990, f·√k=2.56200185
    k= 29: f=0.55415114, f·√k=2.98419521
    k= 30: f=0.40853776, f·√k=2.23765344

  Null space ghost (λ_min eigenvector, top 10):
    k= 198 μ= 0: -0.71162933  comp
    k= 196 μ= 0: +0.30419021  comp
    k=  99 μ= 0: +0.28947392  comp
    k= 199 μ=-1: +0.22672144  prime
    k=  98 μ= 0: -0.21129382  comp
    k= 192 μ= 0: +0.18430071  comp
    k= 194 μ= 1: -0.16519572  sqf
    k= 197 μ=-1: +0.16224745  prime
    k= 100 μ= 0: -0.13722616  comp
    k= 200 μ= 0: +0.13083332  comp

━━━━━━━━━━━━━━━━━━━━━━━━━━━━━━━━━━━━━━━━━━━━━━━━━━━━━━━━━━━━━━━━━━━━━━━━━━
  N = 500  (500×500, Vasyunin exact, 256-bit MPFR, 12 threads)
━━━━━━━━━━━━━━━━━━━━━━━━━━━━━━━━━━━━━━━━━━━━━━━━━━━━━━━━━━━━━━━━━━━━━━━━━━
  b[1..4] = [0.4227843351, 0.5579657578, 0.5071322079, 0.4522696741]
  Building Vasyunin Gram matrix...
    G: Done in 20.8s (125250 entries, 12 cores)
  G(1,1) = 0.260661401507813
  G(1,2) = 0.272209255990873
  G(2,2) = 0.380330700753906
  G(1,1) exact = 0.260661401507813  (diff = 0.00e0)

  bᵀ G⁻¹ b   = 0.992665338063632
  d²_N        = 0.007334661936368
  X=bᵀC⁻¹b   = 135.338935411658
  1/(1+X)     = 0.007334661936303 (should match d²_N)
  SM Match    = 6.44e-14

  ┌─ SPECTRAL DATA ──────────────────────────────────────┐
  │  G: λ_min=5.45987834e-6  λ_max=4.50843192e0  κ=825738.53  │
  │  C: λ_min=5.45921541e-6  λ_max=2.42755845e0  κ=444671.67  │
  └─────────────────────────────────────────────────────────┘

  ┌─ BÁEZ-DUARTE COMPARISON ──────────────────────────────┐
  │  d²_N (measured)    = 0.007334661936                  │
  │  d²_N (BD predict)  = 0.007432716142  (0.0462/lnN)    │
  │  Ratio meas/pred    = 0.986808                         │
  │  X / ln(N)          = 21.777549  (BD: ≈21.65)      │
  └─────────────────────────────────────────────────────────┘

  Optimal coefficients c* = G⁻¹b (first 10):
    c_1 =  -0.93529565  (μ(1)=1)
    c_2 =   0.95402108  (μ(2)=-1)
    c_3 =   0.94744811  (μ(3)=-1)
    c_4 =   0.06075406  (μ(4)=0)
    c_5 =   0.87316634  (μ(5)=-1)
    c_6 =  -0.77079090  (μ(6)=1)
    c_7 =   0.81515546  (μ(7)=-1)
    c_8 =   0.00040518  (μ(8)=0)
    c_9 =   0.02051751  (μ(9)=0)
    c_10 =  -0.71998170  (μ(10)=1)

  Envelope f(k) = c*_k / (-μ(k)) [squarefree k ≤ 30]:
    k=  1: f=0.93529565, f·√k=0.93529565
    k=  2: f=0.95402108, f·√k=1.34918955
    k=  3: f=0.94744811, f·√k=1.64102826
    k=  5: f=0.87316634, f·√k=1.95245928
    k=  6: f=0.77079090, f·√k=1.88804441
    k=  7: f=0.81515546, f·√k=2.15669862
    k= 10: f=0.71998170, f·√k=2.27678205
    k= 11: f=0.76012498, f·√k=2.52104936
    k= 13: f=0.72815154, f·√k=2.62538772
    k= 14: f=0.65975215, f·√k=2.46856650
    k= 15: f=0.67983887, f·√k=2.63300460
    k= 17: f=0.68268296, f·√k=2.81477393
    k= 19: f=0.65107277, f·√k=2.83796043
    k= 21: f=0.61995010, f·√k=2.84096825
    k= 22: f=0.60434888, f·√k=2.83464749
    k= 23: f=0.62848983, f·√k=3.01413134
    k= 26: f=0.57572305, f·√k=2.93562304
    k= 29: f=0.60324003, f·√k=3.24854699
    k= 30: f=0.50314623, f·√k=2.75584542

  Null space ghost (λ_min eigenvector, top 10):
    k= 492 μ= 0: -0.45143143  comp
    k= 498 μ=-1: +0.44074741  sqf
    k= 490 μ= 0: +0.27897319  comp
    k= 494 μ=-1: +0.25639333  sqf
    k= 246 μ=-1: +0.22775073  sqf
    k= 496 μ= 0: -0.21930986  comp
    k= 486 μ= 0: +0.19714069  comp
    k= 249 μ= 1: -0.19391413  sqf
    k= 247 μ= 1: -0.16605282  sqf
    k= 248 μ= 0: +0.16193057  comp

━━━━━━━━━━━━━━━━━━━━━━━━━━━━━━━━━━━━━━━━━━━━━━━━━━━━━━━━━━━━━━━━━━━━━━━━━━
  N = 1000  (1000×1000, Vasyunin exact, 256-bit MPFR, 12 threads)
━━━━━━━━━━━━━━━━━━━━━━━━━━━━━━━━━━━━━━━━━━━━━━━━━━━━━━━━━━━━━━━━━━━━━━━━━━
  b[1..4] = [0.4227843351, 0.5579657578, 0.5071322079, 0.4522696741]
  Building Vasyunin Gram matrix...
    G: Done in 165.0s (500500 entries, 12 cores)
  G(1,1) = 0.260661401507813
  G(1,2) = 0.272209255990873
  G(2,2) = 0.380330700753906
  G(1,1) exact = 0.260661401507813  (diff = 0.00e0)

  bᵀ G⁻¹ b   = 0.993510646204431
  d²_N        = 0.006489353795569
  X=bᵀC⁻¹b   = 153.098548408670
  1/(1+X)     = 0.006489353795521 (should match d²_N)
  SM Match    = 4.81e-14

  ┌─ SPECTRAL DATA ──────────────────────────────────────┐
  │  G: λ_min=1.43180056e-6  λ_max=4.85207964e0  κ=3388795.75  │
  │  C: λ_min=1.43175905e-6  λ_max=2.90473253e0  κ=2028785.87  │
  └─────────────────────────────────────────────────────────┘

  ┌─ BÁEZ-DUARTE COMPARISON ──────────────────────────────┐
  │  d²_N (measured)    = 0.006489353796                  │
  │  d²_N (BD predict)  = 0.006686892640  (0.0462/lnN)    │
  │  Ratio meas/pred    = 0.970459                         │
  │  X / ln(N)          = 22.163285  (BD: ≈21.65)      │
  └─────────────────────────────────────────────────────────┘

  Optimal coefficients c* = G⁻¹b (first 10):
    c_1 =  -0.94270475  (μ(1)=1)
    c_2 =   0.95874361  (μ(2)=-1)
    c_3 =   0.95402993  (μ(3)=-1)
    c_4 =   0.05566878  (μ(4)=0)
    c_5 =   0.88701635  (μ(5)=-1)
    c_6 =  -0.80023673  (μ(6)=1)
    c_7 =   0.83880966  (μ(7)=-1)
    c_8 =   0.00035855  (μ(8)=0)
    c_9 =   0.01340125  (μ(9)=0)
    c_10 =  -0.74366908  (μ(10)=1)

  Envelope f(k) = c*_k / (-μ(k)) [squarefree k ≤ 30]:
    k=  1: f=0.94270475, f·√k=0.94270475
    k=  2: f=0.95874361, f·√k=1.35586821
    k=  3: f=0.95402993, f·√k=1.65242832
    k=  5: f=0.88701635, f·√k=1.98342886
    k=  6: f=0.80023673, f·√k=1.96017167
    k=  7: f=0.83880966, f·√k=2.21928176
    k= 10: f=0.74366908, f·√k=2.35168813
    k= 11: f=0.78174996, f·√k=2.59277130
    k= 13: f=0.75883167, f·√k=2.73600650
    k= 14: f=0.68769141, f·√k=2.57310564
    k= 15: f=0.72017778, f·√k=2.78923656
    k= 17: f=0.71100834, f·√k=2.93156251
    k= 19: f=0.69981006, f·√k=3.05040133
    k= 21: f=0.66658867, f·√k=3.05469303
    k= 22: f=0.65711956, f·√k=3.08216392
    k= 23: f=0.69632519, f·√k=3.33945831
    k= 26: f=0.62588189, f·√k=3.19138399
    k= 29: f=0.66251338, f·√k=3.56774372
    k= 30: f=0.58404402, f·√k=3.19894084

  Null space ghost (λ_min eigenvector, top 10):
    k= 990 μ= 0: -0.59284918  comp
    k= 996 μ= 0: +0.26887366  comp
    k= 495 μ= 0: +0.26283230  comp
    k= 992 μ= 0: +0.24085782  comp
    k= 988 μ= 0: +0.23802769  comp
    k= 994 μ=-1: -0.20218532  sqf
    k= 984 μ= 0: +0.19754353  comp
    k= 496 μ= 0: -0.17588910  comp
    k= 494 μ=-1: -0.16849206  sqf
    k= 986 μ=-1: -0.15084589  sqf


══════════════════════════════════════════════════════════════════════════
  GRAND SUMMARY — VASYUNIN ORACLE
══════════════════════════════════════════════════════════════════════════

  Calculus is dead. The Riemann Hypothesis is pure discrete algebra.

  📁 Complete.
