    Finished `release` profile [optimized] target(s) in 0.03s
     Running `target/release/attack9`
═══ Attack 9: The Dimensional Autopsy (Rust) ═══
  A = ln(2π) - γ = 1.2606614015

═══ PNT Diagnostic: Σμ(k)/k ═══
  N=   100: Σμ(k)/k =   0.0311315335
  N=   500: Σμ(k)/k =  -0.0085208566
  N=  1000: Σμ(k)/k =   0.0044118698
  N=  5000: Σμ(k)/k =   0.0007782175
  N= 10000: Σμ(k)/k =  -0.0020826998
  N= 20000: Σμ(k)/k =   0.0014003096
  N= 50000: Σμ(k)/k =   0.0005321271

═══ Computing decompositions... ═══
  N=    50  0.0s  Q/ln=5.7879
  N=   100  0.0s  Q/ln=7.1290
  N=   200  0.0s  Q/ln=8.5135
  N=   500  0.0s  Q/ln=9.9718
  N=  1000  0.1s  Q/ln=10.7833
  N=  2000  0.8s  Q/ln=11.5727
  N=  5000  12.8s  Q/ln=12.4500
  N= 10000  102.5s  Q/ln=12.9587
  N= 20000  835.1s  Q/ln=13.4418
  N= 50000  14249.3s  Q/ln=14.0105

═══ Dimensional Decomposition: v^T [component] v ═══
     N      Rational           Log     Cotangent          Base          Mean         TOTAL
------------------------------------------------------------------------------------------
    50    -3.4420e-1      1.3436e0    -5.6158e-1    -6.5292e-2    -3.5679e-1     1.5758e-2
   100    -3.2206e-1      1.3920e0    -5.7882e-1    -4.7251e-2    -4.3078e-1     1.3121e-2
   200    -3.1798e-1      1.5768e0    -7.1792e-1    -3.5572e-2    -4.9435e-1     1.0959e-2
   500    -2.9438e-1      1.6759e0    -7.8904e-1    -2.5867e-2    -5.5764e-1     8.9983e-3
  1000    -2.5703e-1      1.5292e0    -6.4837e-1    -2.0974e-2    -5.9481e-1     7.9853e-3
  2000    -2.5884e-1      1.7563e0    -8.4466e-1    -1.7302e-2    -6.2837e-1     7.1436e-3
  5000    -2.3329e-1      1.7250e0    -8.0771e-1    -1.3784e-2    -6.6398e-1     6.2617e-3
 10000    -2.1813e-1      1.7234e0    -8.0096e-1    -1.1789e-2    -6.8679e-1     5.7543e-3
 20000    -2.0525e-1      1.7200e0    -7.9240e-1    -1.0196e-2    -7.0686e-1     5.3099e-3
 50000    -1.7387e-1      1.4542e0    -5.3736e-1    -8.5425e-3    -7.2966e-1     4.8133e-3

═══ Percentage Contribution (|component| / Σ|all|) ═══
     N  %Rational       %Log       %Cot      %Base      %Mean
------------------------------------------------------------
    50     12.88%     50.29%     21.02%      2.44%     13.36%
   100     11.62%     50.24%     20.89%      1.71%     15.55%
   200     10.12%     50.17%     22.84%      1.13%     15.73%
   500      8.81%     50.13%     23.60%      0.77%     16.68%
  1000      8.43%     50.13%     21.26%      0.69%     19.50%
  2000      7.38%     50.10%     24.10%      0.49%     17.93%
  5000      6.77%     50.09%     23.45%      0.40%     19.28%
 10000      6.34%     50.08%     23.28%      0.34%     19.96%
 20000      5.98%     50.08%     23.07%      0.30%     20.58%
 50000      5.99%     50.08%     18.51%      0.29%     25.13%

═══ Rank-1 Kill Diagnostic ═══
     N           Σv_k         Σv_k/k      |G1|/|G3|
----------------------------------------------------
    50       1.068527  -0.2555226379       0.612922
   100       1.175253  -0.2173718850       0.556399
   200       1.337340  -0.1886065070       0.442918
   500       1.451920  -0.1608307977       0.373086
  1000       1.407823  -0.1448237356       0.396429
  2000       1.560896  -0.1315382353       0.306437
  5000       1.576176  -0.1174060588       0.288827
 10000       1.593579  -0.1085766239       0.272332
 20000       1.612380  -0.1009737706       0.259017
 50000       1.492209  -0.0924259029       0.323560

═══ Rayleigh Quotient ═══
     N    Q/ln(N)        (b^Tv)²          v^TCv
----------------------------------------------
    50     5.7879      3.5679e-1      1.5758e-2
   100     7.1290      4.3078e-1      1.3121e-2
   200     8.5135      4.9435e-1      1.0959e-2
   500     9.9718      5.5764e-1      8.9983e-3
  1000    10.7833      5.9481e-1      7.9853e-3
  2000    11.5727      6.2837e-1      7.1436e-3
  5000    12.4500      6.6398e-1      6.2617e-3
 10000    12.9587      6.8679e-1      5.7543e-3
 20000    13.4418      7.0686e-1      5.3099e-3
 50000    14.0105      7.2966e-1      4.8133e-3

  📄 Saved to results_attack9.json
  ✅ Attack 9 complete.
