═══════════════════════════════════════════════════════════════
CATHEDRAL RL — RUN LOG
═══════════════════════════════════════════════════════════════
Timestamp:   1778302290
N:           120
Dimension:   119 × 119
Agent:       cg
Precision:   dd
CG Steps:    500
CG Tol:      1.00e-12
Wall Time:   0.53s
═══════════════════════════════════════════════════════════════
BASELINE (log-cutoff witness)
  d²    = 6.653732755244190e-2
  vᵀGv  = 1.254616629345181
  bᵀv   = 1.094039650896369

OPTIMIZED (CG-converged witness)
  d²    = 4.287896318648887e-2
  vᵀGv  = 0.957121036813512
  bᵀv   = 0.957121036813512

DERIVED
  Pythagorean: d²+vᵀGv = 1.000000000000001
  |residual|:  1.11e-15
  K_eff:       -0.205283
  ln(N):       4.787492
  vᵀGv < 1:   YES ✓ (subcritical)
  Improvement: 2.365836e-2 (35.56%)
  Matvec rate: 1176 mv/s
═══════════════════════════════════════════════════════════════
