
╔══════════════════════════════════════════════════════════════════╗
║  🌊 OUT-OF-CORE NB DISTANCE PROBE                              ║
║  Stream Gram matrices from disk for N > 50,000                  ║
║  Cathedral Core Team — May 2, 2026                              ║
╚══════════════════════════════════════════════════════════════════╝
  GPU: NVIDIA GeForce RTX 4090 (7287940053715 MB VRAM)
  OOC cache: /home/jrgochan/.cathedral-cache

  OOC matrix: N=120000, dim=119999
  Size: 107.3 GB
  ‖b‖ = 1.70172826
  ╔═══════════════════════════════════════════════════════════════╗
  ║  🎯 JACOBI-PRECONDITIONED CG SOLVER (mmap + GPU)            ║
  ╚═══════════════════════════════════════════════════════════════╝
  dim = 119999
  tol = 1.00e-8, max_iter = 300
  Matrix: 107.3 GB (mmap'd)
  GPU chunk: 4096 rows = 3750 MB

  ✓ Matrix mmap'd in 0.00s
  ✓ Jacobi preconditioner: diag range [1.0278e-5, 3.8033e-1], diag_cond = 3.70e4
  ✓ GPU matvec initialized (cuBLAS)

  ‖b‖ = 1.70172826e0
  iter         residual          |Δd²|         d²_est    time(s)
  ────── ────────────── ────────────── ────────────── ──────────
       0  9.67583431e-1  8.21260519e-3   0.9917873948     129.73
       1  8.76404407e-1  3.76389518e-2   0.9541484430     167.02
       2  7.44996121e-1  7.62323253e-2   0.8779161178     195.09
       3  6.12289884e-1  9.85236178e-2   0.7793925000     186.57
       4  5.00435664e-1  9.89769428e-2   0.6804155572     185.67
       5  4.15171518e-1  8.57210480e-2   0.5946945092     184.72
       6  3.50063047e-1  7.17266822e-2   0.5229678269     197.84
       7  3.57838778e-1  1.93724320e-2   0.5035953950     198.58
       8  2.98931721e-1  4.10542775e-2   0.4625411175     197.37
       9  2.59722238e-1  4.88930072e-2   0.4136481102     195.83
      10  2.25491789e-1  4.46474616e-2   0.3690006487     197.74
      11  1.94608994e-1  4.18957343e-2   0.3271049144     196.22
      12  1.71515283e-1  3.30113235e-2   0.2940935909     197.25
      13  1.67126964e-1  7.09354015e-3   0.2870000508     201.02
      14  1.81018262e-1  8.20247580e-3   0.2787975750     196.99
      15  1.44645277e-1  2.26066123e-2   0.2561909626     198.67
      16  1.25024356e-1  2.89385108e-2   0.2272524519     200.62
      17  1.08265527e-1  2.51204886e-2   0.2021319633     197.29
      18  9.43069620e-2  2.11261664e-2   0.1810057969     197.85
      19  8.27115384e-2  1.83550998e-2   0.1626506971     197.59
      20  8.29081485e-2  4.54210365e-4   0.1621964867     199.88
      30  3.78781902e-2  3.63568436e-3   0.0957018225     201.13
      40  2.28308977e-2  1.27480864e-4   0.0746137554     204.45
      50  1.37929385e-2  1.10855895e-3   0.0631513399     203.97
      60  8.92543075e-3  6.54156367e-4   0.0570073855     205.80
      70  6.76558538e-3  1.85982411e-3   0.0537402152     205.96
      80  5.91126567e-3  3.20745036e-4   0.0523471612     208.06
      90  5.07698208e-3  7.29098292e-5   0.0503976405     207.69
     100  4.36393353e-3  5.43212956e-4   0.0490385345     208.54
     150  2.24309817e-3  2.17958277e-4   0.0450220234     211.41
     200  6.27163382e-3  1.21892616e-4   0.0429278660     216.37
     250  3.51365485e-3  5.47676821e-5   0.0413071095     217.76

  ══════════════════════════════════════════
  d²_N = 0.040115135448
  Total CG time: 63477.7s
  ══════════════════════════════════════════

  🎯 RESULT: d²_120000 = 0.040115135448
  📜 Certificate → /home/jrgochan/.cathedral-cache/ooc_certificate_N120000.json

