═══════════════════════════════════════════════════════════
  CROSS-CLASS EIGENVALUE VERIFIER v2
  Matrix size: 60×60 (N = 2..61)
  Breakpoints: 500K per entry
═══════════════════════════════════════════════════════════

[1] Computing Gram matrix (1830 unique entries)...
    Row 5/60
    Row 10/60
    Row 15/60
    Row 20/60
    Row 25/60
    Row 30/60
    Row 35/60
    Row 40/60
    Row 45/60
    Row 50/60
    Row 55/60
    Row 60/60
    G[2,2]=0.2939105722 G[2,3]=0.2342161658 G[3,3]=0.3064454956

[2] Computing eigenvalues...
    N= 10: λ_min(G)=0.03197610 λ_min(blk)=0.03247205 λ_min(crs)=-0.83881575
    N= 20: λ_min(G)=0.02278025 λ_min(blk)=0.02450997 λ_min(crs)=-1.62574415
    N= 30: λ_min(G)=0.01990314 λ_min(blk)=0.02119925 λ_min(crs)=-2.57349552
    N= 40: λ_min(G)=0.01857612 λ_min(blk)=0.01994048 λ_min(crs)=-3.46058107
    N= 50: λ_min(G)=0.01801150 λ_min(blk)=0.01911894 λ_min(crs)=-4.32107733
    N= 60: λ_min(G)=0.01675456 λ_min(blk)=0.01804260 λ_min(crs)=-5.19682841
    N= 61: λ_min(G)=0.01675452 λ_min(blk)=0.01804260 λ_min(crs)=-5.22547730
