
  [1m[36m╔═══════════════════════════════════════════════════════════════════════╗[0m
  [1m[36m║[0m  [1m[97mCATHEDRAL DEEP PROBE — EXPERIMENTS B+C[0m
  [1m[36m║[0m  [2mDark sector sweep + eigenvector localization · max N = 1000[0m
  [1m[36m║[0m  [2m64-bit MPFR · 12 threads[0m
  [1m[36m╚═══════════════════════════════════════════════════════════════════════╝[0m


  [1m[36m╔═══════════════════════════════════════════════════════════════════════╗[0m
  [1m[36m║[0m  [1m[97mEXPERIMENT B: DARK SECTOR CRITICAL SWEEP[0m
  [1m[36m║[0m  [2mN = 60..250 step 2 · tracking GOE fit of even-sector[0m
  [1m[36m║[0m  [2mQuestion: smooth crossover or sharp phase transition?[0m
  [1m[36m╠═══════════════════════════════════════════════════════════════════════╣[0m
  [1m[36m║[0m  [2mN   │ dim(even)│ GOE_fit  │ Poi_fit  │ best     │ bar[0m
  [1m[36m║[0m  60  │ 30       │ 0.427054 │ 0.608455 │ [33mPoisson [0m │ [33m█████████████████░░░░░░░░░░░░░░░░░░░░░░░[0m
  [1m[36m║[0m  62  │ 31       │ 0.451756 │ 0.586060 │ [33mPoisson [0m │ [33m██████████████████░░░░░░░░░░░░░░░░░░░░░░[0m
  [1m[36m║[0m  64  │ 32       │ 0.434108 │ 0.757478 │ [33mPoisson [0m │ [33m█████████████████░░░░░░░░░░░░░░░░░░░░░░░[0m
  [1m[36m║[0m  66  │ 33       │ 0.432297 │ 0.671552 │ [33mPoisson [0m │ [33m█████████████████░░░░░░░░░░░░░░░░░░░░░░░[0m
  [1m[36m║[0m  68  │ 34       │ 0.452869 │ 0.692212 │ [33mPoisson [0m │ [33m██████████████████░░░░░░░░░░░░░░░░░░░░░░[0m
  [1m[36m║[0m  70  │ 35       │ 0.524412 │ 0.714072 │ [33mPoisson [0m │ [33m████████████████████░░░░░░░░░░░░░░░░░░░░[0m
  [1m[36m║[0m  72  │ 36       │ 0.478793 │ 0.501663 │ [33mPoisson [0m │ [33m███████████████████░░░░░░░░░░░░░░░░░░░░░[0m
  [1m[36m║[0m  74  │ 37       │ 0.439535 │ 0.500379 │ [33mPoisson [0m │ [33m█████████████████░░░░░░░░░░░░░░░░░░░░░░░[0m
  [1m[36m║[0m  76  │ 38       │ 0.471770 │ 0.665530 │ [33mPoisson [0m │ [33m██████████████████░░░░░░░░░░░░░░░░░░░░░░[0m
  [1m[36m║[0m  78  │ 39       │ 0.500228 │ 0.638647 │ [33mPoisson [0m │ [33m████████████████████░░░░░░░░░░░░░░░░░░░░[0m
  [1m[36m║[0m  80  │ 40       │ 0.459586 │ 0.651328 │ [33mPoisson [0m │ [33m██████████████████░░░░░░░░░░░░░░░░░░░░░░[0m
  [1m[36m║[0m  82  │ 41       │ 0.497078 │ 0.673815 │ [33mPoisson [0m │ [33m███████████████████░░░░░░░░░░░░░░░░░░░░░[0m
  [1m[36m║[0m  84  │ 42       │ 0.475269 │ 0.467088 │ [32mGOE     [0m │ [32m███████████████████░░░░░░░░░░░░░░░░░░░░░[0m
  [1m[36m║[0m  86  │ 43       │ 0.724896 │ 0.584767 │ [32mGOE     [0m │ [32m████████████████████████████░░░░░░░░░░░░[0m
  [1m[36m║[0m  88  │ 44       │ 0.587928 │ 0.690891 │ [33mPoisson [0m │ [33m███████████████████████░░░░░░░░░░░░░░░░░[0m
  [1m[36m║[0m  90  │ 45       │ 0.454987 │ 0.631174 │ [33mPoisson [0m │ [33m██████████████████░░░░░░░░░░░░░░░░░░░░░░[0m
  [1m[36m║[0m  92  │ 46       │ 0.433143 │ 0.552905 │ [33mPoisson [0m │ [33m█████████████████░░░░░░░░░░░░░░░░░░░░░░░[0m
  [1m[36m║[0m  94  │ 47       │ 0.495775 │ 0.490139 │ [32mGOE     [0m │ [32m███████████████████░░░░░░░░░░░░░░░░░░░░░[0m
  [1m[36m║[0m  96  │ 48       │ 0.444580 │ 0.412022 │ [32mGOE     [0m │ [32m█████████████████░░░░░░░░░░░░░░░░░░░░░░░[0m
  [1m[36m║[0m  98  │ 49       │ 0.543677 │ 0.638008 │ [33mPoisson [0m │ [33m█████████████████████░░░░░░░░░░░░░░░░░░░[0m
  [1m[36m║[0m  100 │ 50       │ 0.566319 │ 0.646949 │ [33mPoisson [0m │ [33m██████████████████████░░░░░░░░░░░░░░░░░░[0m
  [1m[36m║[0m  102 │ 51       │ 0.684781 │ 0.657540 │ [32mGOE     [0m │ [32m███████████████████████████░░░░░░░░░░░░░[0m
  [1m[36m║[0m  104 │ 52       │ 0.611199 │ 0.660168 │ [33mPoisson [0m │ [33m████████████████████████░░░░░░░░░░░░░░░░[0m
  [1m[36m║[0m  106 │ 53       │ 0.644399 │ 0.650306 │ [33mPoisson [0m │ [33m█████████████████████████░░░░░░░░░░░░░░░[0m
  [1m[36m║[0m  108 │ 54       │ 0.623674 │ 0.649651 │ [33mPoisson [0m │ [33m████████████████████████░░░░░░░░░░░░░░░░[0m
  [1m[36m║[0m  110 │ 55       │ 0.539893 │ 0.668693 │ [33mPoisson [0m │ [33m█████████████████████░░░░░░░░░░░░░░░░░░░[0m
  [1m[36m║[0m  112 │ 56       │ 0.541924 │ 0.572242 │ [33mPoisson [0m │ [33m█████████████████████░░░░░░░░░░░░░░░░░░░[0m
  [1m[36m║[0m  114 │ 57       │ 0.619719 │ 0.637047 │ [33mPoisson [0m │ [33m████████████████████████░░░░░░░░░░░░░░░░[0m
  [1m[36m║[0m  116 │ 58       │ 0.584857 │ 0.642449 │ [33mPoisson [0m │ [33m███████████████████████░░░░░░░░░░░░░░░░░[0m
  [1m[36m║[0m  118 │ 59       │ 0.699952 │ 0.708654 │ [33mPoisson [0m │ [33m███████████████████████████░░░░░░░░░░░░░[0m
  [1m[36m║[0m  120 │ 60       │ 0.614177 │ 0.628253 │ [33mPoisson [0m │ [33m████████████████████████░░░░░░░░░░░░░░░░[0m
  [1m[36m║[0m  122 │ 61       │ 0.629137 │ 0.642763 │ [33mPoisson [0m │ [33m█████████████████████████░░░░░░░░░░░░░░░[0m
  [1m[36m║[0m  124 │ 62       │ 0.646222 │ 0.741592 │ [33mPoisson [0m │ [33m█████████████████████████░░░░░░░░░░░░░░░[0m
  [1m[36m║[0m  126 │ 63       │ 0.689254 │ 0.627566 │ [32mGOE     [0m │ [32m███████████████████████████░░░░░░░░░░░░░[0m
  [1m[36m║[0m  128 │ 64       │ 0.667935 │ 0.760463 │ [33mPoisson [0m │ [33m██████████████████████████░░░░░░░░░░░░░░[0m
  [1m[36m║[0m  130 │ 65       │ 0.657526 │ 0.575740 │ [32mGOE     [0m │ [32m██████████████████████████░░░░░░░░░░░░░░[0m
  [1m[36m║[0m  132 │ 66       │ 0.663963 │ 0.596543 │ [32mGOE     [0m │ [32m██████████████████████████░░░░░░░░░░░░░░[0m
  [1m[36m║[0m  134 │ 67       │ 0.540923 │ 0.610647 │ [33mPoisson [0m │ [33m█████████████████████░░░░░░░░░░░░░░░░░░░[0m
  [1m[36m║[0m  136 │ 68       │ 0.592682 │ 0.721291 │ [33mPoisson [0m │ [33m███████████████████████░░░░░░░░░░░░░░░░░[0m
  [1m[36m║[0m  138 │ 69       │ 0.749306 │ 0.566516 │ [32mGOE     [0m │ [32m█████████████████████████████░░░░░░░░░░░[0m
  [1m[36m║[0m  140 │ 70       │ 0.759749 │ 0.548106 │ [32mGOE     [0m │ [32m██████████████████████████████░░░░░░░░░░[0m
  [1m[36m║[0m  142 │ 71       │ 0.735933 │ 0.494043 │ [32mGOE     [0m │ [32m█████████████████████████████░░░░░░░░░░░[0m
  [1m[36m║[0m  144 │ 72       │ 0.833963 │ 0.627048 │ [32mGOE     [0m │ [32m█████████████████████████████████░░░░░░░[0m
  [1m[36m║[0m  146 │ 73       │ 0.710308 │ 0.497230 │ [32mGOE     [0m │ [32m████████████████████████████░░░░░░░░░░░░[0m
  [1m[36m║[0m  148 │ 74       │ 0.698414 │ 0.593288 │ [32mGOE     [0m │ [32m███████████████████████████░░░░░░░░░░░░░[0m
  [1m[36m║[0m  150 │ 75       │ 0.743411 │ 0.714280 │ [32mGOE     [0m │ [32m█████████████████████████████░░░░░░░░░░░[0m
  [1m[36m║[0m  152 │ 76       │ 0.700997 │ 0.570312 │ [32mGOE     [0m │ [32m████████████████████████████░░░░░░░░░░░░[0m
  [1m[36m║[0m  154 │ 77       │ 0.724653 │ 0.650207 │ [32mGOE     [0m │ [32m████████████████████████████░░░░░░░░░░░░[0m
  [1m[36m║[0m  156 │ 78       │ 0.703998 │ 0.658585 │ [32mGOE     [0m │ [32m████████████████████████████░░░░░░░░░░░░[0m
  [1m[36m║[0m  158 │ 79       │ 0.796251 │ 0.616243 │ [32mGOE     [0m │ [32m███████████████████████████████░░░░░░░░░[0m
  [1m[36m║[0m  160 │ 80       │ 0.743916 │ 0.559248 │ [32mGOE     [0m │ [32m█████████████████████████████░░░░░░░░░░░[0m
  [1m[36m║[0m  162 │ 81       │ 0.797178 │ 0.621535 │ [32mGOE     [0m │ [32m███████████████████████████████░░░░░░░░░[0m
  [1m[36m║[0m  164 │ 82       │ 0.691591 │ 0.657327 │ [32mGOE     [0m │ [32m███████████████████████████░░░░░░░░░░░░░[0m
  [1m[36m║[0m  166 │ 83       │ 0.818581 │ 0.679593 │ [32mGOE     [0m │ [32m████████████████████████████████░░░░░░░░[0m
  [1m[36m║[0m  168 │ 84       │ 0.760426 │ 0.596316 │ [32mGOE     [0m │ [32m██████████████████████████████░░░░░░░░░░[0m
  [1m[36m║[0m  170 │ 85       │ 0.869531 │ 0.528215 │ [32mGOE     [0m │ [32m██████████████████████████████████░░░░░░[0m
  [1m[36m║[0m  172 │ 86       │ 0.652726 │ 0.561187 │ [32mGOE     [0m │ [32m██████████████████████████░░░░░░░░░░░░░░[0m
  [1m[36m║[0m  174 │ 87       │ 0.723205 │ 0.572566 │ [32mGOE     [0m │ [32m████████████████████████████░░░░░░░░░░░░[0m
  [1m[36m║[0m  176 │ 88       │ 0.748974 │ 0.639654 │ [32mGOE     [0m │ [32m█████████████████████████████░░░░░░░░░░░[0m
  [1m[36m║[0m  178 │ 89       │ 0.741728 │ 0.569621 │ [32mGOE     [0m │ [32m█████████████████████████████░░░░░░░░░░░[0m
  [1m[36m║[0m  180 │ 90       │ 0.763225 │ 0.533814 │ [32mGOE     [0m │ [32m██████████████████████████████░░░░░░░░░░[0m
  [1m[36m║[0m  182 │ 91       │ 0.839171 │ 0.634020 │ [32mGOE     [0m │ [32m█████████████████████████████████░░░░░░░[0m
  [1m[36m║[0m  184 │ 92       │ 0.786798 │ 0.579410 │ [32mGOE     [0m │ [32m███████████████████████████████░░░░░░░░░[0m
  [1m[36m║[0m  186 │ 93       │ 0.821602 │ 0.588714 │ [32mGOE     [0m │ [32m████████████████████████████████░░░░░░░░[0m
  [1m[36m║[0m  188 │ 94       │ 0.863852 │ 0.542028 │ [32mGOE     [0m │ [32m██████████████████████████████████░░░░░░[0m
  [1m[36m║[0m  190 │ 95       │ 0.696493 │ 0.459622 │ [32mGOE     [0m │ [32m███████████████████████████░░░░░░░░░░░░░[0m
  [1m[36m║[0m  192 │ 96       │ 0.668715 │ 0.442525 │ [32mGOE     [0m │ [32m██████████████████████████░░░░░░░░░░░░░░[0m
  [1m[36m║[0m  194 │ 97       │ 0.806983 │ 0.557411 │ [32mGOE     [0m │ [32m████████████████████████████████░░░░░░░░[0m
  [1m[36m║[0m  196 │ 98       │ 0.841035 │ 0.524340 │ [32mGOE     [0m │ [32m█████████████████████████████████░░░░░░░[0m
  [1m[36m║[0m  198 │ 99       │ 0.763978 │ 0.539472 │ [32mGOE     [0m │ [32m██████████████████████████████░░░░░░░░░░[0m
  [1m[36m║[0m  200 │ 100      │ 0.725766 │ 0.597135 │ [32mGOE     [0m │ [32m█████████████████████████████░░░░░░░░░░░[0m
  [1m[36m║[0m  202 │ 101      │ 0.763371 │ 0.580971 │ [32mGOE     [0m │ [32m██████████████████████████████░░░░░░░░░░[0m
  [1m[36m║[0m  204 │ 102      │ 0.863186 │ 0.656585 │ [32mGOE     [0m │ [32m██████████████████████████████████░░░░░░[0m
  [1m[36m║[0m  206 │ 103      │ 0.775698 │ 0.633210 │ [32mGOE     [0m │ [32m███████████████████████████████░░░░░░░░░[0m
  [1m[36m║[0m  208 │ 104      │ 0.815504 │ 0.657886 │ [32mGOE     [0m │ [32m████████████████████████████████░░░░░░░░[0m
  [1m[36m║[0m  210 │ 105      │ 0.804033 │ 0.628781 │ [32mGOE     [0m │ [32m████████████████████████████████░░░░░░░░[0m
  [1m[36m║[0m  212 │ 106      │ 0.714356 │ 0.609183 │ [32mGOE     [0m │ [32m████████████████████████████░░░░░░░░░░░░[0m
  [1m[36m║[0m  214 │ 107      │ 0.739804 │ 0.553530 │ [32mGOE     [0m │ [32m█████████████████████████████░░░░░░░░░░░[0m
  [1m[36m║[0m  216 │ 108      │ 0.807160 │ 0.668409 │ [32mGOE     [0m │ [32m████████████████████████████████░░░░░░░░[0m
  [1m[36m║[0m  218 │ 109      │ 0.834064 │ 0.620399 │ [32mGOE     [0m │ [32m█████████████████████████████████░░░░░░░[0m
  [1m[36m║[0m  220 │ 110      │ 0.757465 │ 0.591301 │ [32mGOE     [0m │ [32m██████████████████████████████░░░░░░░░░░[0m
  [1m[36m║[0m  222 │ 111      │ 0.726374 │ 0.564699 │ [32mGOE     [0m │ [32m█████████████████████████████░░░░░░░░░░░[0m
  [1m[36m║[0m  224 │ 112      │ 0.776065 │ 0.583387 │ [32mGOE     [0m │ [32m███████████████████████████████░░░░░░░░░[0m
  [1m[36m║[0m  226 │ 113      │ 0.851650 │ 0.527335 │ [32mGOE     [0m │ [32m██████████████████████████████████░░░░░░[0m
  [1m[36m║[0m  228 │ 114      │ 0.924478 │ 0.546498 │ [32mGOE     [0m │ [32m████████████████████████████████████░░░░[0m
  [1m[36m║[0m  230 │ 115      │ 0.844036 │ 0.520997 │ [32mGOE     [0m │ [32m█████████████████████████████████░░░░░░░[0m
  [1m[36m║[0m  232 │ 116      │ 0.843969 │ 0.574001 │ [32mGOE     [0m │ [32m█████████████████████████████████░░░░░░░[0m
  [1m[36m║[0m  234 │ 117      │ 0.872547 │ 0.579320 │ [32mGOE     [0m │ [32m██████████████████████████████████░░░░░░[0m
  [1m[36m║[0m  236 │ 118      │ 0.792671 │ 0.574892 │ [32mGOE     [0m │ [32m███████████████████████████████░░░░░░░░░[0m
  [1m[36m║[0m  238 │ 119      │ 0.856824 │ 0.494369 │ [32mGOE     [0m │ [32m██████████████████████████████████░░░░░░[0m
  [1m[36m║[0m  240 │ 120      │ 0.938673 │ 0.496244 │ [32mGOE     [0m │ [32m█████████████████████████████████████░░░[0m
  [1m[36m║[0m  242 │ 121      │ 0.884986 │ 0.446207 │ [32mGOE     [0m │ [32m███████████████████████████████████░░░░░[0m
  [1m[36m║[0m  244 │ 122      │ 0.653387 │ 0.421562 │ [32mGOE     [0m │ [32m██████████████████████████░░░░░░░░░░░░░░[0m
  [1m[36m║[0m  246 │ 123      │ 0.874893 │ 0.525623 │ [32mGOE     [0m │ [32m██████████████████████████████████░░░░░░[0m
  [1m[36m║[0m  248 │ 124      │ 0.922645 │ 0.536445 │ [32mGOE     [0m │ [32m████████████████████████████████████░░░░[0m
  [1m[36m║[0m  250 │ 125      │ 0.892966 │ 0.511276 │ [32mGOE     [0m │ [32m███████████████████████████████████░░░░░[0m
  [1m[36m╚═══════════════════════════════════════════════════════════════════════╝[0m

  [1m[97m═══ TRANSITION ANALYSIS ═══[0m
  [32mCritical N_c (GOE > Poisson):[0m [1m[97mN = 84[0m
  [36mTransition width (20%→80%):[0m [1m[97mΔN = 84 (N=86..170)[0m
  [32m→ SMOOTH crossover (ΔN > 60): liquid-like boiling[0m

  [1m[97m═══ COMPARISON: Full Matrix + Odd Sector ═══[0m
  [2mN   │ Full_GOE │ Odd_GOE  │ Dark_GOE[0m
  60  │ 0.568856 │ 0.392749 │ 0.427054
  70  │ 0.805513 │ 0.535844 │ 0.524412
  80  │ 0.743937 │ 0.475253 │ 0.459586
  90  │ 0.829996 │ 0.498283 │ 0.454987
  100 │ 0.771097 │ 0.627493 │ 0.566319
  110 │ 0.761371 │ 0.638061 │ 0.539893
  120 │ 0.879408 │ 0.552944 │ 0.614177
  130 │ 0.790741 │ 0.676314 │ 0.657526
  140 │ 0.885578 │ 0.525410 │ 0.759749
  150 │ 0.788081 │ 0.695731 │ 0.743411
  160 │ 0.918656 │ 0.547302 │ 0.743916
  170 │ 0.810291 │ 0.833135 │ 0.869531
  180 │ 0.829992 │ 0.709935 │ 0.763225
  190 │ 0.899838 │ 0.646941 │ 0.696493
  200 │ 0.886342 │ 0.835977 │ 0.725766

  [2mExperiment B completed in 14.5s[0m

  [1m[36m╔═══════════════════════════════════════════════════════════════════════╗[0m
  [1m[36m║[0m  [1m[97mEXPERIMENT C: EIGENVECTOR LOCALIZATION / QUANTUM SCARRING[0m
  [1m[36m║[0m  [2mParticipation ratio of eigenvectors across mod-8 residue classes[0m
  [1m[36m║[0m  [2mPR = 1/Σ|v_i|⁴ (IPR⁻¹). PR=dim → delocalized, PR=1 → localized[0m
  [1m[36m╠═══════════════════════════════════════════════════════════════════════╣[0m

  [1m[97m═══ N=100 (dim=99) ═══[0m
  [2meigenstate     │ eigenvalue      │  PR(full)│ k≡0(8) │ k≡1(8) │ k≡2(8) │ k≡3(8) │ k≡4(8) │ k≡5(8) │ k≡6(8) │ k≡7(8) │ scar?[0m
  ground (λ_min) │    0.0001203650 │      4.1 │  0.541 │  0.069 │  0.211 │  0.043 │  0.011 │  0.004 │  0.059 │  0.060 │ [31mSCAR k≡0(8) ×4.47[0m
  10th percentile │    0.0001736275 │      6.2 │  0.281 │  0.034 │  0.142 │  0.053 │  0.043 │  0.030 │  0.342 │  0.074 │ [31mSCAR k≡6(8) ×2.82[0m
  25th percentile │    0.0003183460 │     12.4 │  0.083 │  0.101 │  0.044 │  0.100 │  0.108 │  0.143 │  0.164 │  0.257 │ [31mSCAR k≡7(8) ×2.12[0m
  median         │    0.0010005077 │     23.2 │  0.295 │  0.154 │  0.071 │  0.130 │  0.082 │  0.075 │  0.076 │  0.117 │ [31mSCAR k≡0(8) ×2.43[0m
  75th percentile │    0.0058286338 │     31.8 │  0.249 │  0.141 │  0.095 │  0.050 │  0.109 │  0.156 │  0.079 │  0.121 │ [31mSCAR k≡0(8) ×2.05[0m
  top (λ_max)    │    3.3788236538 │     40.8 │  0.105 │  0.099 │  0.157 │  0.147 │  0.138 │  0.125 │  0.118 │  0.111 │ [32muniform ×1.20[0m

  [2mLocalization summary:[0m
  PR range: [3.5, 43.2]  mean=18.2  GOE_pred=33.0
  [33m→ Mean PR deviates from GOE (ratio = 0.551): partial localization[0m

  [1mGround state: top 10 weighted indices:[0m
  k=96([2mC[0m)=0.4362  k=98([2mC[0m)=0.1927  k=48([2mC[0m)=0.0932  k=94([2mC[0m)=0.0547  k=49([2mC[0m)=0.0497  k=99([2mC[0m)=0.0388  k=95([2mC[0m)=0.0279  k=47([36mP[0m)=0.0262  k=97([36mP[0m)=0.0108  k=92([2mC[0m)=0.0097  
  Prime weight: 0.0405  Composite weight: 0.9595

  [1m[97m═══ N=150 (dim=149) ═══[0m
  [2meigenstate     │ eigenvalue      │  PR(full)│ k≡0(8) │ k≡1(8) │ k≡2(8) │ k≡3(8) │ k≡4(8) │ k≡5(8) │ k≡6(8) │ k≡7(8) │ scar?[0m
  ground (λ_min) │    0.0000562562 │      6.1 │  0.438 │  0.068 │  0.208 │  0.014 │  0.108 │  0.015 │  0.096 │  0.053 │ [31mSCAR k≡0(8) ×3.62[0m
  10th percentile │    0.0000842957 │      4.9 │  0.031 │  0.050 │  0.120 │  0.064 │  0.415 │  0.198 │  0.099 │  0.023 │ [31mSCAR k≡4(8) ×3.25[0m
  25th percentile │    0.0001558908 │     21.1 │  0.127 │  0.049 │  0.031 │  0.142 │  0.123 │  0.248 │  0.143 │  0.137 │ [31mSCAR k≡5(8) ×1.95[0m
  median         │    0.0004635388 │     32.0 │  0.054 │  0.095 │  0.155 │  0.153 │  0.103 │  0.102 │  0.146 │  0.192 │ [31mSCAR k≡7(8) ×1.59[0m
  75th percentile │    0.0023628226 │     34.2 │  0.057 │  0.107 │  0.091 │  0.096 │  0.185 │  0.151 │  0.155 │  0.158 │ [32muniform ×1.45[0m
  top (λ_max)    │    3.6534370382 │     51.2 │  0.107 │  0.102 │  0.152 │  0.143 │  0.135 │  0.127 │  0.120 │  0.112 │ [32muniform ×1.19[0m

  [2mLocalization summary:[0m
  PR range: [3.2, 56.9]  mean=25.7  GOE_pred=49.7
  [33m→ Mean PR deviates from GOE (ratio = 0.517): partial localization[0m

  [1mGround state: top 10 weighted indices:[0m
  k=144([2mC[0m)=0.3402  k=146([2mC[0m)=0.1530  k=72([2mC[0m)=0.0817  k=148([2mC[0m)=0.0788  k=142([2mC[0m)=0.0679  k=73([36mP[0m)=0.0558  k=71([36mP[0m)=0.0304  k=140([2mC[0m)=0.0257  k=74([2mC[0m)=0.0254  k=138([2mC[0m)=0.0193  
  Prime weight: 0.1012  Composite weight: 0.8988

  [1m[97m═══ N=200 (dim=199) ═══[0m
  [2meigenstate     │ eigenvalue      │  PR(full)│ k≡0(8) │ k≡1(8) │ k≡2(8) │ k≡3(8) │ k≡4(8) │ k≡5(8) │ k≡6(8) │ k≡7(8) │ scar?[0m
  ground (λ_min) │    0.0000316698 │      6.1 │  0.208 │  0.035 │  0.121 │  0.074 │  0.125 │  0.020 │  0.370 │  0.047 │ [31mSCAR k≡6(8) ×2.95[0m
  10th percentile │    0.0000495750 │      9.2 │  0.304 │  0.055 │  0.057 │  0.088 │  0.192 │  0.025 │  0.171 │  0.108 │ [31mSCAR k≡0(8) ×2.42[0m
  25th percentile │    0.0000901260 │     14.7 │  0.067 │  0.219 │  0.291 │  0.054 │  0.115 │  0.093 │  0.066 │  0.095 │ [31mSCAR k≡2(8) ×2.31[0m
  median         │    0.0002881977 │     45.3 │  0.121 │  0.090 │  0.120 │  0.198 │  0.060 │  0.135 │  0.051 │  0.225 │ [31mSCAR k≡7(8) ×1.79[0m
  75th percentile │    0.0015971558 │     43.2 │  0.098 │  0.154 │  0.163 │  0.109 │  0.095 │  0.159 │  0.127 │  0.096 │ [32muniform ×1.30[0m
  top (λ_max)    │    3.8385521201 │     59.7 │  0.110 │  0.104 │  0.149 │  0.141 │  0.134 │  0.126 │  0.120 │  0.114 │ [32muniform ×1.19[0m

  [2mLocalization summary:[0m
  PR range: [2.7, 70.5]  mean=32.7  GOE_pred=66.3
  [31m→ Mean PR << GOE prediction (ratio = 0.493): LOCALIZED states present[0m

  [1mGround state: top 10 weighted indices:[0m
  k=198([2mC[0m)=0.3400  k=192([2mC[0m)=0.1501  k=196([2mC[0m)=0.1024  k=99([2mC[0m)=0.0667  k=194([2mC[0m)=0.0633  k=98([2mC[0m)=0.0455  k=96([2mC[0m)=0.0341  k=97([36mP[0m)=0.0282  k=199([36mP[0m)=0.0271  k=190([2mC[0m)=0.0204  
  Prime weight: 0.0854  Composite weight: 0.9146

  [1m[97m═══ N=300 (dim=299) ═══[0m
  [2meigenstate     │ eigenvalue      │  PR(full)│ k≡0(8) │ k≡1(8) │ k≡2(8) │ k≡3(8) │ k≡4(8) │ k≡5(8) │ k≡6(8) │ k≡7(8) │ scar?[0m
  ground (λ_min) │    0.0000144443 │      3.4 │  0.045 │  0.014 │  0.089 │  0.089 │  0.079 │  0.062 │  0.536 │  0.086 │ [31mSCAR k≡6(8) ×4.33[0m
  10th percentile │    0.0000233298 │     12.8 │  0.133 │  0.075 │  0.054 │  0.054 │  0.223 │  0.205 │  0.149 │  0.106 │ [31mSCAR k≡4(8) ×1.76[0m
  25th percentile │    0.0000432604 │     34.8 │  0.092 │  0.152 │  0.086 │  0.204 │  0.130 │  0.168 │  0.084 │  0.084 │ [31mSCAR k≡3(8) ×1.60[0m
  median         │    0.0001375336 │     68.6 │  0.111 │  0.133 │  0.133 │  0.099 │  0.131 │  0.124 │  0.112 │  0.156 │ [32muniform ×1.26[0m
  75th percentile │    0.0007817220 │     48.2 │  0.152 │  0.094 │  0.104 │  0.091 │  0.212 │  0.163 │  0.085 │  0.099 │ [31mSCAR k≡4(8) ×1.67[0m
  top (λ_max)    │    4.0859566177 │     73.4 │  0.111 │  0.107 │  0.147 │  0.140 │  0.133 │  0.126 │  0.121 │  0.115 │ [32muniform ×1.15[0m

  [2mLocalization summary:[0m
  PR range: [3.1, 102.1]  mean=47.3  GOE_pred=99.7
  [31m→ Mean PR << GOE prediction (ratio = 0.475): LOCALIZED states present[0m

  [1mGround state: top 10 weighted indices:[0m
  k=294([2mC[0m)=0.5242  k=295([2mC[0m)=0.0794  k=147([2mC[0m)=0.0656  k=293([36mP[0m)=0.0455  k=292([2mC[0m)=0.0373  k=298([2mC[0m)=0.0296  k=148([2mC[0m)=0.0251  k=146([2mC[0m)=0.0244  k=296([2mC[0m)=0.0193  k=290([2mC[0m)=0.0093  
  Prime weight: 0.0638  Composite weight: 0.9362

  [1m[97m═══ N=400 (dim=399) ═══[0m
  [2meigenstate     │ eigenvalue      │  PR(full)│ k≡0(8) │ k≡1(8) │ k≡2(8) │ k≡3(8) │ k≡4(8) │ k≡5(8) │ k≡6(8) │ k≡7(8) │ scar?[0m
  ground (λ_min) │    0.0000059881 │      3.0 │  0.611 │  0.116 │  0.025 │  0.017 │  0.048 │  0.019 │  0.039 │  0.124 │ [31mSCAR k≡0(8) ×4.88[0m
  10th percentile │    0.0000132950 │     28.5 │  0.187 │  0.047 │  0.078 │  0.135 │  0.253 │  0.070 │  0.142 │  0.089 │ [31mSCAR k≡4(8) ×2.02[0m
  25th percentile │    0.0000255624 │     61.1 │  0.075 │  0.109 │  0.087 │  0.118 │  0.089 │  0.192 │  0.149 │  0.181 │ [31mSCAR k≡5(8) ×1.53[0m
  median         │    0.0000813362 │    117.1 │  0.127 │  0.131 │  0.100 │  0.103 │  0.110 │  0.137 │  0.133 │  0.159 │ [32muniform ×1.27[0m
  75th percentile │    0.0004801806 │     81.1 │  0.090 │  0.130 │  0.099 │  0.158 │  0.123 │  0.151 │  0.092 │  0.158 │ [32muniform ×1.26[0m
  top (λ_max)    │    4.2521716974 │     84.5 │  0.113 │  0.108 │  0.144 │  0.138 │  0.132 │  0.126 │  0.121 │  0.116 │ [32muniform ×1.15[0m

  [2mLocalization summary:[0m
  PR range: [3.0, 122.0]  mean=64.4  GOE_pred=133.0
  [31m→ Mean PR << GOE prediction (ratio = 0.485): LOCALIZED states present[0m

  [1mGround state: top 10 weighted indices:[0m
  k=360([2mC[0m)=0.5555  k=359([36mP[0m)=0.0999  k=361([2mC[0m)=0.0982  k=240([2mC[0m)=0.0404  k=180([2mC[0m)=0.0336  k=270([2mC[0m)=0.0216  k=239([36mP[0m)=0.0129  k=241([36mP[0m)=0.0128  k=362([2mC[0m)=0.0091  k=378([2mC[0m)=0.0085  
  Prime weight: 0.1517  Composite weight: 0.8483

  [1m[97m═══ N=500 (dim=499) ═══[0m
  [2meigenstate     │ eigenvalue      │  PR(full)│ k≡0(8) │ k≡1(8) │ k≡2(8) │ k≡3(8) │ k≡4(8) │ k≡5(8) │ k≡6(8) │ k≡7(8) │ scar?[0m
  ground (λ_min) │    0.0000023315 │      7.1 │  0.216 │  0.230 │  0.099 │  0.030 │  0.238 │  0.080 │  0.049 │  0.059 │ [31mSCAR k≡4(8) ×1.89[0m
  10th percentile │    0.0000085472 │     58.3 │  0.166 │  0.083 │  0.238 │  0.065 │  0.160 │  0.078 │  0.153 │  0.056 │ [31mSCAR k≡2(8) ×1.89[0m
  25th percentile │    0.0000171390 │     96.3 │  0.128 │  0.100 │  0.116 │  0.172 │  0.131 │  0.136 │  0.073 │  0.145 │ [32muniform ×1.37[0m
  median         │    0.0000541018 │     96.5 │  0.115 │  0.142 │  0.183 │  0.099 │  0.128 │  0.122 │  0.084 │  0.127 │ [32muniform ×1.45[0m
  75th percentile │    0.0003145866 │    106.4 │  0.076 │  0.145 │  0.122 │  0.182 │  0.155 │  0.106 │  0.096 │  0.117 │ [32muniform ×1.44[0m
  top (λ_max)    │    4.3759375390 │     94.0 │  0.113 │  0.110 │  0.143 │  0.137 │  0.132 │  0.126 │  0.121 │  0.117 │ [32muniform ×1.14[0m

  [2mLocalization summary:[0m
  PR range: [4.0, 143.3]  mean=80.2  GOE_pred=166.3
  [31m→ Mean PR << GOE prediction (ratio = 0.482): LOCALIZED states present[0m

  [1mGround state: top 10 weighted indices:[0m
  k=444([2mC[0m)=0.2265  k=441([2mC[0m)=0.2110  k=440([2mC[0m)=0.1805  k=442([2mC[0m)=0.0778  k=445([2mC[0m)=0.0626  k=439([36mP[0m)=0.0265  k=294([2mC[0m)=0.0241  k=296([2mC[0m)=0.0221  k=295([2mC[0m)=0.0212  k=443([36mP[0m)=0.0202  
  Prime weight: 0.0614  Composite weight: 0.9386

  [1m[97m═══ N=750 (dim=749) ═══[0m
  [2meigenstate     │ eigenvalue      │  PR(full)│ k≡0(8) │ k≡1(8) │ k≡2(8) │ k≡3(8) │ k≡4(8) │ k≡5(8) │ k≡6(8) │ k≡7(8) │ scar?[0m
  ground (λ_min) │   -0.0000033187 │     22.4 │  0.153 │  0.098 │  0.182 │  0.100 │  0.166 │  0.095 │  0.116 │  0.091 │ [32muniform ×1.45[0m
  10th percentile │    0.0000033921 │    103.5 │  0.185 │  0.108 │  0.150 │  0.044 │  0.103 │  0.096 │  0.188 │  0.126 │ [32muniform ×1.50[0m
  25th percentile │    0.0000101141 │    142.8 │  0.121 │  0.110 │  0.134 │  0.109 │  0.118 │  0.112 │  0.177 │  0.120 │ [32muniform ×1.41[0m
  median         │    0.0000278863 │    176.2 │  0.129 │  0.127 │  0.120 │  0.132 │  0.144 │  0.109 │  0.098 │  0.141 │ [32muniform ×1.14[0m
  75th percentile │    0.0001499373 │    160.1 │  0.144 │  0.142 │  0.119 │  0.110 │  0.098 │  0.139 │  0.120 │  0.129 │ [32muniform ×1.16[0m
  top (λ_max)    │    4.5897290419 │    113.3 │  0.115 │  0.111 │  0.141 │  0.136 │  0.131 │  0.126 │  0.122 │  0.118 │ [32muniform ×1.13[0m

  [2mLocalization summary:[0m
  PR range: [3.6, 234.8]  mean=118.6  GOE_pred=249.7
  [31m→ Mean PR << GOE prediction (ratio = 0.475): LOCALIZED states present[0m

  [1mGround state: top 10 weighted indices:[0m
  k=364([2mC[0m)=0.0806  k=363([2mC[0m)=0.0785  k=361([2mC[0m)=0.0749  k=362([2mC[0m)=0.0725  k=360([2mC[0m)=0.0693  k=365([2mC[0m)=0.0538  k=546([2mC[0m)=0.0453  k=359([36mP[0m)=0.0394  k=543([2mC[0m)=0.0349  k=726([2mC[0m)=0.0326  
  Prime weight: 0.0735  Composite weight: 0.9265

  [1m[97m═══ N=1000 (dim=999) ═══[0m
  [2meigenstate     │ eigenvalue      │  PR(full)│ k≡0(8) │ k≡1(8) │ k≡2(8) │ k≡3(8) │ k≡4(8) │ k≡5(8) │ k≡6(8) │ k≡7(8) │ scar?[0m
  ground (λ_min) │   -0.0000038660 │     16.7 │  0.235 │  0.115 │  0.128 │  0.043 │  0.106 │  0.086 │  0.160 │  0.128 │ [31mSCAR k≡0(8) ×1.88[0m
  10th percentile │    0.0000019434 │     93.2 │  0.135 │  0.108 │  0.146 │  0.079 │  0.158 │  0.113 │  0.194 │  0.067 │ [31mSCAR k≡6(8) ×1.55[0m
  25th percentile │    0.0000084648 │    158.8 │  0.122 │  0.123 │  0.119 │  0.106 │  0.144 │  0.111 │  0.168 │  0.107 │ [32muniform ×1.35[0m
  median         │    0.0000211529 │    187.8 │  0.072 │  0.137 │  0.089 │  0.170 │  0.115 │  0.147 │  0.112 │  0.158 │ [32muniform ×1.36[0m
  75th percentile │    0.0000923323 │    210.6 │  0.104 │  0.134 │  0.184 │  0.121 │  0.110 │  0.122 │  0.132 │  0.093 │ [32muniform ×1.47[0m
  top (λ_max)    │    4.7330993409 │    128.8 │  0.115 │  0.112 │  0.140 │  0.135 │  0.131 │  0.126 │  0.122 │  0.118 │ [32muniform ×1.12[0m

  [2mLocalization summary:[0m
  PR range: [3.2, 309.0]  mean=154.9  GOE_pred=333.0
  [31m→ Mean PR << GOE prediction (ratio = 0.465): LOCALIZED states present[0m

  [1mGround state: top 10 weighted indices:[0m
  k=440([2mC[0m)=0.1389  k=439([36mP[0m)=0.1092  k=441([2mC[0m)=0.0945  k=438([2mC[0m)=0.0684  k=437([2mC[0m)=0.0559  k=880([2mC[0m)=0.0544  k=878([2mC[0m)=0.0413  k=436([2mC[0m)=0.0397  k=442([2mC[0m)=0.0364  k=882([2mC[0m)=0.0346  
  Prime weight: 0.1321  Composite weight: 0.8679

  [2mExperiment C completed in 69.2s[0m

  [1m[97mTotal:[0m [32m84.9s[0m (12 threads, f64/nalgebra)

