
  [1m[36m╔═══════════════════════════════════════════════════════════════════════╗[0m
  [1m[36m║[0m  [1m[97mCATHEDRAL FAST SPECTRAL PROBE (f64/nalgebra)[0m
  [1m[36m║[0m  [2mHardware-accelerated residue class decomposition · max N = 1000[0m
  [1m[36m║[0m  [2m64-bit MPFR · 12 threads[0m
  [1m[36m╚═══════════════════════════════════════════════════════════════════════╝[0m

  [2mTest schedule: [50, 100, 150, 200, 300, 400, 500, 750, 1000][0m

  [1m[97m═══ N=50 ═══[0m
    Building 49×49 f64 Gram matrix (1225 entries, rayon parallel)...
    dim=49 | k≡1:6 k≡3:6 k≡5:6 k≡7:6 | odd:24 even:25
  Full G_N       │    49 │   0.0004345566 │   2.8726535536 │     6.611e3 │ 0.0s
  k≡1(8)         │     6 │   0.0029540368 │   0.2856154731 │     9.669e1 │ 0.0s
  k≡3(8)         │     6 │   0.0038194083 │   0.4667763191 │     1.222e2 │ 0.0s
  k≡5(8)         │     6 │   0.0035359229 │   0.3765684190 │     1.065e2 │ 0.0s
  k≡7(8)         │     6 │   0.0032017779 │   0.3231099092 │     1.009e2 │ 0.0s
  Odd sector     │    24 │   0.0009599383 │   1.3782306134 │     1.436e3 │ 0.0s
  Dark (even)    │    25 │   0.0007708112 │   1.5209079365 │     1.973e3 │ 0.0s

  [2m  channel    │ GOE(β=1) │ Poisson  │ best[0m
  Full G_N       │   0.5332 │   0.7699 │ [33mPoisson[0m
  k≡1(8)         │   0.0836 │   0.1522 │ [33mPoisson[0m
  k≡3(8)         │   0.0881 │   0.1416 │ [33mPoisson[0m
  k≡5(8)         │   0.0866 │   0.1462 │ [33mPoisson[0m
  k≡7(8)         │   0.0866 │   0.1462 │ [33mPoisson[0m
  Odd sector     │   0.2640 │   0.3311 │ [33mPoisson[0m
  Dark (even)    │   0.3666 │   0.5879 │ [33mPoisson[0m
    ρ(k≡1,k≡7)=+0.782 ρ(k≡3,k≡5)=+0.757 ρ(odd,dark)=+0.954
    [2mN=50 in 0.0s[0m

  [1m[97m═══ N=100 ═══[0m
    Building 99×99 f64 Gram matrix (4950 entries, rayon parallel)...
    dim=99 | k≡1:12 k≡3:13 k≡5:12 k≡7:12 | odd:49 even:50
  Full G_N       │    99 │   0.0001203650 │   3.3788236538 │     2.807e4 │ 0.0s
  k≡1(8)         │    12 │   0.0008907979 │   0.3517138174 │     3.948e2 │ 0.0s
  k≡3(8)         │    13 │   0.0008720700 │   0.5247370911 │     6.017e2 │ 0.0s
  k≡5(8)         │    12 │   0.0009665335 │   0.4367722094 │     4.519e2 │ 0.0s
  k≡7(8)         │    12 │   0.0009348141 │   0.3871856444 │     4.142e2 │ 0.0s
  Odd sector     │    49 │   0.0002533982 │   1.6388307106 │     6.467e3 │ 0.0s
  Dark (even)    │    50 │   0.0002177520 │   1.7616916336 │     8.090e3 │ 0.0s

  [2m  channel    │ GOE(β=1) │ Poisson  │ best[0m
  Full G_N       │   0.7711 │   0.6355 │ [32mGOE (β=1)[0m
  k≡1(8)         │   0.1337 │   0.2365 │ [33mPoisson[0m
  k≡3(8)         │   0.1923 │   0.4191 │ [33mPoisson[0m
  k≡5(8)         │   0.1304 │   0.2433 │ [33mPoisson[0m
  k≡7(8)         │   0.1397 │   0.2692 │ [33mPoisson[0m
  Odd sector     │   0.6275 │   0.5026 │ [32mGOE (β=1)[0m
  Dark (even)    │   0.5663 │   0.6469 │ [33mPoisson[0m
    ρ(k≡1,k≡7)=+0.926 ρ(k≡3,k≡5)=+0.878 ρ(odd,dark)=+0.973
    [2mN=100 in 0.0s[0m

  [1m[97m═══ N=150 ═══[0m
    Building 149×149 f64 Gram matrix (11175 entries, rayon parallel)...
    dim=149 | k≡1:18 k≡3:19 k≡5:19 k≡7:18 | odd:74 even:75
  Full G_N       │   149 │   0.0000562562 │   3.6534370382 │     6.494e4 │ 0.0s
  k≡1(8)         │    18 │   0.0004255811 │   0.3889660965 │     9.140e2 │ 0.0s
  k≡3(8)         │    19 │   0.0004117199 │   0.5508005443 │     1.338e3 │ 0.0s
  k≡5(8)         │    19 │   0.0004034897 │   0.4739814125 │     1.175e3 │ 0.0s
  k≡7(8)         │    18 │   0.0004387810 │   0.4227832644 │     9.635e2 │ 0.0s
  Odd sector     │    74 │   0.0001154102 │   1.7798431746 │     1.542e4 │ 0.0s
  Dark (even)    │    75 │   0.0001021596 │   1.8930186669 │     1.853e4 │ 0.0s

  [2m  channel    │ GOE(β=1) │ Poisson  │ best[0m
  Full G_N       │   0.7881 │   0.5965 │ [32mGOE (β=1)[0m
  k≡1(8)         │   0.2324 │   0.4012 │ [33mPoisson[0m
  k≡3(8)         │   0.2690 │   0.4572 │ [33mPoisson[0m
  k≡5(8)         │   0.3002 │   0.5267 │ [33mPoisson[0m
  k≡7(8)         │   0.2099 │   0.4016 │ [33mPoisson[0m
  Odd sector     │   0.6957 │   0.7621 │ [33mPoisson[0m
  Dark (even)    │   0.7434 │   0.7143 │ [32mGOE (β=1)[0m
    ρ(k≡1,k≡7)=+0.944 ρ(k≡3,k≡5)=+0.918 ρ(odd,dark)=+0.977
    [2mN=150 in 0.1s[0m

  [1m[97m═══ N=200 ═══[0m
    Building 199×199 f64 Gram matrix (19900 entries, rayon parallel)...
    dim=199 | k≡1:24 k≡3:25 k≡5:25 k≡7:25 | odd:99 even:100
  Full G_N       │   199 │   0.0000316698 │   3.8385521201 │     1.212e5 │ 0.0s
  k≡1(8)         │    24 │   0.0002514193 │   0.4144932067 │     1.649e3 │ 0.0s
  k≡3(8)         │    25 │   0.0002484094 │   0.5687135049 │     2.289e3 │ 0.0s
  k≡5(8)         │    25 │   0.0002381080 │   0.4951008116 │     2.079e3 │ 0.0s
  k≡7(8)         │    25 │   0.0002188842 │   0.4503764927 │     2.058e3 │ 0.0s
  Odd sector     │    99 │   0.0000665242 │   1.8747967846 │     2.818e4 │ 0.0s
  Dark (even)    │   100 │   0.0000598059 │   1.9817635986 │     3.314e4 │ 0.0s

  [2m  channel    │ GOE(β=1) │ Poisson  │ best[0m
  Full G_N       │   0.8863 │   0.5660 │ [32mGOE (β=1)[0m
  k≡1(8)         │   0.3320 │   0.5050 │ [33mPoisson[0m
  k≡3(8)         │   0.3053 │   0.4140 │ [33mPoisson[0m
  k≡5(8)         │   0.2744 │   0.3673 │ [33mPoisson[0m
  k≡7(8)         │   0.3717 │   0.5608 │ [33mPoisson[0m
  Odd sector     │   0.8360 │   0.5164 │ [32mGOE (β=1)[0m
  Dark (even)    │   0.7258 │   0.5971 │ [32mGOE (β=1)[0m
    ρ(k≡1,k≡7)=+0.957 ρ(k≡3,k≡5)=+0.924 ρ(odd,dark)=+0.981
    [2mN=200 in 0.3s[0m

  [1m[97m═══ N=300 ═══[0m
    Building 299×299 f64 Gram matrix (44850 entries, rayon parallel)...
    dim=299 | k≡1:37 k≡3:38 k≡5:37 k≡7:37 | odd:149 even:150
  Full G_N       │   299 │   0.0000144443 │   4.0859566177 │     2.829e5 │ 0.0s
  k≡1(8)         │    37 │   0.0001058537 │   0.4512447481 │     4.263e3 │ 0.0s
  k≡3(8)         │    38 │   0.0001106020 │   0.5945968753 │     5.376e3 │ 0.0s
  k≡5(8)         │    37 │   0.0001155318 │   0.5238416801 │     4.534e3 │ 0.0s
  k≡7(8)         │    37 │   0.0001090176 │   0.4817528151 │     4.419e3 │ 0.0s
  Odd sector     │   149 │   0.0000302589 │   2.0016126776 │     6.615e4 │ 0.0s
  Dark (even)    │   150 │   0.0000285858 │   2.1005864962 │     7.348e4 │ 0.0s

  [2m  channel    │ GOE(β=1) │ Poisson  │ best[0m
  Full G_N       │   0.9754 │   0.5048 │ [32mGOE (β=1)[0m
  k≡1(8)         │   0.5993 │   0.5300 │ [32mGOE (β=1)[0m
  k≡3(8)         │   0.6284 │   0.6464 │ [33mPoisson[0m
  k≡5(8)         │   0.4240 │   0.5136 │ [33mPoisson[0m
  k≡7(8)         │   0.5864 │   0.5518 │ [32mGOE (β=1)[0m
  Odd sector     │   0.9401 │   0.5334 │ [32mGOE (β=1)[0m
  Dark (even)    │   0.7479 │   0.7018 │ [32mGOE (β=1)[0m
    ρ(k≡1,k≡7)=+0.968 ρ(k≡3,k≡5)=+0.937 ρ(odd,dark)=+0.981
    [2mN=300 in 1.3s[0m

  [1m[97m═══ N=400 ═══[0m
    Building 399×399 f64 Gram matrix (79800 entries, rayon parallel)...
    dim=399 | k≡1:49 k≡3:50 k≡5:50 k≡7:50 | odd:199 even:200
  Full G_N       │   399 │   0.0000059881 │   4.2521716974 │     7.101e5 │ 0.0s
  k≡1(8)         │    49 │   0.0000641042 │   0.4739603061 │     7.394e3 │ 0.0s
  k≡3(8)         │    50 │   0.0000659724 │   0.6106514296 │     9.256e3 │ 0.0s
  k≡5(8)         │    50 │   0.0000653001 │   0.5447819639 │     8.343e3 │ 0.0s
  k≡7(8)         │    50 │   0.0000640216 │   0.5046762350 │     7.883e3 │ 0.0s
  Odd sector     │   199 │   0.0000174903 │   2.0867603009 │     1.193e5 │ 0.0s
  Dark (even)    │   200 │   0.0000148525 │   2.1805429152 │     1.468e5 │ 0.0s

  [2m  channel    │ GOE(β=1) │ Poisson  │ best[0m
  Full G_N       │   0.8587 │   0.6069 │ [32mGOE (β=1)[0m
  k≡1(8)         │   0.4825 │   0.4520 │ [32mGOE (β=1)[0m
  k≡3(8)         │   0.5359 │   0.6263 │ [33mPoisson[0m
  k≡5(8)         │   0.6290 │   0.5553 │ [32mGOE (β=1)[0m
  k≡7(8)         │   0.5590 │   0.5655 │ [33mPoisson[0m
  Odd sector     │   0.9065 │   0.5428 │ [32mGOE (β=1)[0m
  Dark (even)    │   0.7606 │   0.5580 │ [32mGOE (β=1)[0m
    ρ(k≡1,k≡7)=+0.973 ρ(k≡3,k≡5)=+0.947 ρ(odd,dark)=+0.986
    [2mN=400 in 3.6s[0m

  [1m[97m═══ N=500 ═══[0m
    Building 499×499 f64 Gram matrix (124750 entries, rayon parallel)...
    dim=499 | k≡1:62 k≡3:63 k≡5:62 k≡7:62 | odd:249 even:250
  Full G_N       │   499 │   0.0000023315 │   4.3759375390 │     1.877e6 │ 0.1s
  k≡1(8)         │    62 │   0.0000435623 │   0.4922960091 │     1.130e4 │ 0.0s
  k≡3(8)         │    63 │   0.0000433316 │   0.6236383156 │     1.439e4 │ 0.0s
  k≡5(8)         │    62 │   0.0000436039 │   0.5591557058 │     1.282e4 │ 0.0s
  k≡7(8)         │    62 │   0.0000436299 │   0.5204279794 │     1.193e4 │ 0.0s
  Odd sector     │   249 │   0.0000102128 │   2.1501431971 │     2.105e5 │ 0.0s
  Dark (even)    │   250 │   0.0000088659 │   2.2401347829 │     2.527e5 │ 0.0s

  [2m  channel    │ GOE(β=1) │ Poisson  │ best[0m
  Full G_N       │   0.9741 │   0.5154 │ [32mGOE (β=1)[0m
  k≡1(8)         │   0.6732 │   0.6205 │ [32mGOE (β=1)[0m
  k≡3(8)         │   0.6833 │   0.5711 │ [32mGOE (β=1)[0m
  k≡5(8)         │   0.6877 │   0.5355 │ [32mGOE (β=1)[0m
  k≡7(8)         │   0.6612 │   0.6660 │ [33mPoisson[0m
  Odd sector     │   0.8895 │   0.5022 │ [32mGOE (β=1)[0m
  Dark (even)    │   0.8824 │   0.5418 │ [32mGOE (β=1)[0m
    ρ(k≡1,k≡7)=+0.974 ρ(k≡3,k≡5)=+0.950 ρ(odd,dark)=+0.986
    [2mN=500 in 8.2s[0m

  [1m[97m═══ N=750 ═══[0m
    Building 749×749 f64 Gram matrix (280875 entries, rayon parallel)...
    dim=749 | k≡1:93 k≡3:94 k≡5:94 k≡7:93 | odd:374 even:375
  Full G_N       │   749 │  -0.0000033187 │   4.5897290419 │    -1.383e6 │ 0.2s
  k≡1(8)         │    93 │   0.0000245682 │   0.5224071077 │     2.126e4 │ 0.0s
  k≡3(8)         │    94 │   0.0000251331 │   0.6450239019 │     2.566e4 │ 0.0s
  k≡5(8)         │    94 │   0.0000249724 │   0.5856131334 │     2.345e4 │ 0.0s
  k≡7(8)         │    93 │   0.0000247378 │   0.5487345381 │     2.218e4 │ 0.0s
  Odd sector     │   374 │   0.0000034928 │   2.2595926234 │     6.469e5 │ 0.0s
  Dark (even)    │   375 │   0.0000004987 │   2.3431833440 │     4.698e6 │ 0.0s

  [2m  channel    │ GOE(β=1) │ Poisson  │ best[0m
  Full G_N       │   0.9899 │   0.4618 │ [32mGOE (β=1)[0m
  k≡1(8)         │   0.7190 │   0.5715 │ [32mGOE (β=1)[0m
  k≡3(8)         │   0.8368 │   0.5727 │ [32mGOE (β=1)[0m
  k≡5(8)         │   0.7643 │   0.5548 │ [32mGOE (β=1)[0m
  k≡7(8)         │   0.6983 │   0.7251 │ [33mPoisson[0m
  Odd sector     │   0.8987 │   0.5528 │ [32mGOE (β=1)[0m
  Dark (even)    │   0.9707 │   0.5184 │ [32mGOE (β=1)[0m
    ρ(k≡1,k≡7)=+0.979 ρ(k≡3,k≡5)=+0.950 ρ(odd,dark)=+0.986
    [2mN=750 in 24.3s[0m

  [1m[97m═══ N=1000 ═══[0m
    Building 999×999 f64 Gram matrix (499500 entries, rayon parallel)...
    dim=999 | k≡1:124 k≡3:125 k≡5:125 k≡7:125 | odd:499 even:500
  Full G_N       │   999 │  -0.0000038660 │   4.7330993409 │    -1.224e6 │ 0.6s
  k≡1(8)         │   124 │   0.0000201243 │   0.5426506358 │     2.696e4 │ 0.0s
  k≡3(8)         │   125 │   0.0000207288 │   0.6594457185 │     3.181e4 │ 0.0s
  k≡5(8)         │   125 │   0.0000204927 │   0.6027483772 │     2.941e4 │ 0.0s
  k≡7(8)         │   125 │   0.0000201626 │   0.5682688248 │     2.818e4 │ 0.0s
  Odd sector     │   499 │   0.0000033000 │   2.3329678664 │     7.070e5 │ 0.0s
  Dark (even)    │   500 │  -0.0000008034 │   2.4123625476 │    -3.003e6 │ 0.0s

  [2m  channel    │ GOE(β=1) │ Poisson  │ best[0m
  Full G_N       │   0.9734 │   0.5005 │ [32mGOE (β=1)[0m
  k≡1(8)         │   0.8515 │   0.5917 │ [32mGOE (β=1)[0m
  k≡3(8)         │   0.8984 │   0.5875 │ [32mGOE (β=1)[0m
  k≡5(8)         │   0.8491 │   0.6431 │ [32mGOE (β=1)[0m
  k≡7(8)         │   0.9009 │   0.5369 │ [32mGOE (β=1)[0m
  Odd sector     │   0.9279 │   0.5411 │ [32mGOE (β=1)[0m
  Dark (even)    │   0.9550 │   0.5401 │ [32mGOE (β=1)[0m
    ρ(k≡1,k≡7)=+0.983 ρ(k≡3,k≡5)=+0.947 ρ(odd,dark)=+0.986
    [2mN=1000 in 49.5s[0m

  [1m[36m╔═══════════════════════════════════════════════════════════════════════╗[0m
  [1m[36m║[0m  [1m[97mFAST PROBE SUMMARY — PHASE TRANSITION MAP[0m
  [1m[36m╠═══════════════════════════════════════════════════════════════════════╣[0m
  [1m[36m║[0m  [2mN     │ Full     │ k≡1(8)   │ k≡3(8)   │ k≡5(8)   │ k≡7(8)   │ Dark[0m
  [1m[36m║[0m  50    │ Poisson  │ Poisson  │ Poisson  │ Poisson  │ Poisson  │ Poisson
  [1m[36m║[0m  100   │ GOE      │ Poisson  │ Poisson  │ Poisson  │ Poisson  │ Poisson
  [1m[36m║[0m  150   │ GOE      │ Poisson  │ Poisson  │ Poisson  │ Poisson  │ GOE
  [1m[36m║[0m  200   │ GOE      │ Poisson  │ Poisson  │ Poisson  │ Poisson  │ GOE
  [1m[36m║[0m  300   │ GOE      │ GOE      │ Poisson  │ Poisson  │ GOE      │ GOE
  [1m[36m║[0m  400   │ GOE      │ GOE      │ Poisson  │ GOE      │ Poisson  │ GOE
  [1m[36m║[0m  500   │ GOE      │ GOE      │ GOE      │ GOE      │ Poisson  │ GOE
  [1m[36m║[0m  750   │ GOE      │ GOE      │ GOE      │ GOE      │ Poisson  │ GOE
  [1m[36m║[0m  1000  │ GOE      │ GOE      │ GOE      │ GOE      │ GOE      │ GOE
  [1m[36m╚═══════════════════════════════════════════════════════════════════════╝[0m

  [1m[97mTotal:[0m [32m87.3s[0m (12 threads, f64/nalgebra)

