
  [1m[36m╔═══════════════════════════════════════════════════════════════════════╗[0m
  [1m[36m║[0m  [1m[97mCATHEDRAL FAST SPECTRAL PROBE (hybrid MPFR/f64)[0m
  [1m[36m║[0m  [2mMPFR Gram (N≥500) + nalgebra eigensolve · max N = 1000[0m
  [1m[36m║[0m  [2m128-bit MPFR · 12 threads[0m
  [1m[36m╚═══════════════════════════════════════════════════════════════════════╝[0m

  [2mTest schedule: [50, 100, 150, 200, 300, 400, 500, 750, 1000][0m

  [1m[97m═══ N=50 ═══[0m
    Building 49×49 f64 Gram matrix (1225 entries, rayon parallel)...
    dim=49 | k≡1:6 k≡3:6 k≡5:6 k≡7:6 | odd:24 even:25
  Full G_N       │    49 │   0.0004345566 │   2.8726535536 │     6.611e3 │ 0.0s
  k≡1(8)         │     6 │   0.0029540368 │   0.2856154731 │     9.669e1 │ 0.0s
  k≡3(8)         │     6 │   0.0038194083 │   0.4667763191 │     1.222e2 │ 0.0s
  k≡5(8)         │     6 │   0.0035359229 │   0.3765684190 │     1.065e2 │ 0.0s
  k≡7(8)         │     6 │   0.0032017779 │   0.3231099092 │     1.009e2 │ 0.0s
  Odd sector     │    24 │   0.0009599383 │   1.3782306134 │     1.436e3 │ 0.0s
  Dark (even)    │    25 │   0.0007708112 │   1.5209079365 │     1.973e3 │ 0.0s

  [2m  channel    │ GOE(β=1) │ Poisson  │ best[0m
  Full G_N       │   0.5332 │   0.7699 │ [33mPoisson[0m
  k≡1(8)         │   0.0836 │   0.1522 │ [33mPoisson[0m
  k≡3(8)         │   0.0881 │   0.1416 │ [33mPoisson[0m
  k≡5(8)         │   0.0866 │   0.1462 │ [33mPoisson[0m
  k≡7(8)         │   0.0866 │   0.1462 │ [33mPoisson[0m
  Odd sector     │   0.2640 │   0.3311 │ [33mPoisson[0m
  Dark (even)    │   0.3666 │   0.5879 │ [33mPoisson[0m
    ρ(k≡1,k≡7)=+0.782 ρ(k≡3,k≡5)=+0.757 ρ(odd,dark)=+0.954
    [2mN=50 in 0.0s[0m

  [1m[97m═══ N=100 ═══[0m
    Building 99×99 f64 Gram matrix (4950 entries, rayon parallel)...
    dim=99 | k≡1:12 k≡3:13 k≡5:12 k≡7:12 | odd:49 even:50
  Full G_N       │    99 │   0.0001203650 │   3.3788236538 │     2.807e4 │ 0.0s
  k≡1(8)         │    12 │   0.0008907979 │   0.3517138174 │     3.948e2 │ 0.0s
  k≡3(8)         │    13 │   0.0008720700 │   0.5247370911 │     6.017e2 │ 0.0s
  k≡5(8)         │    12 │   0.0009665335 │   0.4367722094 │     4.519e2 │ 0.0s
  k≡7(8)         │    12 │   0.0009348141 │   0.3871856444 │     4.142e2 │ 0.0s
  Odd sector     │    49 │   0.0002533982 │   1.6388307106 │     6.467e3 │ 0.0s
  Dark (even)    │    50 │   0.0002177520 │   1.7616916336 │     8.090e3 │ 0.0s

  [2m  channel    │ GOE(β=1) │ Poisson  │ best[0m
  Full G_N       │   0.7711 │   0.6355 │ [32mGOE (β=1)[0m
  k≡1(8)         │   0.1337 │   0.2365 │ [33mPoisson[0m
  k≡3(8)         │   0.1923 │   0.4191 │ [33mPoisson[0m
  k≡5(8)         │   0.1304 │   0.2433 │ [33mPoisson[0m
  k≡7(8)         │   0.1397 │   0.2692 │ [33mPoisson[0m
  Odd sector     │   0.6275 │   0.5026 │ [32mGOE (β=1)[0m
  Dark (even)    │   0.5663 │   0.6469 │ [33mPoisson[0m
    ρ(k≡1,k≡7)=+0.926 ρ(k≡3,k≡5)=+0.878 ρ(odd,dark)=+0.973
    [2mN=100 in 0.0s[0m

  [1m[97m═══ N=150 ═══[0m
    Building 149×149 f64 Gram matrix (11175 entries, rayon parallel)...
    dim=149 | k≡1:18 k≡3:19 k≡5:19 k≡7:18 | odd:74 even:75
  Full G_N       │   149 │   0.0000562562 │   3.6534370382 │     6.494e4 │ 0.0s
  k≡1(8)         │    18 │   0.0004255811 │   0.3889660965 │     9.140e2 │ 0.0s
  k≡3(8)         │    19 │   0.0004117199 │   0.5508005443 │     1.338e3 │ 0.0s
  k≡5(8)         │    19 │   0.0004034897 │   0.4739814125 │     1.175e3 │ 0.0s
  k≡7(8)         │    18 │   0.0004387810 │   0.4227832644 │     9.635e2 │ 0.0s
  Odd sector     │    74 │   0.0001154102 │   1.7798431746 │     1.542e4 │ 0.0s
  Dark (even)    │    75 │   0.0001021596 │   1.8930186669 │     1.853e4 │ 0.0s

  [2m  channel    │ GOE(β=1) │ Poisson  │ best[0m
  Full G_N       │   0.7881 │   0.5965 │ [32mGOE (β=1)[0m
  k≡1(8)         │   0.2324 │   0.4012 │ [33mPoisson[0m
  k≡3(8)         │   0.2690 │   0.4572 │ [33mPoisson[0m
  k≡5(8)         │   0.3002 │   0.5267 │ [33mPoisson[0m
  k≡7(8)         │   0.2099 │   0.4016 │ [33mPoisson[0m
  Odd sector     │   0.6957 │   0.7621 │ [33mPoisson[0m
  Dark (even)    │   0.7434 │   0.7143 │ [32mGOE (β=1)[0m
    ρ(k≡1,k≡7)=+0.944 ρ(k≡3,k≡5)=+0.918 ρ(odd,dark)=+0.977
    [2mN=150 in 0.1s[0m

  [1m[97m═══ N=200 ═══[0m
    Building 199×199 f64 Gram matrix (19900 entries, rayon parallel)...
    dim=199 | k≡1:24 k≡3:25 k≡5:25 k≡7:25 | odd:99 even:100
  Full G_N       │   199 │   0.0000316698 │   3.8385521201 │     1.212e5 │ 0.0s
  k≡1(8)         │    24 │   0.0002514193 │   0.4144932067 │     1.649e3 │ 0.0s
  k≡3(8)         │    25 │   0.0002484094 │   0.5687135049 │     2.289e3 │ 0.0s
  k≡5(8)         │    25 │   0.0002381080 │   0.4951008116 │     2.079e3 │ 0.0s
  k≡7(8)         │    25 │   0.0002188842 │   0.4503764927 │     2.058e3 │ 0.0s
  Odd sector     │    99 │   0.0000665242 │   1.8747967846 │     2.818e4 │ 0.0s
  Dark (even)    │   100 │   0.0000598059 │   1.9817635986 │     3.314e4 │ 0.0s

  [2m  channel    │ GOE(β=1) │ Poisson  │ best[0m
  Full G_N       │   0.8863 │   0.5660 │ [32mGOE (β=1)[0m
  k≡1(8)         │   0.3320 │   0.5050 │ [33mPoisson[0m
  k≡3(8)         │   0.3053 │   0.4140 │ [33mPoisson[0m
  k≡5(8)         │   0.2744 │   0.3673 │ [33mPoisson[0m
  k≡7(8)         │   0.3717 │   0.5608 │ [33mPoisson[0m
  Odd sector     │   0.8360 │   0.5164 │ [32mGOE (β=1)[0m
  Dark (even)    │   0.7258 │   0.5971 │ [32mGOE (β=1)[0m
    ρ(k≡1,k≡7)=+0.957 ρ(k≡3,k≡5)=+0.924 ρ(odd,dark)=+0.981
    [2mN=200 in 0.2s[0m

  [1m[97m═══ N=300 ═══[0m
    Building 299×299 f64 Gram matrix (44850 entries, rayon parallel)...
    dim=299 | k≡1:37 k≡3:38 k≡5:37 k≡7:37 | odd:149 even:150
  Full G_N       │   299 │   0.0000144443 │   4.0859566177 │     2.829e5 │ 0.0s
  k≡1(8)         │    37 │   0.0001058537 │   0.4512447481 │     4.263e3 │ 0.0s
  k≡3(8)         │    38 │   0.0001106020 │   0.5945968753 │     5.376e3 │ 0.0s
  k≡5(8)         │    37 │   0.0001155318 │   0.5238416801 │     4.534e3 │ 0.0s
  k≡7(8)         │    37 │   0.0001090176 │   0.4817528151 │     4.419e3 │ 0.0s
  Odd sector     │   149 │   0.0000302589 │   2.0016126776 │     6.615e4 │ 0.0s
  Dark (even)    │   150 │   0.0000285858 │   2.1005864962 │     7.348e4 │ 0.0s

  [2m  channel    │ GOE(β=1) │ Poisson  │ best[0m
  Full G_N       │   0.9754 │   0.5048 │ [32mGOE (β=1)[0m
  k≡1(8)         │   0.5993 │   0.5300 │ [32mGOE (β=1)[0m
  k≡3(8)         │   0.6284 │   0.6464 │ [33mPoisson[0m
  k≡5(8)         │   0.4240 │   0.5136 │ [33mPoisson[0m
  k≡7(8)         │   0.5864 │   0.5518 │ [32mGOE (β=1)[0m
  Odd sector     │   0.9401 │   0.5334 │ [32mGOE (β=1)[0m
  Dark (even)    │   0.7479 │   0.7018 │ [32mGOE (β=1)[0m
    ρ(k≡1,k≡7)=+0.968 ρ(k≡3,k≡5)=+0.937 ρ(odd,dark)=+0.981
    [2mN=300 in 1.1s[0m

  [1m[97m═══ N=400 ═══[0m
    Building 399×399 f64 Gram matrix (79800 entries, rayon parallel)...
    dim=399 | k≡1:49 k≡3:50 k≡5:50 k≡7:50 | odd:199 even:200
  Full G_N       │   399 │   0.0000059881 │   4.2521716974 │     7.101e5 │ 0.0s
  k≡1(8)         │    49 │   0.0000641042 │   0.4739603061 │     7.394e3 │ 0.0s
  k≡3(8)         │    50 │   0.0000659724 │   0.6106514296 │     9.256e3 │ 0.0s
  k≡5(8)         │    50 │   0.0000653001 │   0.5447819639 │     8.343e3 │ 0.0s
  k≡7(8)         │    50 │   0.0000640216 │   0.5046762350 │     7.883e3 │ 0.0s
  Odd sector     │   199 │   0.0000174903 │   2.0867603009 │     1.193e5 │ 0.0s
  Dark (even)    │   200 │   0.0000148525 │   2.1805429152 │     1.468e5 │ 0.0s

  [2m  channel    │ GOE(β=1) │ Poisson  │ best[0m
  Full G_N       │   0.8587 │   0.6069 │ [32mGOE (β=1)[0m
  k≡1(8)         │   0.4825 │   0.4520 │ [32mGOE (β=1)[0m
  k≡3(8)         │   0.5359 │   0.6263 │ [33mPoisson[0m
  k≡5(8)         │   0.6290 │   0.5553 │ [32mGOE (β=1)[0m
  k≡7(8)         │   0.5590 │   0.5655 │ [33mPoisson[0m
  Odd sector     │   0.9065 │   0.5428 │ [32mGOE (β=1)[0m
  Dark (even)    │   0.7606 │   0.5580 │ [32mGOE (β=1)[0m
    ρ(k≡1,k≡7)=+0.973 ρ(k≡3,k≡5)=+0.947 ρ(odd,dark)=+0.986
    [2mN=400 in 3.0s[0m

  [1m[97m═══ N=500 ═══[0m
    Building 499×499 Gram matrix (124750 entries, 256-bit MPFR)...
