
  [1m[36m╔═══════════════════════════════════════════════════════════════════════╗[0m
  [1m[36m║[0m  [1m[97mCATHEDRAL CHARACTER-PROJECTED SPECTRAL PROBE[0m
  [1m[36m║[0m  [2mG_χ(j,k) = χ(j)·G(j,k)·χ(k) weighted projections · max N = 200[0m
  [1m[36m║[0m  [2m128-bit MPFR · 12 threads[0m
  [1m[36m╚═══════════════════════════════════════════════════════════════════════╝[0m

  [2m▸ Character orthogonality self-test...[0m
    [32m✓[0m Σ χᵢ(k)·χⱼ(k) = 4·δᵢⱼ for all 16 pairs (matches Lean χ₈_orthogonality)

  [2mTest schedule: [30, 50, 75, 100, 150, 200][0m

  [1m[97m═══ §A. GRAM MATRIX & RESIDUE CLASS PROJECTION (N=30) ═══[0m
    Building 29×29 Gram matrix (435 entries, 128-bit MPFR)...
    Full dim: 29 | Odd: 14 | Even: 15 | k≡1: 3 | k≡3: 4 | k≡5: 4 | k≡7: 3
    [32m✓[0m dim(odd) + dim(even) = 29 = dim(full) = 29
    [32m✓[0m Σ dim(k≡r) = 14 = dim(odd) = 14 (residues partition odd sector)

  [1m[97m═══ §B. EIGENVALUE EXTRACTION (N=30) ═══[0m
  [2m  channel    │  dim  │  λ_min         │  λ_max         │  κ(G)       │ time[0m
  Full G_N       │    29 │   0.0012373179 │   2.4724041722 │     1.998e3 │ 0.5s
  k≡1(8)         │     3 │   0.0085383366 │   0.2195226028 │     2.571e1 │ 0.0s
  k≡3(8)         │     4 │   0.0078639572 │   0.4337434554 │     5.516e1 │ 0.0s
  k≡5(8)         │     4 │   0.0070627515 │   0.3394613070 │     4.806e1 │ 0.0s
  k≡7(8)         │     3 │   0.0097482687 │   0.2571481501 │     2.638e1 │ 0.0s
  Odd sector     │    14 │   0.0024787501 │   1.1712382896 │     4.725e2 │ 0.0s
  Dark (even)    │    15 │   0.0020500030 │   1.3320749574 │     6.498e2 │ 0.0s
    [32m✓[0m Tr(full) = 3.163521 ≈ Tr(odd)+Tr(even) = 3.163521 (err=0.00e0)

  [1m[97m═══ §C. LEVEL SPACING — UNIVERSALITY CLASS (N=30) ═══[0m
  [2m  channel    │ GUE(β=2) │ GOE(β=1) │ GSE(β=4) │ Poisson  │ best class[0m
  Full G_N       │   0.3187 │   0.3956 │   0.2444 │   0.6014 │ [33mPoisson[0m
  k≡1(8)         │   0.0000 │   0.0000 │   0.0000 │   0.0000 │ [33mN/A[0m
  k≡3(8)         │   0.0854 │   0.0997 │   0.0744 │   0.1651 │ [33mPoisson[0m
  k≡5(8)         │   0.0853 │   0.0992 │   0.0743 │   0.1638 │ [33mPoisson[0m
  k≡7(8)         │   0.0000 │   0.0000 │   0.0000 │   0.0000 │ [33mN/A[0m
  Odd sector     │   0.1212 │   0.1358 │   0.1088 │   0.2233 │ [33mPoisson[0m
  Dark (even)    │   0.1692 │   0.2026 │   0.1408 │   0.4040 │ [33mPoisson[0m

  [1m[97m═══ §D. DENSITY OF STATES (N=30) ═══[0m
    Full G_N      : A=0.038643 E₀=1.224945e-3 B=0.431736 R²=0.8403 [31m✗[0m
    Odd sector    : A=0.048499 E₀=2.453963e-3 B=0.523259 R²=0.7780 [31m✗[0m
    Dark (even)   : A=0.045568 E₀=2.029503e-3 B=0.500558 R²=0.7774 [31m✗[0m

  [1m[97m═══ §E. DARK SECTOR ANALYSIS (N=30) ═══[0m
    Dark sector (even indices): 15 eigenvalues
    Level spacing: GUE=0.1692 GOE=0.2026 Poisson=0.4040 → [33mPoisson[0m
    [32m✓[0m Dark sector is Poisson (uncorrelated)

  [1m[97m═══ §F. CROSS-CHANNEL CORRELATIONS (N=30) ═══[0m
  [2m  Pearson ρ between residue-class eigenvalue staircases:[0m
    k≡1(8) vs k≡3(8) : ρ = +0.5392 [31m✗[0m
    k≡1(8) vs k≡5(8) : ρ = +0.4760 [31m✗[0m
    k≡1(8) vs k≡7(8) : ρ = +0.4432 [31m✗[0m
    k≡3(8) vs k≡5(8) : ρ = +0.6261 [31m✗[0m
    k≡3(8) vs k≡7(8) : ρ = +0.5101 [31m✗[0m
    k≡5(8) vs k≡7(8) : ρ = +0.5407 [31m✗[0m
    Full vs Odd : ρ = +0.8331
    Odd  vs Dark: ρ = +0.9116

    [2mN=30 completed in 0.5s[0m

  [1m[97m═══ §A. GRAM MATRIX & RESIDUE CLASS PROJECTION (N=50) ═══[0m
    Building 49×49 Gram matrix (1225 entries, 128-bit MPFR)...
    Full dim: 49 | Odd: 24 | Even: 25 | k≡1: 6 | k≡3: 6 | k≡5: 6 | k≡7: 6
    [32m✓[0m dim(odd) + dim(even) = 49 = dim(full) = 49
    [32m✓[0m Σ dim(k≡r) = 24 = dim(odd) = 24 (residues partition odd sector)

  [1m[97m═══ §B. EIGENVALUE EXTRACTION (N=50) ═══[0m
  [2m  channel    │  dim  │  λ_min         │  λ_max         │  κ(G)       │ time[0m
  Full G_N       │    49 │   0.0004345566 │   2.8726535536 │     6.611e3 │ 1.7s
  k≡1(8)         │     6 │   0.0029540368 │   0.2856154731 │     9.669e1 │ 0.0s
  k≡3(8)         │     6 │   0.0038194083 │   0.4667763191 │     1.222e2 │ 0.0s
  k≡5(8)         │     6 │   0.0035359229 │   0.3765684190 │     1.065e2 │ 0.0s
  k≡7(8)         │     6 │   0.0032017779 │   0.3231099092 │     1.009e2 │ 0.0s
  Odd sector     │    24 │   0.0009599383 │   1.3782306134 │     1.436e3 │ 0.0s
  Dark (even)    │    25 │   0.0007708112 │   1.5209079365 │     1.973e3 │ 0.0s
    [32m✓[0m Tr(full) = 3.786186 ≈ Tr(odd)+Tr(even) = 3.786186 (err=0.00e0)

  [1m[97m═══ §C. LEVEL SPACING — UNIVERSALITY CLASS (N=50) ═══[0m
  [2m  channel    │ GUE(β=2) │ GOE(β=1) │ GSE(β=4) │ Poisson  │ best class[0m
  Full G_N       │   0.4140 │   0.5332 │   0.3064 │   0.7699 │ [33mPoisson[0m
  k≡1(8)         │   0.0732 │   0.0836 │   0.0657 │   0.1522 │ [33mPoisson[0m
  k≡3(8)         │   0.0801 │   0.0881 │   0.0739 │   0.1416 │ [33mPoisson[0m
  k≡5(8)         │   0.0769 │   0.0866 │   0.0687 │   0.1462 │ [33mPoisson[0m
  k≡7(8)         │   0.0769 │   0.0866 │   0.0687 │   0.1462 │ [33mPoisson[0m
  Odd sector     │   0.2430 │   0.2640 │   0.2170 │   0.3311 │ [33mPoisson[0m
  Dark (even)    │   0.3096 │   0.3666 │   0.2585 │   0.5879 │ [33mPoisson[0m

  [1m[97m═══ §D. DENSITY OF STATES (N=50) ═══[0m
    Full G_N      : A=0.038198 E₀=4.302110e-4 B=0.440736 R²=0.7083 [31m✗[0m
    k≡1(8)        : A=0.095006 E₀=2.924496e-3 B=1.006835 R²=0.8670 [32m✓[0m
    k≡3(8)        : A=0.087634 E₀=3.781214e-3 B=0.911372 R²=0.9048 [32m✓[0m
    k≡5(8)        : A=0.090695 E₀=3.500564e-3 B=0.946972 R²=0.8897 [32m✓[0m
    k≡7(8)        : A=0.093357 E₀=3.169760e-3 B=0.982919 R²=0.8827 [32m✓[0m
    Odd sector    : A=0.033366 E₀=9.503390e-4 B=0.389685 R²=0.8170 [31m✗[0m
    Dark (even)   : A=0.030171 E₀=7.631031e-4 B=0.359520 R²=0.7876 [31m✗[0m

  [1m[97m═══ §E. DARK SECTOR ANALYSIS (N=50) ═══[0m
    Dark sector (even indices): 25 eigenvalues
    Level spacing: GUE=0.3096 GOE=0.3666 Poisson=0.5879 → [33mPoisson[0m
    [32m✓[0m Dark sector is Poisson (uncorrelated)

  [1m[97m═══ §F. CROSS-CHANNEL CORRELATIONS (N=50) ═══[0m
  [2m  Pearson ρ between residue-class eigenvalue staircases:[0m
    k≡1(8) vs k≡3(8) : ρ = +0.6991 [31m✗[0m
    k≡1(8) vs k≡5(8) : ρ = +0.6956 [31m✗[0m
    k≡1(8) vs k≡7(8) : ρ = +0.7819 [31m✗[0m
    k≡3(8) vs k≡5(8) : ρ = +0.7575 [31m✗[0m
    k≡3(8) vs k≡7(8) : ρ = +0.7016 [31m✗[0m
    k≡5(8) vs k≡7(8) : ρ = +0.7601 [31m✗[0m
    Full vs Odd : ρ = +0.8309
    Odd  vs Dark: ρ = +0.9544

    [2mN=50 completed in 1.8s[0m

  [1m[97m═══ §A. GRAM MATRIX & RESIDUE CLASS PROJECTION (N=75) ═══[0m
    Building 74×74 Gram matrix (2775 entries, 128-bit MPFR)...
    Full dim: 74 | Odd: 37 | Even: 37 | k≡1: 9 | k≡3: 10 | k≡5: 9 | k≡7: 9
    [32m✓[0m dim(odd) + dim(even) = 74 = dim(full) = 74
    [32m✓[0m Σ dim(k≡r) = 37 = dim(odd) = 37 (residues partition odd sector)

  [1m[97m═══ §B. EIGENVALUE EXTRACTION (N=75) ═══[0m
  [2m  channel    │  dim  │  λ_min         │  λ_max         │  κ(G)       │ time[0m
  Full G_N       │    74 │   0.0002043769 │   3.1742504757 │     1.553e4 │ 6.9s
  k≡1(8)         │     9 │   0.0014193011 │   0.3244788576 │     2.286e2 │ 0.0s
  k≡3(8)         │    10 │   0.0014320356 │   0.5058213882 │     3.532e2 │ 0.0s
  k≡5(8)         │     9 │   0.0016495541 │   0.4123192016 │     2.500e2 │ 0.0s
  k≡7(8)         │     9 │   0.0014877994 │   0.3610174580 │     2.427e2 │ 0.0s
  Odd sector     │    37 │   0.0004236882 │   1.5385758629 │     3.631e3 │ 0.1s
  Dark (even)    │    37 │   0.0003756550 │   1.6595159982 │     4.418e3 │ 0.1s
    [32m✓[0m Tr(full) = 4.286607 ≈ Tr(odd)+Tr(even) = 4.286607 (err=0.00e0)

  [1m[97m═══ §C. LEVEL SPACING — UNIVERSALITY CLASS (N=75) ═══[0m
  [2m  channel    │ GUE(β=2) │ GOE(β=1) │ GSE(β=4) │ Poisson  │ best class[0m
  Full G_N       │   0.5593 │   0.7272 │   0.3827 │   0.6953 │ [33mGOE (β=1)[0m
  k≡1(8)         │   0.0713 │   0.0799 │   0.0638 │   0.1309 │ [33mPoisson[0m
  k≡3(8)         │   0.0912 │   0.1041 │   0.0816 │   0.1912 │ [33mPoisson[0m
  k≡5(8)         │   0.0756 │   0.0843 │   0.0699 │   0.1441 │ [33mPoisson[0m
  k≡7(8)         │   0.0750 │   0.0843 │   0.0682 │   0.1465 │ [33mPoisson[0m
  Odd sector     │   0.5115 │   0.6022 │   0.3984 │   0.6398 │ [33mPoisson[0m
  Dark (even)    │   0.3695 │   0.4395 │   0.3007 │   0.5004 │ [33mPoisson[0m

  [1m[97m═══ §D. DENSITY OF STATES (N=75) ═══[0m
    Full G_N      : A=0.042179 E₀=2.023331e-4 B=0.503463 R²=0.7776 [31m✗[0m
    k≡1(8)        : A=0.067273 E₀=1.405108e-3 B=0.766433 R²=0.7495 [31m✗[0m
    k≡3(8)        : A=0.062035 E₀=1.417715e-3 B=0.704392 R²=0.7677 [31m✗[0m
    k≡5(8)        : A=0.067913 E₀=1.633059e-3 B=0.761896 R²=0.7681 [31m✗[0m
    k≡7(8)        : A=0.066944 E₀=1.472921e-3 B=0.759575 R²=0.7497 [31m✗[0m
    Odd sector    : A=0.036421 E₀=4.194514e-4 B=0.432276 R²=0.7004 [31m✗[0m
    Dark (even)   : A=0.036781 E₀=3.718984e-4 B=0.440002 R²=0.7355 [31m✗[0m

  [1m[97m═══ §E. DARK SECTOR ANALYSIS (N=75) ═══[0m
    Dark sector (even indices): 37 eigenvalues
    Level spacing: GUE=0.3695 GOE=0.4395 Poisson=0.5004 → [33mPoisson[0m
    [32m✓[0m Dark sector is Poisson (uncorrelated)

  [1m[97m═══ §F. CROSS-CHANNEL CORRELATIONS (N=75) ═══[0m
  [2m  Pearson ρ between residue-class eigenvalue staircases:[0m
    k≡1(8) vs k≡3(8) : ρ = +0.8061 [31m✗[0m
    k≡1(8) vs k≡5(8) : ρ = +0.8193 [31m✗[0m
    k≡1(8) vs k≡7(8) : ρ = +0.8836 [31m✗[0m
    k≡3(8) vs k≡5(8) : ρ = +0.8393 [31m✗[0m
    k≡3(8) vs k≡7(8) : ρ = +0.8118 [31m✗[0m
    k≡5(8) vs k≡7(8) : ρ = +0.8719 [31m✗[0m
    Full vs Odd : ρ = +0.8338
    Odd  vs Dark: ρ = +0.9667

    [2mN=75 completed in 7.1s[0m

  [1m[97m═══ §A. GRAM MATRIX & RESIDUE CLASS PROJECTION (N=100) ═══[0m
    Building 99×99 Gram matrix (4950 entries, 128-bit MPFR)...
    Full dim: 99 | Odd: 49 | Even: 50 | k≡1: 12 | k≡3: 13 | k≡5: 12 | k≡7: 12
    [32m✓[0m dim(odd) + dim(even) = 99 = dim(full) = 99
    [32m✓[0m Σ dim(k≡r) = 49 = dim(odd) = 49 (residues partition odd sector)

  [1m[97m═══ §B. EIGENVALUE EXTRACTION (N=100) ═══[0m
  [2m  channel    │  dim  │  λ_min         │  λ_max         │  κ(G)       │ time[0m
  Full G_N       │    99 │   0.0001203650 │   3.3788236538 │     2.807e4 │ 22.0s
  k≡1(8)         │    12 │   0.0008907979 │   0.3517138174 │     3.948e2 │ 0.0s
  k≡3(8)         │    13 │   0.0008720700 │   0.5247370911 │     6.017e2 │ 0.0s
  k≡5(8)         │    12 │   0.0009665335 │   0.4367722094 │     4.519e2 │ 0.0s
  k≡7(8)         │    12 │   0.0009348141 │   0.3871856444 │     4.142e2 │ 0.0s
  Odd sector     │    49 │   0.0002533982 │   1.6388307106 │     6.467e3 │ 0.4s
  Dark (even)    │    50 │   0.0002177520 │   1.7616916336 │     8.090e3 │ 0.4s
    [32m✓[0m Tr(full) = 4.643896 ≈ Tr(odd)+Tr(even) = 4.643896 (err=0.00e0)

  [1m[97m═══ §C. LEVEL SPACING — UNIVERSALITY CLASS (N=100) ═══[0m
  [2m  channel    │ GUE(β=2) │ GOE(β=1) │ GSE(β=4) │ Poisson  │ best class[0m
  Full G_N       │   0.5860 │   0.7711 │   0.3912 │   0.6355 │ [33mGOE (β=1)[0m
  k≡1(8)         │   0.1166 │   0.1337 │   0.1014 │   0.2365 │ [33mPoisson[0m
  k≡3(8)         │   0.1565 │   0.1923 │   0.1286 │   0.4191 │ [33mPoisson[0m
  k≡5(8)         │   0.1114 │   0.1304 │   0.0951 │   0.2433 │ [33mPoisson[0m
  k≡7(8)         │   0.1191 │   0.1397 │   0.1009 │   0.2692 │ [33mPoisson[0m
  Odd sector     │   0.5569 │   0.6275 │   0.4455 │   0.5026 │ [33mGOE (β=1)[0m
  Dark (even)    │   0.4372 │   0.5663 │   0.3191 │   0.6469 │ [33mPoisson[0m

  [1m[97m═══ §D. DENSITY OF STATES (N=100) ═══[0m
    Full G_N      : A=0.046058 E₀=1.191614e-4 B=0.562353 R²=0.7779 [31m✗[0m
    k≡1(8)        : A=0.057494 E₀=8.818900e-4 B=0.676743 R²=0.8755 [32m✓[0m
    k≡3(8)        : A=0.052102 E₀=8.633493e-4 B=0.614588 R²=0.8331 [31m✗[0m
    k≡5(8)        : A=0.054333 E₀=9.568681e-4 B=0.635848 R²=0.8001 [31m✗[0m
    k≡7(8)        : A=0.057258 E₀=9.254660e-4 B=0.670564 R²=0.8651 [32m✓[0m
    Odd sector    : A=0.037168 E₀=2.508642e-4 B=0.450504 R²=0.7144 [31m✗[0m
    Dark (even)   : A=0.037490 E₀=2.155745e-4 B=0.458495 R²=0.7092 [31m✗[0m

  [1m[97m═══ §E. DARK SECTOR ANALYSIS (N=100) ═══[0m
    Dark sector (even indices): 50 eigenvalues
    Level spacing: GUE=0.4372 GOE=0.5663 Poisson=0.6469 → [33mPoisson[0m
    [32m✓[0m Dark sector is Poisson (uncorrelated)

  [1m[97m═══ §F. CROSS-CHANNEL CORRELATIONS (N=100) ═══[0m
  [2m  Pearson ρ between residue-class eigenvalue staircases:[0m
    k≡1(8) vs k≡3(8) : ρ = +0.8365 [31m✗[0m
    k≡1(8) vs k≡5(8) : ρ = +0.8580 [31m✗[0m
    k≡1(8) vs k≡7(8) : ρ = +0.9255 [31m✗[0m
    k≡3(8) vs k≡5(8) : ρ = +0.8775 [31m✗[0m
    k≡3(8) vs k≡7(8) : ρ = +0.8494 [31m✗[0m
    k≡5(8) vs k≡7(8) : ρ = +0.9066 [31m✗[0m
    Full vs Odd : ρ = +0.7876
    Odd  vs Dark: ρ = +0.9730

    [2mN=100 completed in 22.8s[0m

  [1m[97m═══ §A. GRAM MATRIX & RESIDUE CLASS PROJECTION (N=150) ═══[0m
    Building 149×149 Gram matrix (11175 entries, 128-bit MPFR)...
    Full dim: 149 | Odd: 74 | Even: 75 | k≡1: 18 | k≡3: 19 | k≡5: 19 | k≡7: 18
    [32m✓[0m dim(odd) + dim(even) = 149 = dim(full) = 149
    [32m✓[0m Σ dim(k≡r) = 74 = dim(odd) = 74 (residues partition odd sector)

  [1m[97m═══ §B. EIGENVALUE EXTRACTION (N=150) ═══[0m
  [2m  channel    │  dim  │  λ_min         │  λ_max         │  κ(G)       │ time[0m
  Full G_N       │   149 │   0.0000562562 │   3.6534370382 │     6.494e4 │ 111.1s
  k≡1(8)         │    18 │   0.0004255811 │   0.3889660965 │     9.140e2 │ 0.0s
  k≡3(8)         │    19 │   0.0004117199 │   0.5508005443 │     1.338e3 │ 0.0s
  k≡5(8)         │    19 │   0.0004034897 │   0.4739814125 │     1.175e3 │ 0.0s
  k≡7(8)         │    18 │   0.0004387810 │   0.4227832644 │     9.635e2 │ 0.0s
  Odd sector     │    74 │   0.0001154102 │   1.7798431746 │     1.542e4 │ 1.6s
  Dark (even)    │    75 │   0.0001021596 │   1.8930186669 │     1.853e4 │ 1.7s
    [32m✓[0m Tr(full) = 5.149651 ≈ Tr(odd)+Tr(even) = 5.149651 (err=0.00e0)

  [1m[97m═══ §C. LEVEL SPACING — UNIVERSALITY CLASS (N=150) ═══[0m
  [2m  channel    │ GUE(β=2) │ GOE(β=1) │ GSE(β=4) │ Poisson  │ best class[0m
  Full G_N       │   0.6162 │   0.7881 │   0.4160 │   0.5965 │ [33mGOE (β=1)[0m
  k≡1(8)         │   0.1913 │   0.2324 │   0.1513 │   0.4012 │ [33mPoisson[0m
  k≡3(8)         │   0.2203 │   0.2690 │   0.1715 │   0.4572 │ [33mPoisson[0m
  k≡5(8)         │   0.2500 │   0.3002 │   0.2022 │   0.5267 │ [33mPoisson[0m
  k≡7(8)         │   0.1746 │   0.2099 │   0.1423 │   0.4016 │ [33mPoisson[0m
  Odd sector     │   0.5370 │   0.6957 │   0.3884 │   0.7621 │ [33mPoisson[0m
  Dark (even)    │   0.5601 │   0.7434 │   0.3869 │   0.7143 │ [33mGOE (β=1)[0m

  [1m[97m═══ §D. DENSITY OF STATES (N=150) ═══[0m
    Full G_N      : A=0.049432 E₀=5.569366e-5 B=0.630104 R²=0.8052 [31m✗[0m
    k≡1(8)        : A=0.043559 E₀=4.213253e-4 B=0.543790 R²=0.8493 [31m✗[0m
    k≡3(8)        : A=0.038762 E₀=4.076027e-4 B=0.486452 R²=0.7904 [31m✗[0m
    k≡5(8)        : A=0.038742 E₀=3.994548e-4 B=0.487520 R²=0.7877 [31m✗[0m
    k≡7(8)        : A=0.042781 E₀=4.343932e-4 B=0.532945 R²=0.8190 [31m✗[0m
    Odd sector    : A=0.041390 E₀=1.142561e-4 B=0.514012 R²=0.7085 [31m✗[0m
    Dark (even)   : A=0.041460 E₀=1.011380e-4 B=0.524194 R²=0.7807 [31m✗[0m

  [1m[97m═══ §E. DARK SECTOR ANALYSIS (N=150) ═══[0m
    Dark sector (even indices): 75 eigenvalues
    Level spacing: GUE=0.5601 GOE=0.7434 Poisson=0.7143 → [33mGOE (β=1)[0m
    [31m✗[0m Dark sector is correlated — dark sector developed spectral rigidity

  [1m[97m═══ §F. CROSS-CHANNEL CORRELATIONS (N=150) ═══[0m
  [2m  Pearson ρ between residue-class eigenvalue staircases:[0m
    k≡1(8) vs k≡3(8) : ρ = +0.8652 [31m✗[0m
    k≡1(8) vs k≡5(8) : ρ = +0.9020 [31m✗[0m
    k≡1(8) vs k≡7(8) : ρ = +0.9435 [31m✗[0m
    k≡3(8) vs k≡5(8) : ρ = +0.9178 [31m✗[0m
    k≡3(8) vs k≡7(8) : ρ = +0.8883 [31m✗[0m
    k≡5(8) vs k≡7(8) : ρ = +0.9290 [31m✗[0m
    Full vs Odd : ρ = +0.7884
    Odd  vs Dark: ρ = +0.9767

    [2mN=150 completed in 114.5s[0m

  [1m[97m═══ §A. GRAM MATRIX & RESIDUE CLASS PROJECTION (N=200) ═══[0m
    Building 199×199 Gram matrix (19900 entries, 128-bit MPFR)...
    Full dim: 199 | Odd: 99 | Even: 100 | k≡1: 24 | k≡3: 25 | k≡5: 25 | k≡7: 25
    [32m✓[0m dim(odd) + dim(even) = 199 = dim(full) = 199
    [32m✓[0m Σ dim(k≡r) = 99 = dim(odd) = 99 (residues partition odd sector)

  [1m[97m═══ §B. EIGENVALUE EXTRACTION (N=200) ═══[0m
  [2m  channel    │  dim  │  λ_min         │  λ_max         │  κ(G)       │ time[0m
  Full G_N       │   199 │   0.0000316698 │   3.8385521201 │     1.212e5 │ 354.7s
  k≡1(8)         │    24 │   0.0002514193 │   0.4144932067 │     1.649e3 │ 0.0s
  k≡3(8)         │    25 │   0.0002484094 │   0.5687135049 │     2.289e3 │ 0.0s
  k≡5(8)         │    25 │   0.0002381080 │   0.4951008116 │     2.079e3 │ 0.0s
  k≡7(8)         │    25 │   0.0002188842 │   0.4503764927 │     2.058e3 │ 0.0s
  Odd sector     │    99 │   0.0000665242 │   1.8747967846 │     2.818e4 │ 5.0s
  Dark (even)    │   100 │   0.0000598059 │   1.9817635986 │     3.314e4 │ 5.2s
    [32m✓[0m Tr(full) = 5.509630 ≈ Tr(odd)+Tr(even) = 5.509630 (err=0.00e0)

  [1m[97m═══ §C. LEVEL SPACING — UNIVERSALITY CLASS (N=200) ═══[0m
  [2m  channel    │ GUE(β=2) │ GOE(β=1) │ GSE(β=4) │ Poisson  │ best class[0m
  Full G_N       │   0.7383 │   0.8863 │   0.5195 │   0.5660 │ [33mGOE (β=1)[0m
  k≡1(8)         │   0.2867 │   0.3320 │   0.2413 │   0.5050 │ [33mPoisson[0m
  k≡3(8)         │   0.2652 │   0.3053 │   0.2156 │   0.4140 │ [33mPoisson[0m
  k≡5(8)         │   0.2546 │   0.2744 │   0.2378 │   0.3673 │ [33mPoisson[0m
  k≡7(8)         │   0.3179 │   0.3717 │   0.2663 │   0.5608 │ [33mPoisson[0m
  Odd sector     │   0.7224 │   0.8360 │   0.5174 │   0.5164 │ [33mGOE (β=1)[0m
  Dark (even)    │   0.5548 │   0.7258 │   0.3660 │   0.5971 │ [33mGOE (β=1)[0m

  [1m[97m═══ §D. DENSITY OF STATES (N=200) ═══[0m
    Full G_N      : A=0.050978 E₀=3.135309e-5 B=0.668380 R²=0.7871 [31m✗[0m
    k≡1(8)        : A=0.035792 E₀=2.489051e-4 B=0.465074 R²=0.8552 [32m✓[0m
    k≡3(8)        : A=0.032558 E₀=2.459253e-4 B=0.423957 R²=0.8324 [31m✗[0m
    k≡5(8)        : A=0.031507 E₀=2.357269e-4 B=0.412044 R²=0.8175 [31m✗[0m
    k≡7(8)        : A=0.030657 E₀=2.166954e-4 B=0.403761 R²=0.7974 [31m✗[0m
    Odd sector    : A=0.044327 E₀=6.585895e-5 B=0.561642 R²=0.7025 [31m✗[0m
    Dark (even)   : A=0.045684 E₀=5.920784e-5 B=0.588404 R²=0.7678 [31m✗[0m

  [1m[97m═══ §E. DARK SECTOR ANALYSIS (N=200) ═══[0m
    Dark sector (even indices): 100 eigenvalues
    Level spacing: GUE=0.5548 GOE=0.7258 Poisson=0.5971 → [33mGOE (β=1)[0m
    [31m✗[0m Dark sector is correlated — dark sector developed spectral rigidity

  [1m[97m═══ §F. CROSS-CHANNEL CORRELATIONS (N=200) ═══[0m
  [2m  Pearson ρ between residue-class eigenvalue staircases:[0m
    k≡1(8) vs k≡3(8) : ρ = +0.8914 [31m✗[0m
    k≡1(8) vs k≡5(8) : ρ = +0.9166 [31m✗[0m
    k≡1(8) vs k≡7(8) : ρ = +0.9569 [31m✗[0m
    k≡3(8) vs k≡5(8) : ρ = +0.9242 [31m✗[0m
    k≡3(8) vs k≡7(8) : ρ = +0.9065 [31m✗[0m
    k≡5(8) vs k≡7(8) : ρ = +0.9452 [31m✗[0m
    Full vs Odd : ρ = +0.7868
    Odd  vs Dark: ρ = +0.9815

    [2mN=200 completed in 365.0s[0m

  [1m[36m╔═══════════════════════════════════════════════════════════════════════╗[0m
  [1m[36m║[0m  [1m[97mCHARACTER-PROJECTED SPECTRAL PROBE — CERTIFICATE[0m
  [1m[36m╠═══════════════════════════════════════════════════════════════════════╣[0m
  [1m[36m║[0m  Precision: [33m128-bit MPFR[0m    Threads: [33m12[0m
  [1m[36m║[0m  Characters: [33mmod 8 (4 channels)[0m
  [1m[36m║[0m
  [1m[36m║[0m  [1mLevel Spacing by Residue Class:[0m
  [1m[36m║[0m    N=30  : Full=[33mPoisson    [0m Dark=[33mPoisson    [0m
  [1m[36m║[0m            k≡1(8)=[33mN/A[0m
  [1m[36m║[0m            k≡3(8)=[33mPoisson[0m
  [1m[36m║[0m            k≡5(8)=[33mPoisson[0m
  [1m[36m║[0m            k≡7(8)=[33mN/A[0m
  [1m[36m║[0m    N=50  : Full=[33mPoisson    [0m Dark=[33mPoisson    [0m
  [1m[36m║[0m            k≡1(8)=[33mPoisson[0m
  [1m[36m║[0m            k≡3(8)=[33mPoisson[0m
  [1m[36m║[0m            k≡5(8)=[33mPoisson[0m
  [1m[36m║[0m            k≡7(8)=[33mPoisson[0m
  [1m[36m║[0m    N=75  : Full=[33mGOE (β=1)  [0m Dark=[33mPoisson    [0m
  [1m[36m║[0m            k≡1(8)=[33mPoisson[0m
  [1m[36m║[0m            k≡3(8)=[33mPoisson[0m
  [1m[36m║[0m            k≡5(8)=[33mPoisson[0m
  [1m[36m║[0m            k≡7(8)=[33mPoisson[0m
  [1m[36m║[0m    N=100 : Full=[33mGOE (β=1)  [0m Dark=[33mPoisson    [0m
  [1m[36m║[0m            k≡1(8)=[33mPoisson[0m
  [1m[36m║[0m            k≡3(8)=[33mPoisson[0m
  [1m[36m║[0m            k≡5(8)=[33mPoisson[0m
  [1m[36m║[0m            k≡7(8)=[33mPoisson[0m
  [1m[36m║[0m    N=150 : Full=[33mGOE (β=1)  [0m Dark=[33mGOE (β=1)  [0m
  [1m[36m║[0m            k≡1(8)=[33mPoisson[0m
  [1m[36m║[0m            k≡3(8)=[33mPoisson[0m
  [1m[36m║[0m            k≡5(8)=[33mPoisson[0m
  [1m[36m║[0m            k≡7(8)=[33mPoisson[0m
  [1m[36m║[0m    N=200 : Full=[33mGOE (β=1)  [0m Dark=[33mGOE (β=1)  [0m
  [1m[36m║[0m            k≡1(8)=[33mPoisson[0m
  [1m[36m║[0m            k≡3(8)=[33mPoisson[0m
  [1m[36m║[0m            k≡5(8)=[33mPoisson[0m
  [1m[36m║[0m            k≡7(8)=[33mPoisson[0m
  [1m[36m║[0m
  [1m[36m║[0m  [1mDark Sector Hypothesis:[0m
  [1m[36m║[0m    [32m[1m✓ Dark sector (even) is Poisson — uncorrelated[0m
  [1m[36m║[0m    [32m  Characters partition the quantum chaos[0m
  [1m[36m║[0m
  [1m[36m╚═══════════════════════════════════════════════════════════════════════╝[0m

  [1m[97mTotal:[0m [32m511.7s[0m (12 threads)
  [1m[97mOutput:[0m results/{eigenvalues_*,spacing_*,dos_*,van_hove_*,cross_corr_*}.tsv
  [1m[97mCertificate:[0m results/certificate.json

