warning: profiles for the non root package will be ignored, specify profiles at the workspace root:
package:   /Users/jrgochan/code/github.com/jrgochan/prime/experiments/algebraic/quaternion-rh/Cargo.toml
workspace: /Users/jrgochan/code/github.com/jrgochan/prime/Cargo.toml
warning: profiles for the non root package will be ignored, specify profiles at the workspace root:
package:   /Users/jrgochan/code/github.com/jrgochan/prime/experiments/covariance-probe/Cargo.toml
workspace: /Users/jrgochan/code/github.com/jrgochan/prime/Cargo.toml
warning: profiles for the non root package will be ignored, specify profiles at the workspace root:
package:   /Users/jrgochan/code/github.com/jrgochan/prime/experiments/spectral-analyzer/Cargo.toml
workspace: /Users/jrgochan/code/github.com/jrgochan/prime/Cargo.toml
warning: profiles for the non root package will be ignored, specify profiles at the workspace root:
package:   /Users/jrgochan/code/github.com/jrgochan/prime/experiments/spectral/g2-spectral/Cargo.toml
workspace: /Users/jrgochan/code/github.com/jrgochan/prime/Cargo.toml
warning: profiles for the non root package will be ignored, specify profiles at the workspace root:
package:   /Users/jrgochan/code/github.com/jrgochan/prime/experiments/spectral/lambda-eff/Cargo.toml
workspace: /Users/jrgochan/code/github.com/jrgochan/prime/Cargo.toml
warning: profiles for the non root package will be ignored, specify profiles at the workspace root:
package:   /Users/jrgochan/code/github.com/jrgochan/prime/experiments/spectral/rank1-interference/Cargo.toml
workspace: /Users/jrgochan/code/github.com/jrgochan/prime/Cargo.toml
warning: unused import: `rayon::prelude`
  --> experiments/vasyunin-convergence/src/main.rs:28:5
   |
28 | use rayon::prelude::*;
   |     ^^^^^^^^^^^^^^
   |
   = note: `#[warn(unused_imports)]` (part of `#[warn(unused)]`) on by default

warning: function `gcd` is never used
  --> experiments/vasyunin-convergence/src/main.rs:91:4
   |
91 | fn gcd(a: usize, b: usize) -> usize {
   |    ^^^
   |
   = note: `#[warn(dead_code)]` (part of `#[warn(unused)]`) on by default

warning: fields `integral`, `error`, and `time_ms` are never read
   --> experiments/vasyunin-convergence/src/main.rs:305:5
    |
301 | struct ConvergencePoint {
    |        ---------------- fields in this struct
...
305 |     integral: f64,
    |     ^^^^^^^^
306 |     formula: f64,
307 |     error: f64,
    |     ^^^^^
...
310 |     time_ms: f64,
    |     ^^^^^^^
    |
    = note: `ConvergencePoint` has derived impls for the traits `Clone` and `Debug`, but these are intentionally ignored during dead code analysis

warning: `vasyunin-convergence` (bin "vasyunin-convergence") generated 3 warnings
    Finished `release` profile [optimized] target(s) in 0.02s
     Running `/Users/jrgochan/code/github.com/jrgochan/prime/target/release/vasyunin-convergence`

  [1m[36m╔═══════════════════════════════════════════════════════════════════╗[0m
  [1m[36m║[0m  [1m[97mCATHEDRAL VASYUNIN CONVERGENCE VALIDATOR[0m                     [1m[36m║[0m
  [1m[36m║[0m  [2m512-bit MPFR · Exact Piecewise FTC · Certified Bounds[0m       [1m[36m║[0m
  [1m[36m║[0m  [2mTarget: partial_sum_tends_to_formula[0m                        [1m[36m║[0m
  [1m[36m║[0m  [2mFile: Cathedral/Vasyunin/Cotangent/LogDigammaBridge.lean:310[0m [1m[36m║[0m
  [1m[36m║[0m  [2m12 threads · MPFR 512-bit[0m                                   [1m[36m║[0m
  [1m[36m╚═══════════════════════════════════════════════════════════════════╝[0m

  [1m[97m═══ §1. VASYUNIN FORMULA VALUES (512-bit MPFR) ═══[0m

  [2m  (a,b)    │  vasyuninGramFormula(a,b)[0m
  ( 1, 2)   │  [35m0.2722092559908731446149943167256424203515[0m  [2m(0.5ms)[0m
  ( 1, 3)   │  [35m0.2416701361288506322289038052986143156886[0m  [2m(0.1ms)[0m
  ( 1, 4)   │  [35m0.2144025313717859981821334258711431175470[0m  [2m(0.2ms)[0m
  ( 1, 5)   │  [35m0.1924788623380489227532308404988725669682[0m  [2m(0.1ms)[0m
  ( 1, 6)   │  [35m0.1748359150800768146982733242111862637103[0m  [2m(0.2ms)[0m
  ( 1, 7)   │  [35m0.1604060376407709653800992555261473171413[0m  [2m(0.1ms)[0m
  ( 1, 8)   │  [35m0.1483960883474763625677894651744281873107[0m  [2m(0.3ms)[0m
  ( 1, 9)   │  [35m0.1382401728541656493742806333102635107934[0m  [2m(0.1ms)[0m
  ( 1,10)   │  [35m0.1295322051740821212018062169590848498046[0m  [2m(0.3ms)[0m
  ( 2, 3)   │  [35m0.2744368426127354876342678835499100387096[0m  [2m(0.2ms)[0m
  ( 2, 5)   │  [35m0.2164052341247138799840143974506645463407[0m  [2m(0.2ms)[0m
  ( 2, 7)   │  [35m0.1788527593842830776260655056830728426576[0m  [2m(0.3ms)[0m
  ( 2, 9)   │  [35m0.1531816374839428673837460337381344288588[0m  [2m(0.7ms)[0m
  ( 3, 4)   │  [35m0.2321146333077534762434623871740768663585[0m  [2m(0.9ms)[0m
  ( 3, 5)   │  [35m0.2068897702963464202419174853275762870908[0m  [2m(0.3ms)[0m
  ( 3, 7)   │  [35m0.1731367423916173320375122557379654608667[0m  [2m(0.1ms)[0m
  ( 3, 8)   │  [35m0.1595795760003710095364937160411500371993[0m  [2m(0.3ms)[0m
  ( 3,10)   │  [35m0.1392428661869980210941122322765295393765[0m  [2m(0.7ms)[0m
  ( 4, 5)   │  [35m0.1973758381245246384949609819159377366304[0m  [2m(0.1ms)[0m
  ( 4, 7)   │  [35m0.1637126947704326818122666509225382469594[0m  [2m(0.1ms)[0m
  ( 4, 9)   │  [35m0.1423422470703689657334223284124163910747[0m  [2m(0.5ms)[0m
  ( 5, 6)   │  [35m0.1708554534552581827266948266696999780834[0m  [2m(0.1ms)[0m
  ( 5, 7)   │  [35m0.1540228560106703947774064999975962564349[0m  [2m(0.1ms)[0m
  ( 5, 8)   │  [35m0.1428118747466716187410895599896321073174[0m  [2m(0.1ms)[0m
  ( 5, 9)   │  [35m0.1350626974853237627360869055337388999760[0m  [2m(0.1ms)[0m
  ( 6, 7)   │  [35m0.1503665696081028790853650889403070323169[0m  [2m(0.1ms)[0m
  ( 7, 8)   │  [35m0.1341765022096846338151010513684013858438[0m  [2m(0.2ms)[0m
  ( 7, 9)   │  [35m0.1223641884838072985131063319386157672852[0m  [2m(0.1ms)[0m
  ( 7,10)   │  [35m0.1144411158488240209951669612564728595316[0m  [2m(0.2ms)[0m
  ( 8, 9)   │  [35m0.1211002129634582008543830511371197644621[0m  [2m(0.2ms)[0m
  ( 9,10)   │  [35m0.1103337628007506066030174451952916570008[0m  [2m(0.2ms)[0m

  [1m[97m═══ §2. CONVERGENCE SWEEP ═══[0m
  [2mFor each (a,b), compute ∫_{1/(aM)}^1 at M = [10, 20, 50, 100, 200, 500, 1000, 2000, 5000, 10000, 20000, 50000][0m

  [1m[97m── (a,b) = (1,2) ── formula = 0.272209255990873[0m
  [2m     M    │  ∫_{1/(aM)}^1              │  error              │  |error|·aM         │ time[0m
       10 │  [35m  2.44265541861613034e-1[0m │  -2.794371412926e-2  │  [32m 2.794371412926e-1[0m  │ 0.1ms
       20 │  [35m  2.57935245907986610e-1[0m │  -1.427401008289e-2  │  [32m 2.854802016577e-1[0m  │ 0.2ms
       50 │  [35m  2.66425727855276517e-1[0m │  -5.783528135597e-3  │  [32m 2.891764067798e-1[0m  │ 0.6ms
      100 │  [35m  2.69305065340739391e-1[0m │  -2.904190650134e-3  │  [32m 2.904190650134e-1[0m  │ 1.3ms
      200 │  [35m  2.70754044682795014e-1[0m │  -1.455211308078e-3  │  [32m 2.910422616156e-1[0m  │ 5.2ms
      500 │  [35m  2.71626422468051743e-1[0m │  -5.828335228214e-4  │  [32m 2.914167614107e-1[0m  │ 13.6ms
     1000 │  [35m  2.71917714300557889e-1[0m │  -2.915416903153e-4  │  [32m 2.915416903153e-1[0m  │ 28.4ms
     2000 │  [35m  2.72063453904586083e-1[0m │  -1.458020862871e-4  │  [32m 2.916041725741e-1[0m  │ 53.1ms
     5000 │  [35m  2.72150927657350883e-1[0m │  -5.832833352226e-5  │  [32m 2.916416676113e-1[0m  │ 99.9ms
    10000 │  [35m  2.72180090574182854e-1[0m │  -2.916541669029e-5  │  [32m 2.916541669029e-1[0m  │ 130.6ms
    20000 │  [35m  2.72194672970036855e-1[0m │  -1.458302083629e-5  │  [32m 2.916604167258e-1[0m  │ 253.6ms
    50000 │  [35m  2.72203422707539611e-1[0m │  -5.833283333534e-6  │  [32m 2.916641666767e-1[0m  │ 609.1ms
  [1m  sup |error|·aM = [32m0.291664166677[0m
  [32m✓[0m Tail bound |error| ≤ 1/(aM) certified for all M

  [1m[97m── (a,b) = (1,3) ── formula = 0.241670136128851[0m
  [2m     M    │  ∫_{1/(aM)}^1              │  error              │  |error|·aM         │ time[0m
       10 │  [35m  2.13964778565107788e-1[0m │  -2.770535756374e-2  │  [32m 2.770535756374e-1[0m  │ 0.2ms
       20 │  [35m  2.27776905177220795e-1[0m │  -1.389323095163e-2  │  [32m 2.778646190326e-1[0m  │ 0.2ms
       50 │  [35m  2.36114282285507432e-1[0m │  -5.555853843343e-3  │  [32m 2.777926921672e-1[0m  │ 0.5ms
      100 │  [35m  2.38892430774753861e-1[0m │  -2.777705354097e-3  │  [32m 2.777705354097e-1[0m  │ 1.1ms
      200 │  [35m  2.40281242427850789e-1[0m │  -1.388893701000e-3  │  [32m 2.777787402000e-1[0m  │ 2.2ms
      500 │  [35m  2.41114580263432410e-1[0m │  -5.555558654182e-4  │  [32m 2.777779327091e-1[0m  │ 5.7ms
     1000 │  [35m  2.41392358423317077e-1[0m │  -2.777777055336e-4  │  [32m 2.777777055336e-1[0m  │ 12.2ms
     2000 │  [35m  2.41531247235105495e-1[0m │  -1.388888937451e-4  │  [32m 2.777777874903e-1[0m  │ 24.3ms
     5000 │  [35m  2.41614580572984072e-1[0m │  -5.555555586656e-5  │  [32m 2.777777793328e-1[0m  │ 61.3ms
    10000 │  [35m  2.41642358351145059e-1[0m │  -2.777777770557e-5  │  [32m 2.777777770557e-1[0m  │ 125.3ms
    20000 │  [35m  2.41656247239956878e-1[0m │  -1.388888889375e-5  │  [32m 2.777777778751e-1[0m  │ 245.2ms
    50000 │  [35m  2.41664580573294763e-1[0m │  -5.555555555870e-6  │  [32m 2.777777777935e-1[0m  │ 606.9ms
  [1m  sup |error|·aM = [32m0.277864619033[0m
  [32m✓[0m Tail bound |error| ≤ 1/(aM) certified for all M

  [1m[97m── (a,b) = (1,4) ── formula = 0.214402531371786[0m
  [2m     M    │  ∫_{1/(aM)}^1              │  error              │  |error|·aM         │ time[0m
       10 │  [35m  1.86952159341431529e-1[0m │  -2.745037203035e-2  │  [32m 2.745037203035e-1[0m  │ 0.1ms
       20 │  [35m  2.01373408974540424e-1[0m │  -1.302912239725e-2  │  [32m 2.605824479449e-1[0m  │ 0.2ms
       50 │  [35m  2.08969472952895308e-1[0m │  -5.433058418891e-3  │  [32m 2.716529209445e-1[0m  │ 0.6ms
      100 │  [35m  2.11714975212029199e-1[0m │  -2.687556159757e-3  │  [32m 2.687556159757e-1[0m  │ 1.1ms
      200 │  [35m  2.13053566185772814e-1[0m │  -1.348965186013e-3  │  [32m 2.697930372026e-1[0m  │ 2.3ms
      500 │  [35m  2.13861697606347684e-1[0m │  -5.408337654383e-4  │  [32m 2.704168827192e-1[0m  │ 6.0ms
     1000 │  [35m  2.14131906318043130e-1[0m │  -2.706250537429e-4  │  [32m 2.706250537429e-1[0m  │ 11.5ms
     2000 │  [35m  2.14267166781751700e-1[0m │  -1.353645900343e-4  │  [32m 2.707291800686e-1[0m  │ 24.7ms
     5000 │  [35m  2.14348373038024453e-1[0m │  -5.415833376154e-5  │  [32m 2.707916688077e-1[0m  │ 61.4ms
    10000 │  [35m  2.14375450121732480e-1[0m │  -2.708125005352e-5  │  [32m 2.708125005352e-1[0m  │ 121.9ms
    20000 │  [35m  2.14388990225945958e-1[0m │  -1.354114584004e-5  │  [32m 2.708229168008e-1[0m  │ 241.1ms
    50000 │  [35m  2.14397114788452220e-1[0m │  -5.416583333778e-6  │  [32m 2.708291666889e-1[0m  │ 605.8ms
  [1m  sup |error|·aM = [32m0.274503720304[0m
  [32m✓[0m Tail bound |error| ≤ 1/(aM) certified for all M

  [1m[97m── (a,b) = (1,5) ── formula = 0.192478862338049[0m
  [2m     M    │  ∫_{1/(aM)}^1              │  error              │  |error|·aM         │ time[0m
       10 │  [35m  1.68200068701987004e-1[0m │  -2.427879363606e-2  │  [32m 2.427879363606e-1[0m  │ 0.1ms
       20 │  [35m  1.79758974703581376e-1[0m │  -1.271988763447e-2  │  [32m 2.543977526894e-1[0m  │ 0.2ms
       50 │  [35m  1.87244904320309963e-1[0m │  -5.233958017739e-3  │  [32m 2.616979008869e-1[0m  │ 0.7ms
      100 │  [35m  1.89837122685758808e-1[0m │  -2.641739652290e-3  │  [32m 2.641739652290e-1[0m  │ 1.2ms
      200 │  [35m  1.91151770205590710e-1[0m │  -1.327092132458e-3  │  [32m 2.654184264916e-1[0m  │ 2.4ms
      500 │  [35m  1.91946528454105286e-1[0m │  -5.323338839436e-4  │  [32m 2.661669419718e-1[0m  │ 6.0ms
     1000 │  [35m  1.92212445603079846e-1[0m │  -2.664167349691e-4  │  [32m 2.664167349691e-1[0m  │ 12.1ms
     2000 │  [35m  1.92345591496210583e-1[0m │  -1.332708418383e-4  │  [32m 2.665416836767e-1[0m  │ 24.3ms
     5000 │  [35m  1.92425539004172530e-1[0m │  -5.332333387639e-5  │  [32m 2.666166693820e-1[0m  │ 60.1ms
    10000 │  [35m  1.92452198171314426e-1[0m │  -2.666416673450e-5  │  [32m 2.666416673450e-1[0m  │ 121.7ms
    20000 │  [35m  1.92465529629707116e-1[0m │  -1.333270834181e-5  │  [32m 2.666541668361e-1[0m  │ 244.4ms
    50000 │  [35m  1.92473529104715047e-1[0m │  -5.333233333876e-6  │  [32m 2.666616666938e-1[0m  │ 607.5ms
  [1m  sup |error|·aM = [32m0.266661666694[0m
  [32m✓[0m Tail bound |error| ≤ 1/(aM) certified for all M

  [1m[97m── (a,b) = (1,6) ── formula = 0.174835915080077[0m
  [2m     M    │  ∫_{1/(aM)}^1              │  error              │  |error|·aM         │ time[0m
       10 │  [35m  1.47902904058106355e-1[0m │  -2.693301102197e-2  │  [32m 2.693301102197e-1[0m  │ 0.1ms
       20 │  [35m  1.61569769553245257e-1[0m │  -1.326614552683e-2  │  [32m 2.653229105366e-1[0m  │ 0.2ms
       50 │  [35m  1.69543522919557238e-1[0m │  -5.292392160520e-3  │  [32m 2.646196080260e-1[0m  │ 0.6ms
      100 │  [35m  1.72192672098332583e-1[0m │  -2.643242981744e-3  │  [32m 2.643242981744e-1[0m  │ 1.2ms
      200 │  [35m  1.73515460582027797e-1[0m │  -1.320454498049e-3  │  [32m 2.640908996098e-1[0m  │ 2.4ms
      500 │  [35m  1.74307972651737253e-1[0m │  -5.279424283396e-4  │  [32m 2.639712141698e-1[0m  │ 6.1ms
     1000 │  [35m  1.74571984332008323e-1[0m │  -2.639307480685e-4  │  [32m 2.639307480685e-1[0m  │ 12.1ms
     2000 │  [35m  1.74703960250409102e-1[0m │  -1.319548296677e-4  │  [32m 2.639096593354e-1[0m  │ 24.6ms
     5000 │  [35m  1.74783135637643972e-1[0m │  -5.277944243284e-5  │  [32m 2.638972121642e-1[0m  │ 61.2ms
    10000 │  [35m  1.74809525774328262e-1[0m │  -2.638930574855e-5  │  [32m 2.638930574855e-1[0m  │ 123.1ms
    20000 │  [35m  1.74822720531497111e-1[0m │  -1.319454857970e-5  │  [32m 2.638909715941e-1[0m  │ 242.3ms
    50000 │  [35m  1.74830637285634360e-1[0m │  -5.277794442454e-6  │  [32m 2.638897221227e-1[0m  │ 594.6ms
  [1m  sup |error|·aM = [32m0.269330110220[0m
  [32m✓[0m Tail bound |error| ≤ 1/(aM) certified for all M

  [1m[97m── (a,b) = (1,7) ── formula = 0.160406037640771[0m
  [2m     M    │  ∫_{1/(aM)}^1              │  error              │  |error|·aM         │ time[0m
       10 │  [35m  1.33516401905958509e-1[0m │  -2.688963573481e-2  │  [32m 2.688963573481e-1[0m  │ 0.1ms
       20 │  [35m  1.47558632098150788e-1[0m │  -1.284740554262e-2  │  [32m 2.569481108524e-1[0m  │ 0.2ms
       50 │  [35m  1.55218054813472339e-1[0m │  -5.187982827299e-3  │  [32m 2.593991413649e-1[0m  │ 0.6ms
      100 │  [35m  1.57784990376863388e-1[0m │  -2.621047263908e-3  │  [32m 2.621047263908e-1[0m  │ 1.1ms
      200 │  [35m  1.59094121635536656e-1[0m │  -1.311916005234e-3  │  [32m 2.623832010469e-1[0m  │ 2.4ms
      500 │  [35m  1.59881848699003348e-1[0m │  -5.241889417676e-4  │  [32m 2.620944708838e-1[0m  │ 5.9ms
     1000 │  [35m  1.60144251544132643e-1[0m │  -2.617860966383e-4  │  [32m 2.617860966383e-1[0m  │ 11.8ms
     2000 │  [35m  1.60275079265705112e-1[0m │  -1.309583750659e-4  │  [32m 2.619167501317e-1[0m  │ 23.7ms
     5000 │  [35m  1.60353655739050610e-1[0m │  -5.238190172036e-5  │  [32m 2.619095086018e-1[0m  │ 60.2ms
    10000 │  [35m  1.60379846212103633e-1[0m │  -2.619142866733e-5  │  [32m 2.619142866733e-1[0m  │ 121.3ms
    20000 │  [35m  1.60392942700336327e-1[0m │  -1.309494043464e-5  │  [32m 2.618988086928e-1[0m  │ 242.6ms
    50000 │  [35m  1.60400799593148846e-1[0m │  -5.238047622119e-6  │  [32m 2.619023811060e-1[0m  │ 604.9ms
  [1m  sup |error|·aM = [32m0.268896357348[0m
  [32m✓[0m Tail bound |error| ≤ 1/(aM) certified for all M

  [1m[97m── (a,b) = (1,8) ── formula = 0.148396088347476[0m
  [2m     M    │  ∫_{1/(aM)}^1              │  error              │  |error|·aM         │ time[0m
       10 │  [35m  1.22787765188783662e-1[0m │  -2.560832315869e-2  │  [32m 2.560832315869e-1[0m  │ 0.1ms
       20 │  [35m  1.35080268722071073e-1[0m │  -1.331581962541e-2  │  [32m 2.663163925081e-1[0m  │ 0.3ms
       50 │  [35m  1.43191821265848729e-1[0m │  -5.204267081628e-3  │  [32m 2.602133540814e-1[0m  │ 0.6ms
      100 │  [35m  1.45779496715503498e-1[0m │  -2.616591631973e-3  │  [32m 2.616591631973e-1[0m  │ 1.3ms
      200 │  [35m  1.47103364925046387e-1[0m │  -1.292723422430e-3  │  [32m 2.585446844860e-1[0m  │ 2.4ms
      500 │  [35m  1.47874755496676585e-1[0m │  -5.213328507998e-4  │  [32m 2.606664253999e-1[0m  │ 5.7ms
     1000 │  [35m  1.48136046568604240e-1[0m │  -2.600417788721e-4  │  [32m 2.600417788721e-1[0m  │ 12.0ms
     2000 │  [35m  1.48265973750250801e-1[0m │  -1.301145972256e-4  │  [32m 2.602291944511e-1[0m  │ 23.4ms
     5000 │  [35m  1.48344020013259054e-1[0m │  -5.206833421731e-5  │  [32m 2.603416710865e-1[0m  │ 60.5ms
    10000 │  [35m  1.48370050430699396e-1[0m │  -2.603791677697e-5  │  [32m 2.603791677697e-1[0m  │ 123.0ms
    20000 │  [35m  1.48383068451629241e-1[0m │  -1.301989584712e-5  │  [32m 2.603979169424e-1[0m  │ 281.8ms
    50000 │  [35m  1.48390880164142147e-1[0m │  -5.208183334215e-6  │  [32m 2.604091667108e-1[0m  │ 707.5ms
  [1m  sup |error|·aM = [32m0.266316392508[0m
  [32m✓[0m Tail bound |error| ≤ 1/(aM) certified for all M

  [1m[97m── (a,b) = (1,9) ── formula = 0.138240172854166[0m
  [2m     M    │  ∫_{1/(aM)}^1              │  error              │  |error|·aM         │ time[0m
       10 │  [35m  1.14479666912735756e-1[0m │  -2.376050594143e-2  │  [32m 2.376050594143e-1[0m  │ 0.1ms
       20 │  [35m  1.25420435766494587e-1[0m │  -1.281973708767e-2  │  [32m 2.563947417534e-1[0m  │ 0.2ms
       50 │  [35m  1.32998860692007836e-1[0m │  -5.241312162158e-3  │  [32m 2.620656081079e-1[0m  │ 0.6ms
      100 │  [35m  1.35667468261738672e-1[0m │  -2.572704592427e-3  │  [32m 2.572704592427e-1[0m  │ 1.1ms
      200 │  [35m  1.36944652264471944e-1[0m │  -1.295520589694e-3  │  [32m 2.591041179387e-1[0m  │ 2.4ms
      500 │  [35m  1.37721097829308525e-1[0m │  -5.190750248571e-4  │  [32m 2.595375124286e-1[0m  │ 6.0ms
     1000 │  [35m  1.37981108505447952e-1[0m │  -2.590643487177e-4  │  [32m 2.590643487177e-1[0m  │ 12.1ms
     2000 │  [35m  1.38110550250652719e-1[0m │  -1.296226035129e-4  │  [32m 2.592452070259e-1[0m  │ 24.5ms
     5000 │  [35m  1.38188315445769816e-1[0m │  -5.185740839583e-5  │  [32m 2.592870419792e-1[0m  │ 61.2ms
    10000 │  [35m  1.38214248873152423e-1[0m │  -2.592398101323e-5  │  [32m 2.592398101323e-1[0m  │ 123.6ms
    20000 │  [35m  1.38227209960728820e-1[0m │  -1.296289343683e-5  │  [32m 2.592578687366e-1[0m  │ 243.5ms
    50000 │  [35m  1.38234987613423899e-1[0m │  -5.185240741751e-6  │  [32m 2.592620370875e-1[0m  │ 609.9ms
  [1m  sup |error|·aM = [32m0.262065608108[0m
  [32m✓[0m Tail bound |error| ≤ 1/(aM) certified for all M

  [1m[97m── (a,b) = (1,10) ── formula = 0.129532205174082[0m
  [2m     M    │  ∫_{1/(aM)}^1              │  error              │  |error|·aM         │ time[0m
       10 │  [35m  1.07856164313505851e-1[0m │  -2.167604086058e-2  │  [32m 2.167604086058e-1[0m  │ 0.1ms
       20 │  [35m  1.17721321582849148e-1[0m │  -1.181088359123e-2  │  [32m 2.362176718247e-1[0m  │ 0.2ms
       50 │  [35m  1.24547120997114333e-1[0m │  -4.985084176968e-3  │  [32m 2.492542088484e-1[0m  │ 0.6ms
      100 │  [35m  1.26994525885106457e-1[0m │  -2.537679288976e-3  │  [32m 2.537679288976e-1[0m  │ 1.2ms
      200 │  [35m  1.28251976988876193e-1[0m │  -1.280228185206e-3  │  [32m 2.560456370412e-1[0m  │ 2.4ms
      500 │  [35m  1.29017370669673448e-1[0m │  -5.148345044087e-4  │  [32m 2.574172522043e-1[0m  │ 6.0ms
     1000 │  [35m  1.29274330031858731e-1[0m │  -2.578751422234e-4  │  [32m 2.578751422234e-1[0m  │ 11.6ms
     2000 │  [35m  1.29403153073231247e-1[0m │  -1.290521008509e-4  │  [32m 2.581042017017e-1[0m  │ 25.0ms
     5000 │  [35m  1.29480556839637662e-1[0m │  -5.164833444446e-5  │  [32m 2.582416722223e-1[0m  │ 60.3ms
    10000 │  [35m  1.29506376423943637e-1[0m │  -2.582875013848e-5  │  [32m 2.582875013848e-1[0m  │ 121.3ms
    20000 │  [35m  1.29519289653231506e-1[0m │  -1.291552085061e-5  │  [32m 2.583104170123e-1[0m  │ 244.0ms
    50000 │  [35m  1.29527038690747692e-1[0m │  -5.166483334429e-6  │  [32m 2.583241667214e-1[0m  │ 612.2ms
  [1m  sup |error|·aM = [32m0.258324166721[0m
  [32m✓[0m Tail bound |error| ≤ 1/(aM) certified for all M

  [1m[97m── (a,b) = (2,3) ── formula = 0.274436842612735[0m
  [2m     M    │  ∫_{1/(aM)}^1              │  error              │  |error|·aM         │ time[0m
       10 │  [35m  2.61556040328934036e-1[0m │  -1.288080228380e-2  │  [32m 2.576160456760e-1[0m  │ 0.2ms
       20 │  [35m  2.67815923665333744e-1[0m │  -6.620918947402e-3  │  [32m 2.648367578961e-1[0m  │ 0.3ms
       50 │  [35m  2.71793931454163640e-1[0m │  -2.642911158572e-3  │  [32m 2.642911158572e-1[0m  │ 0.8ms
      100 │  [35m  2.73120526573144895e-1[0m │  -1.316316039591e-3  │  [32m 2.632632079181e-1[0m  │ 1.7ms
      200 │  [35m  2.73776862182125380e-1[0m │  -6.599804306101e-4  │  [32m 2.639921722440e-1[0m  │ 3.3ms
      500 │  [35m  2.74172912197880259e-1[0m │  -2.639304148552e-4  │  [32m 2.639304148552e-1[0m  │ 8.3ms
     1000 │  [35m  2.74304929421912980e-1[0m │  -1.319131908225e-4  │  [32m 2.638263816450e-1[0m  │ 16.1ms
     2000 │  [35m  2.74370867788540140e-1[0m │  -6.597482419535e-5  │  [32m 2.638992967814e-1[0m  │ 33.7ms
     5000 │  [35m  2.74410453307320279e-1[0m │  -2.638930541521e-5  │  [32m 2.638930541521e-1[0m  │ 83.3ms
    10000 │  [35m  2.74423648480794702e-1[0m │  -1.319413194079e-5  │  [32m 2.638826388157e-1[0m  │ 166.6ms
    20000 │  [35m  2.74430245364473802e-1[0m │  -6.597248261686e-6  │  [32m 2.638899304674e-1[0m  │ 328.0ms
    50000 │  [35m  2.74434203719680081e-1[0m │  -2.638893055407e-6  │  [32m 2.638893055407e-1[0m  │ 826.4ms
  [1m  sup |error|·aM = [32m0.264836757896[0m
  [32m✓[0m Tail bound |error| ≤ 1/(aM) certified for all M

  [1m[97m── (a,b) = (2,5) ── formula = 0.216405234124714[0m
  [2m     M    │  ∫_{1/(aM)}^1              │  error              │  |error|·aM         │ time[0m
       10 │  [35m  2.04174331085012789e-1[0m │  -1.223090303970e-2  │  [32m 2.446180607940e-1[0m  │ 0.1ms
       20 │  [35m  2.10123772852273738e-1[0m │  -6.281461272440e-3  │  [32m 2.512584508976e-1[0m  │ 0.3ms
       50 │  [35m  2.13850724689577526e-1[0m │  -2.554509435136e-3  │  [32m 2.554509435136e-1[0m  │ 0.9ms
      100 │  [35m  2.15120816547356764e-1[0m │  -1.284417577357e-3  │  [32m 2.568835154714e-1[0m  │ 1.4ms
      200 │  [35m  2.15761218405092270e-1[0m │  -6.440157196216e-4  │  [32m 2.576062878486e-1[0m  │ 2.9ms
      500 │  [35m  2.16147192119445775e-1[0m │  -2.580420052681e-4  │  [32m 2.580420052681e-1[0m  │ 7.5ms
     1000 │  [35m  2.16276140332422567e-1[0m │  -1.290937922913e-4  │  [32m 2.581875845826e-1[0m  │ 14.8ms
     2000 │  [35m  2.16340669015262943e-1[0m │  -6.456510945094e-5  │  [32m 2.582604378037e-1[0m  │ 28.9ms
     5000 │  [35m  2.16379403707709111e-1[0m │  -2.583041700477e-5  │  [32m 2.583041700477e-1[0m  │ 73.5ms
    10000 │  [35m  2.16392318187171612e-1[0m │  -1.291593754227e-5  │  [32m 2.583187508454e-1[0m  │ 149.1ms
    20000 │  [35m  2.16398775973666940e-1[0m │  -6.458151046940e-6  │  [32m 2.583260418776e-1[0m  │ 297.1ms
    50000 │  [35m  2.16402650820546882e-1[0m │  -2.583304166998e-6  │  [32m 2.583304166998e-1[0m  │ 739.6ms
  [1m  sup |error|·aM = [32m0.258330416700[0m
  [32m✓[0m Tail bound |error| ≤ 1/(aM) certified for all M

  [1m[97m── (a,b) = (2,7) ── formula = 0.178852759384283[0m
  [2m     M    │  ∫_{1/(aM)}^1              │  error              │  |error|·aM         │ time[0m
       10 │  [35m  1.66704716387890611e-1[0m │  -1.214804299639e-2  │  [32m 2.429608599278e-1[0m  │ 0.1ms
       20 │  [35m  1.72435579495191310e-1[0m │  -6.417179889092e-3  │  [32m 2.566871955637e-1[0m  │ 0.3ms
       50 │  [35m  1.76298764127444330e-1[0m │  -2.553995256839e-3  │  [32m 2.553995256839e-1[0m  │ 0.8ms
      100 │  [35m  1.77573436815994495e-1[0m │  -1.279322568289e-3  │  [32m 2.558645136577e-1[0m  │ 1.4ms
      200 │  [35m  1.78213223625473594e-1[0m │  -6.395357588095e-4  │  [32m 2.558143035238e-1[0m  │ 2.8ms
      500 │  [35m  1.78597074807558348e-1[0m │  -2.556845767247e-4  │  [32m 2.556845767247e-1[0m  │ 7.0ms
     1000 │  [35m  1.78724778663768014e-1[0m │  -1.279807205151e-4  │  [32m 2.559614410301e-1[0m  │ 13.9ms
     2000 │  [35m  1.78788763480225626e-1[0m │  -6.399590405745e-5  │  [32m 2.559836162298e-1[0m  │ 28.0ms
     5000 │  [35m  1.78827164324708160e-1[0m │  -2.559505957492e-5  │  [32m 2.559505957492e-1[0m  │ 69.7ms
    10000 │  [35m  1.78839961899246946e-1[0m │  -1.279748503613e-5  │  [32m 2.559497007226e-1[0m  │ 140.4ms
    20000 │  [35m  1.78846360608244326e-1[0m │  -6.398776038752e-6  │  [32m 2.559510415501e-1[0m  │ 277.2ms
    50000 │  [35m  1.78850199858687303e-1[0m │  -2.559525595774e-6  │  [32m 2.559525595774e-1[0m  │ 689.8ms
  [1m  sup |error|·aM = [32m0.256687195564[0m
  [32m✓[0m Tail bound |error| ≤ 1/(aM) certified for all M

  [1m[97m── (a,b) = (2,9) ── formula = 0.153181637483943[0m
  [2m     M    │  ∫_{1/(aM)}^1              │  error              │  |error|·aM         │ time[0m
       10 │  [35m  1.40723536950223410e-1[0m │  -1.245810053372e-2  │  [32m 2.491620106744e-1[0m  │ 0.1ms
       20 │  [35m  1.46791912590852447e-1[0m │  -6.389724893090e-3  │  [32m 2.555889957236e-1[0m  │ 0.3ms
       50 │  [35m  1.50648763951102549e-1[0m │  -2.532873532840e-3  │  [32m 2.532873532840e-1[0m  │ 0.7ms
      100 │  [35m  1.51910960869033745e-1[0m │  -1.270676614909e-3  │  [32m 2.541353229818e-1[0m  │ 1.3ms
      200 │  [35m  1.52544805407888034e-1[0m │  -6.368320760548e-4  │  [32m 2.547328304219e-1[0m  │ 2.8ms
      500 │  [35m  1.52927133789152181e-1[0m │  -2.545036947907e-4  │  [32m 2.545036947907e-1[0m  │ 6.7ms
     1000 │  [35m  1.53054347017369280e-1[0m │  -1.272904665736e-4  │  [32m 2.545809331472e-1[0m  │ 13.7ms
     2000 │  [35m  1.53117977474830275e-1[0m │  -6.366000911259e-5  │  [32m 2.546400364504e-1[0m  │ 27.5ms
     5000 │  [35m  1.53156175771915454e-1[0m │  -2.546171202741e-5  │  [32m 2.546171202741e-1[0m  │ 68.3ms
    10000 │  [35m  1.53168906245559788e-1[0m │  -1.273123838308e-5  │  [32m 2.546247676616e-1[0m  │ 137.8ms
    20000 │  [35m  1.53175271717162914e-1[0m │  -6.365766779953e-6  │  [32m 2.546306711981e-1[0m  │ 274.8ms
    50000 │  [35m  1.53179091200147499e-1[0m │  -2.546283795368e-6  │  [32m 2.546283795368e-1[0m  │ 672.8ms
  [1m  sup |error|·aM = [32m0.255588995724[0m
  [32m✓[0m Tail bound |error| ≤ 1/(aM) certified for all M

  [1m[97m── (a,b) = (3,4) ── formula = 0.232114633307753[0m
  [2m     M    │  ∫_{1/(aM)}^1              │  error              │  |error|·aM         │ time[0m
       10 │  [35m  2.23610959397427811e-1[0m │  -8.503673910326e-3  │  [32m 2.551102173098e-1[0m  │ 0.2ms
       20 │  [35m  2.27910417342502697e-1[0m │  -4.204215965251e-3  │  [32m 2.522529579150e-1[0m  │ 0.4ms
       50 │  [35m  2.30403645827596093e-1[0m │  -1.710987480157e-3  │  [32m 2.566481220236e-1[0m  │ 1.1ms
      100 │  [35m  2.31261369921429066e-1[0m │  -8.532633863244e-4  │  [32m 2.559790158973e-1[0m  │ 1.8ms
      200 │  [35m  2.31687199923558490e-1[0m │  -4.274333841950e-4  │  [32m 2.564600305170e-1[0m  │ 3.7ms
      500 │  [35m  2.31943466460150682e-1[0m │  -1.711668476028e-4  │  [32m 2.567502714042e-1[0m  │ 9.3ms
     1000 │  [35m  2.32029017544400112e-1[0m │  -8.561576335336e-5  │  [32m 2.568472900601e-1[0m  │ 18.6ms
     2000 │  [35m  2.32071817332704960e-1[0m │  -4.281597504852e-5  │  [32m 2.568958502911e-1[0m  │ 37.2ms
     5000 │  [35m  2.32097504974239283e-1[0m │  -1.712833351419e-5  │  [32m 2.569250027129e-1[0m  │ 90.5ms
    10000 │  [35m  2.32106068816990141e-1[0m │  -8.564490763335e-6  │  [32m 2.569347229001e-1[0m  │ 184.5ms
    20000 │  [35m  2.32110350981361763e-1[0m │  -4.282326391714e-6  │  [32m 2.569395835028e-1[0m  │ 370.2ms
    50000 │  [35m  2.32112920357753300e-1[0m │  -1.712950000177e-6  │  [32m 2.569425000265e-1[0m  │ 928.2ms
  [1m  sup |error|·aM = [32m0.256942500027[0m
  [32m✓[0m Tail bound |error| ≤ 1/(aM) certified for all M

  [1m[97m── (a,b) = (3,5) ── formula = 0.206889770296346[0m
  [2m     M    │  ∫_{1/(aM)}^1              │  error              │  |error|·aM         │ time[0m
       10 │  [35m  1.98716280946755447e-1[0m │  -8.173489349591e-3  │  [32m 2.452046804877e-1[0m  │ 0.2ms
       20 │  [35m  2.02719872369481247e-1[0m │  -4.169897926865e-3  │  [32m 2.501938756119e-1[0m  │ 0.3ms
       50 │  [35m  2.05200674190647886e-1[0m │  -1.689096105699e-3  │  [32m 2.533644158548e-1[0m  │ 0.8ms
      100 │  [35m  2.06041596281791362e-1[0m │  -8.481740145551e-4  │  [32m 2.544522043665e-1[0m  │ 1.7ms
      200 │  [35m  2.06464767066596749e-1[0m │  -4.250032297497e-4  │  [32m 2.550019378498e-1[0m  │ 3.5ms
      500 │  [35m  2.06719547867583897e-1[0m │  -1.702224287625e-4  │  [32m 2.553336431438e-1[0m  │ 8.7ms
     1000 │  [35m  2.06804622122388121e-1[0m │  -8.514817395830e-5  │  [32m 2.554445218749e-1[0m  │ 17.1ms
     2000 │  [35m  2.06847186959787294e-1[0m │  -4.258333655913e-5  │  [32m 2.555000193548e-1[0m  │ 33.8ms
     5000 │  [35m  2.06872734740584430e-1[0m │  -1.703555576199e-5  │  [32m 2.555333364299e-1[0m  │ 86.1ms
    10000 │  [35m  2.06881252148172462e-1[0m │  -8.518148173958e-6  │  [32m 2.555444452187e-1[0m  │ 171.7ms
    20000 │  [35m  2.06885511129676514e-1[0m │  -4.259166669907e-6  │  [32m 2.555500001944e-1[0m  │ 339.7ms
    50000 │  [35m  2.06888066607457316e-1[0m │  -1.703688889104e-6  │  [32m 2.555533333656e-1[0m  │ 866.3ms
  [1m  sup |error|·aM = [32m0.255553333366[0m
  [32m✓[0m Tail bound |error| ≤ 1/(aM) certified for all M

  [1m[97m── (a,b) = (3,7) ── formula = 0.173136742391617[0m
  [2m     M    │  ∫_{1/(aM)}^1              │  error              │  |error|·aM         │ time[0m
       10 │  [35m  1.64715201373772213e-1[0m │  -8.421541017845e-3  │  [32m 2.526462305354e-1[0m  │ 0.2ms
       20 │  [35m  1.68872452234320930e-1[0m │  -4.264290157296e-3  │  [32m 2.558574094378e-1[0m  │ 0.4ms
       50 │  [35m  1.71447246451928187e-1[0m │  -1.689495939689e-3  │  [32m 2.534243909534e-1[0m  │ 0.8ms
      100 │  [35m  1.72294542439747067e-1[0m │  -8.421999518703e-4  │  [32m 2.526599855611e-1[0m  │ 1.5ms
      200 │  [35m  1.72713760832362506e-1[0m │  -4.229815592548e-4  │  [32m 2.537889355529e-1[0m  │ 2.9ms
      500 │  [35m  1.72967435802763914e-1[0m │  -1.693065888534e-4  │  [32m 2.539598832801e-1[0m  │ 7.8ms
     1000 │  [35m  1.73052074383277854e-1[0m │  -8.466800833948e-5  │  [32m 2.540040250184e-1[0m  │ 15.9ms
     2000 │  [35m  1.73094414682895908e-1[0m │  -4.232770872142e-5  │  [32m 2.539662523285e-1[0m  │ 31.9ms
     5000 │  [35m  1.73119812920692534e-1[0m │  -1.692947092480e-5  │  [32m 2.539420638720e-1[0m  │ 80.4ms
    10000 │  [35m  1.73128276902209138e-1[0m │  -8.465489408194e-6  │  [32m 2.539646822458e-1[0m  │ 159.6ms
    20000 │  [35m  1.73132509610531615e-1[0m │  -4.232781085717e-6  │  [32m 2.539668651430e-1[0m  │ 316.0ms
    50000 │  [35m  1.73135049265162155e-1[0m │  -1.693126455177e-6  │  [32m 2.539689682765e-1[0m  │ 788.1ms
  [1m  sup |error|·aM = [32m0.255857409438[0m
  [32m✓[0m Tail bound |error| ≤ 1/(aM) certified for all M

  [1m[97m── (a,b) = (3,8) ── formula = 0.159579576000371[0m
  [2m     M    │  ∫_{1/(aM)}^1              │  error              │  |error|·aM         │ time[0m
       10 │  [35m  1.51388950390343086e-1[0m │  -8.190625610028e-3  │  [32m 2.457187683008e-1[0m  │ 0.2ms
       20 │  [35m  1.55346031990293704e-1[0m │  -4.233544010077e-3  │  [32m 2.540126406046e-1[0m  │ 0.3ms
       50 │  [35m  1.57900768916885509e-1[0m │  -1.678807083486e-3  │  [32m 2.518210625228e-1[0m  │ 0.7ms
      100 │  [35m  1.58734226385371630e-1[0m │  -8.453496149994e-4  │  [32m 2.536048844998e-1[0m  │ 1.5ms
      200 │  [35m  1.59158390029721708e-1[0m │  -4.211859706493e-4  │  [32m 2.527115823896e-1[0m  │ 3.1ms
      500 │  [35m  1.59410576165413320e-1[0m │  -1.689998349577e-4  │  [32m 2.534997524365e-1[0m  │ 7.7ms
     1000 │  [35m  1.59495136142332045e-1[0m │  -8.443985803896e-5  │  [32m 2.533195741169e-1[0m  │ 14.6ms
     2000 │  [35m  1.59537343356080774e-1[0m │  -4.223264429024e-5  │  [32m 2.533958657414e-1[0m  │ 30.9ms
     5000 │  [35m  1.59562679888914261e-1[0m │  -1.689611145675e-5  │  [32m 2.534416718512e-1[0m  │ 76.4ms
    10000 │  [35m  1.59571127435512994e-1[0m │  -8.448564858016e-6  │  [32m 2.534569457405e-1[0m  │ 153.7ms
    20000 │  [35m  1.59575351590643372e-1[0m │  -4.224409727638e-6  │  [32m 2.534645836583e-1[0m  │ 305.7ms
    50000 │  [35m  1.59577886205926223e-1[0m │  -1.689794444787e-6  │  [32m 2.534691667180e-1[0m  │ 759.8ms
  [1m  sup |error|·aM = [32m0.254012640605[0m
  [32m✓[0m Tail bound |error| ≤ 1/(aM) certified for all M

  [1m[97m── (a,b) = (3,10) ── formula = 0.139242866186998[0m
  [2m     M    │  ∫_{1/(aM)}^1              │  error              │  |error|·aM         │ time[0m
       10 │  [35m  1.31364756922472681e-1[0m │  -7.878109264525e-3  │  [32m 2.363432779358e-1[0m  │ 0.1ms
       20 │  [35m  1.35173214532648134e-1[0m │  -4.069651654350e-3  │  [32m 2.441790992610e-1[0m  │ 0.3ms
       50 │  [35m  1.37581291498354685e-1[0m │  -1.661574688643e-3  │  [32m 2.492362032965e-1[0m  │ 0.7ms
      100 │  [35m  1.38406234316506144e-1[0m │  -8.366318704919e-4  │  [32m 2.509895611476e-1[0m  │ 1.5ms
      200 │  [35m  1.38823067316721616e-1[0m │  -4.197988702764e-4  │  [32m 2.518793221658e-1[0m  │ 3.0ms
      500 │  [35m  1.39074587949239520e-1[0m │  -1.682782377585e-4  │  [32m 2.524173566378e-1[0m  │ 7.4ms
     1000 │  [35m  1.39158667055475305e-1[0m │  -8.419913152272e-5  │  [32m 2.525973945681e-1[0m  │ 14.0ms
     2000 │  [35m  1.39200751596486788e-1[0m │  -4.211459051123e-5  │  [32m 2.526875430674e-1[0m  │ 29.7ms
     5000 │  [35m  1.39226016742094311e-1[0m │  -1.684944490371e-5  │  [32m 2.527416735557e-1[0m  │ 73.4ms
    10000 │  [35m  1.39234440862866543e-1[0m │  -8.425324131478e-6  │  [32m 2.527597239443e-1[0m  │ 149.2ms
    20000 │  [35m  1.39238653374490845e-1[0m │  -4.212812507176e-6  │  [32m 2.527687504306e-1[0m  │ 302.4ms
    50000 │  [35m  1.39241181025886451e-1[0m │  -1.685161111570e-6  │  [32m 2.527741667355e-1[0m  │ 761.4ms
  [1m  sup |error|·aM = [32m0.252774166735[0m
  [32m✓[0m Tail bound |error| ≤ 1/(aM) certified for all M

  [1m[97m── (a,b) = (4,5) ── formula = 0.197375838124525[0m
  [2m     M    │  ∫_{1/(aM)}^1              │  error              │  |error|·aM         │ time[0m
       10 │  [35m  1.91233939207620635e-1[0m │  -6.141898916904e-3  │  [32m 2.456759566762e-1[0m  │ 0.2ms
       20 │  [35m  1.94254488541904552e-1[0m │  -3.121349582620e-3  │  [32m 2.497079666096e-1[0m  │ 0.4ms
       50 │  [35m  1.96114195103253008e-1[0m │  -1.261643021272e-3  │  [32m 2.523286042543e-1[0m  │ 1.0ms
      100 │  [35m  1.96742742108232865e-1[0m │  -6.330960162918e-4  │  [32m 2.532384065167e-1[0m  │ 2.0ms
      200 │  [35m  1.97058712841764128e-1[0m │  -3.171252827605e-4  │  [32m 2.537002262084e-1[0m  │ 4.1ms
      500 │  [35m  1.97248848356476714e-1[0m │  -1.269897680479e-4  │  [32m 2.539795360958e-1[0m  │ 10.2ms
     1000 │  [35m  1.97312319872271269e-1[0m │  -6.351825225337e-5  │  [32m 2.540730090135e-1[0m  │ 19.5ms
     2000 │  [35m  1.97344073147680654e-1[0m │  -3.176497684398e-5  │  [32m 2.541198147519e-1[0m  │ 40.6ms
     5000 │  [35m  1.97363130728506614e-1[0m │  -1.270739601802e-5  │  [32m 2.541479203605e-1[0m  │ 99.4ms
    10000 │  [35m  1.97369484192209899e-1[0m │  -6.353932314740e-6  │  [32m 2.541572925896e-1[0m  │ 199.5ms
    20000 │  [35m  1.97372661099782160e-1[0m │  -3.177024742479e-6  │  [32m 2.541619793983e-1[0m  │ 398.2ms
    50000 │  [35m  1.97374567300566128e-1[0m │  -1.270823958510e-6  │  [32m 2.541647917020e-1[0m  │ 1000.1ms
  [1m  sup |error|·aM = [32m0.254164791702[0m
  [32m✓[0m Tail bound |error| ≤ 1/(aM) certified for all M

  [1m[97m── (a,b) = (4,7) ── formula = 0.163712694770433[0m
  [2m     M    │  ∫_{1/(aM)}^1              │  error              │  |error|·aM         │ time[0m
       10 │  [35m  1.57558999423272839e-1[0m │  -6.153695347160e-3  │  [32m 2.461478138864e-1[0m  │ 0.2ms
       20 │  [35m  1.60526898733209494e-1[0m │  -3.185796037223e-3  │  [32m 2.548636829779e-1[0m  │ 0.3ms
       50 │  [35m  1.62452929740995400e-1[0m │  -1.259765029437e-3  │  [32m 2.519530058875e-1[0m  │ 0.9ms
      100 │  [35m  1.63081678010129294e-1[0m │  -6.310167603034e-4  │  [32m 2.524067041214e-1[0m  │ 1.8ms
      200 │  [35m  1.63396384366110037e-1[0m │  -3.163104043226e-4  │  [32m 2.530483234581e-1[0m  │ 3.3ms
      500 │  [35m  1.63586272242213532e-1[0m │  -1.264225282192e-4  │  [32m 2.528450564383e-1[0m  │ 8.6ms
     1000 │  [35m  1.63649441416208519e-1[0m │  -6.325335422416e-5  │  [32m 2.530134168967e-1[0m  │ 17.6ms
     2000 │  [35m  1.63681076838827128e-1[0m │  -3.161793160555e-5  │  [32m 2.529434528444e-1[0m  │ 35.5ms
     5000 │  [35m  1.63700046526470328e-1[0m │  -1.264824396235e-5  │  [32m 2.529648792471e-1[0m  │ 88.9ms
    10000 │  [35m  1.63706370328490974e-1[0m │  -6.324441941707e-6  │  [32m 2.529776776683e-1[0m  │ 176.9ms
    20000 │  [35m  1.63709532600602503e-1[0m │  -3.162169830179e-6  │  [32m 2.529735864143e-1[0m  │ 354.7ms
    50000 │  [35m  1.63711429885760040e-1[0m │  -1.264884672642e-6  │  [32m 2.529769345283e-1[0m  │ 891.2ms
  [1m  sup |error|·aM = [32m0.254863682978[0m
  [32m✓[0m Tail bound |error| ≤ 1/(aM) certified for all M

  [1m[97m── (a,b) = (4,9) ── formula = 0.142342247070369[0m
  [2m     M    │  ∫_{1/(aM)}^1              │  error              │  |error|·aM         │ time[0m
       10 │  [35m  1.36091620522688667e-1[0m │  -6.250626547680e-3  │  [32m 2.500250619072e-1[0m  │ 0.2ms
       20 │  [35m  1.39279574413572832e-1[0m │  -3.062672656796e-3  │  [32m 2.450138125437e-1[0m  │ 0.3ms
       50 │  [35m  1.41080284096239850e-1[0m │  -1.261962974129e-3  │  [32m 2.523925948258e-1[0m  │ 0.8ms
      100 │  [35m  1.41712222244994329e-1[0m │  -6.300248253746e-4  │  [32m 2.520099301499e-1[0m  │ 1.6ms
      200 │  [35m  1.42027785357287301e-1[0m │  -3.144617130817e-4  │  [32m 2.515693704653e-1[0m  │ 3.3ms
      500 │  [35m  1.42216083020145906e-1[0m │  -1.261640502231e-4  │  [32m 2.523281004461e-1[0m  │ 8.1ms
     1000 │  [35m  1.42279176160852866e-1[0m │  -6.307090951610e-5  │  [32m 2.522836380644e-1[0m  │ 16.8ms
     2000 │  [35m  1.42310717048839935e-1[0m │  -3.153002152903e-5  │  [32m 2.522401722322e-1[0m  │ 33.8ms
     5000 │  [35m  1.42329631260484785e-1[0m │  -1.261580988418e-5  │  [32m 2.523161976836e-1[0m  │ 83.5ms
    10000 │  [35m  1.42335939278105339e-1[0m │  -6.307792263627e-6  │  [32m 2.523116905451e-1[0m  │ 167.6ms
    20000 │  [35m  1.42339093228498470e-1[0m │  -3.153841870496e-6  │  [32m 2.523073496397e-1[0m  │ 335.8ms
    50000 │  [35m  1.42340985495600730e-1[0m │  -1.261574768235e-6  │  [32m 2.523149536471e-1[0m  │ 889.5ms
  [1m  sup |error|·aM = [32m0.252392594826[0m
  [32m✓[0m Tail bound |error| ≤ 1/(aM) certified for all M

  [1m[97m── (a,b) = (5,6) ── formula = 0.170855453455258[0m
  [2m     M    │  ∫_{1/(aM)}^1              │  error              │  |error|·aM         │ time[0m
       10 │  [35m  1.65759196484747434e-1[0m │  -5.096256970511e-3  │  [32m 2.548128485255e-1[0m  │ 0.2ms
       20 │  [35m  1.68367651288815062e-1[0m │  -2.487802166443e-3  │  [32m 2.487802166443e-1[0m  │ 0.4ms
       50 │  [35m  1.69850673679078357e-1[0m │  -1.004779776180e-3  │  [32m 2.511949440450e-1[0m  │ 1.0ms
      100 │  [35m  1.70349344382638213e-1[0m │  -5.061090726200e-4  │  [32m 2.530545363100e-1[0m  │ 2.1ms
      200 │  [35m  1.70603068451973428e-1[0m │  -2.523850032848e-4  │  [32m 2.523850032848e-1[0m  │ 4.1ms
      500 │  [35m  1.70754405082923250e-1[0m │  -1.010483723349e-4  │  [32m 2.526209308373e-1[0m  │ 9.9ms
     1000 │  [35m  1.70804892245754042e-1[0m │  -5.056120950414e-5  │  [32m 2.528060475207e-1[0m  │ 20.5ms
     2000 │  [35m  1.70830179595283127e-1[0m │  -2.527385997506e-5  │  [32m 2.527385997506e-1[0m  │ 41.0ms
     5000 │  [35m  1.70845342970886577e-1[0m │  -1.011048437161e-5  │  [32m 2.527621092901e-1[0m  │ 102.5ms
    10000 │  [35m  1.70850397843048646e-1[0m │  -5.055612209537e-6  │  [32m 2.527806104768e-1[0m  │ 205.1ms
    20000 │  [35m  1.70852925716648202e-1[0m │  -2.527738609981e-6  │  [32m 2.527738609981e-1[0m  │ 407.6ms
    50000 │  [35m  1.70854442350413804e-1[0m │  -1.011104844378e-6  │  [32m 2.527762110946e-1[0m  │ 1012.5ms
  [1m  sup |error|·aM = [32m0.254812848526[0m
  [32m✓[0m Tail bound |error| ≤ 1/(aM) certified for all M

  [1m[97m── (a,b) = (5,7) ── formula = 0.154022856010670[0m
  [2m     M    │  ∫_{1/(aM)}^1              │  error              │  |error|·aM         │ time[0m
       10 │  [35m  1.49037501221975704e-1[0m │  -4.985354788695e-3  │  [32m 2.492677394347e-1[0m  │ 0.2ms
       20 │  [35m  1.51485148166743744e-1[0m │  -2.537707843927e-3  │  [32m 2.537707843927e-1[0m  │ 0.4ms
       50 │  [35m  1.53020150299674473e-1[0m │  -1.002705710996e-3  │  [32m 2.506764277490e-1[0m  │ 0.9ms
      100 │  [35m  1.53518273123243287e-1[0m │  -5.045828874271e-4  │  [32m 2.522914437136e-1[0m  │ 1.8ms
      200 │  [35m  1.53770903687188237e-1[0m │  -2.519523234822e-4  │  [32m 2.519523234822e-1[0m  │ 3.9ms
      500 │  [35m  1.53921926536133014e-1[0m │  -1.009294745374e-4  │  [32m 2.523236863435e-1[0m  │ 9.6ms
     1000 │  [35m  1.53972374107386484e-1[0m │  -5.048190328391e-5  │  [32m 2.524095164196e-1[0m  │ 18.9ms
     2000 │  [35m  1.53997618916119072e-1[0m │  -2.523709455132e-5  │  [32m 2.523709455132e-1[0m  │ 37.8ms
     5000 │  [35m  1.54012760841208712e-1[0m │  -1.009516946168e-5  │  [32m 2.523792365421e-1[0m  │ 96.6ms
    10000 │  [35m  1.54017808563051806e-1[0m │  -5.047447618589e-6  │  [32m 2.523723809295e-1[0m  │ 191.9ms
    20000 │  [35m  1.54020332244003189e-1[0m │  -2.523766667206e-6  │  [32m 2.523766667206e-1[0m  │ 388.6ms
    50000 │  [35m  1.54021846484575176e-1[0m │  -1.009526095219e-6  │  [32m 2.523815238048e-1[0m  │ 956.8ms
  [1m  sup |error|·aM = [32m0.253770784393[0m
  [32m✓[0m Tail bound |error| ≤ 1/(aM) certified for all M

  [1m[97m── (a,b) = (5,8) ── formula = 0.142811874746672[0m
  [2m     M    │  ∫_{1/(aM)}^1              │  error              │  |error|·aM         │ time[0m
       10 │  [35m  1.37802850026089080e-1[0m │  -5.009024720583e-3  │  [32m 2.504512360291e-1[0m  │ 0.2ms
       20 │  [35m  1.40296153803607049e-1[0m │  -2.515720943065e-3  │  [32m 2.515720943065e-1[0m  │ 0.4ms
       50 │  [35m  1.41804671620416128e-1[0m │  -1.007203126255e-3  │  [32m 2.518007815639e-1[0m  │ 0.9ms
      100 │  [35m  1.42307882575811590e-1[0m │  -5.039921708600e-4  │  [32m 2.519960854300e-1[0m  │ 1.8ms
      200 │  [35m  1.42560330622667153e-1[0m │  -2.515441240045e-4  │  [32m 2.515441240045e-1[0m  │ 3.7ms
      500 │  [35m  1.42711048142625280e-1[0m │  -1.008266040463e-4  │  [32m 2.520665101158e-1[0m  │ 8.7ms
     1000 │  [35m  1.42761479727024798e-1[0m │  -5.039501964682e-5  │  [32m 2.519750982341e-1[0m  │ 18.0ms
     2000 │  [35m  1.42786671827549339e-1[0m │  -2.520291912228e-5  │  [32m 2.520291912228e-1[0m  │ 37.0ms
     5000 │  [35m  1.42801792279847795e-1[0m │  -1.008246682382e-5  │  [32m 2.520616705956e-1[0m  │ 93.3ms
    10000 │  [35m  1.42806833296651975e-1[0m │  -5.041450019644e-6  │  [32m 2.520725009822e-1[0m  │ 184.6ms
    20000 │  [35m  1.42809353967502495e-1[0m │  -2.520779169124e-6  │  [32m 2.520779169124e-1[0m  │ 365.6ms
    50000 │  [35m  1.42810866422004801e-1[0m │  -1.008324666818e-6  │  [32m 2.520811667045e-1[0m  │ 912.6ms
  [1m  sup |error|·aM = [32m0.252081166704[0m
  [32m✓[0m Tail bound |error| ≤ 1/(aM) certified for all M

  [1m[97m── (a,b) = (5,9) ── formula = 0.135062697485324[0m
  [2m     M    │  ∫_{1/(aM)}^1              │  error              │  |error|·aM         │ time[0m
       10 │  [35m  1.30106240601182144e-1[0m │  -4.956456884142e-3  │  [32m 2.478228442071e-1[0m  │ 0.2ms
       20 │  [35m  1.32584303734432141e-1[0m │  -2.478393750892e-3  │  [32m 2.478393750892e-1[0m  │ 0.4ms
       50 │  [35m  1.34060309188850146e-1[0m │  -1.002388296474e-3  │  [32m 2.505970741184e-1[0m  │ 0.9ms
      100 │  [35m  1.34559976035430101e-1[0m │  -5.027214498937e-4  │  [32m 2.513607249468e-1[0m  │ 1.8ms
      200 │  [35m  1.34811251269443211e-1[0m │  -2.514462158806e-4  │  [32m 2.514462158806e-1[0m  │ 3.6ms
      500 │  [35m  1.34962005761278842e-1[0m │  -1.006917240449e-4  │  [32m 2.517293101123e-1[0m  │ 8.7ms
     1000 │  [35m  1.35012337097795782e-1[0m │  -5.036038752798e-5  │  [32m 2.518019376399e-1[0m  │ 17.8ms
     2000 │  [35m  1.35037516355833137e-1[0m │  -2.518112949063e-5  │  [32m 2.518112949063e-1[0m  │ 35.3ms
     5000 │  [35m  1.35052623900265983e-1[0m │  -1.007358505778e-5  │  [32m 2.518396264445e-1[0m  │ 88.9ms
    10000 │  [35m  1.35057660548269620e-1[0m │  -5.036937054143e-6  │  [32m 2.518468527071e-1[0m  │ 177.0ms
    20000 │  [35m  1.35060179007360948e-1[0m │  -2.518477962815e-6  │  [32m 2.518477962815e-1[0m  │ 350.7ms
    50000 │  [35m  1.35061690082805358e-1[0m │  -1.007402518405e-6  │  [32m 2.518506296012e-1[0m  │ 1015.8ms
  [1m  sup |error|·aM = [32m0.251850629601[0m
  [32m✓[0m Tail bound |error| ≤ 1/(aM) certified for all M

  [1m[97m── (a,b) = (6,7) ── formula = 0.150366569608103[0m
  [2m     M    │  ∫_{1/(aM)}^1              │  error              │  |error|·aM         │ time[0m
       10 │  [35m  1.46258341482721682e-1[0m │  -4.108228125381e-3  │  [32m 2.464936875229e-1[0m  │ 0.2ms
       20 │  [35m  1.48259526758643206e-1[0m │  -2.107042849460e-3  │  [32m 2.528451419352e-1[0m  │ 0.4ms
       50 │  [35m  1.49534764652153401e-1[0m │  -8.318049559495e-4  │  [32m 2.495414867848e-1[0m  │ 1.0ms
      100 │  [35m  1.49948270169980802e-1[0m │  -4.182994381221e-4  │  [32m 2.509796628732e-1[0m  │ 2.0ms
      200 │  [35m  1.50156548143601798e-1[0m │  -2.100214645011e-4  │  [32m 2.520257574013e-1[0m  │ 4.2ms
      500 │  [35m  1.50282606132150248e-1[0m │  -8.396347595263e-5  │  [32m 2.518904278579e-1[0m  │ 10.6ms
     1000 │  [35m  1.50324569762357252e-1[0m │  -4.199984574563e-5  │  [32m 2.519990744738e-1[0m  │ 21.4ms
     2000 │  [35m  1.50345569319777578e-1[0m │  -2.100028832530e-5  │  [32m 2.520034599036e-1[0m  │ 42.4ms
     5000 │  [35m  1.50358170805231672e-1[0m │  -8.398802871207e-6  │  [32m 2.519640861362e-1[0m  │ 105.4ms
    10000 │  [35m  1.50362369857792139e-1[0m │  -4.199750310740e-6  │  [32m 2.519850186444e-1[0m  │ 212.2ms
    20000 │  [35m  1.50364469792046179e-1[0m │  -2.099816056700e-6  │  [32m 2.519779268040e-1[0m  │ 425.1ms
    50000 │  [35m  1.50365729660020792e-1[0m │  -8.399480820875e-7  │  [32m 2.519844246263e-1[0m  │ 1044.3ms
  [1m  sup |error|·aM = [32m0.252845141935[0m
  [32m✓[0m Tail bound |error| ≤ 1/(aM) certified for all M

  [1m[97m── (a,b) = (7,8) ── formula = 0.134176502209685[0m
  [2m     M    │  ∫_{1/(aM)}^1              │  error              │  |error|·aM         │ time[0m
       10 │  [35m  1.30744338921839537e-1[0m │  -3.432163287845e-3  │  [32m 2.402514301492e-1[0m  │ 0.2ms
       20 │  [35m  1.32389304833537808e-1[0m │  -1.787197376147e-3  │  [32m 2.502076326606e-1[0m  │ 0.4ms
       50 │  [35m  1.33464659195866892e-1[0m │  -7.118430138177e-4  │  [32m 2.491450548362e-1[0m  │ 1.0ms
      100 │  [35m  1.33817511767054281e-1[0m │  -3.589904426304e-4  │  [32m 2.512933098412e-1[0m  │ 2.0ms
      200 │  [35m  1.33997183170836698e-1[0m │  -1.793190388479e-4  │  [32m 2.510466543871e-1[0m  │ 4.2ms
      500 │  [35m  1.34104658857924219e-1[0m │  -7.184335176041e-5  │  [32m 2.514517311615e-1[0m  │ 10.5ms
     1000 │  [35m  1.34140588065531197e-1[0m │  -3.591414415344e-5  │  [32m 2.513990090741e-1[0m  │ 21.5ms
     2000 │  [35m  1.34158541959522648e-1[0m │  -1.796025016199e-5  │  [32m 2.514435022678e-1[0m  │ 42.7ms
     5000 │  [35m  1.34169317345511019e-1[0m │  -7.184864173615e-6  │  [32m 2.514702460765e-1[0m  │ 108.0ms
    10000 │  [35m  1.34172909650132316e-1[0m │  -3.592559552318e-6  │  [32m 2.514791686622e-1[0m  │ 215.4ms
    20000 │  [35m  1.34174705898031404e-1[0m │  -1.796311653229e-6  │  [32m 2.514836314521e-1[0m  │ 432.5ms
    50000 │  [35m  1.34175783677371485e-1[0m │  -7.185323131487e-7  │  [32m 2.514863096020e-1[0m  │ 1067.9ms
  [1m  sup |error|·aM = [32m0.251486309602[0m
  [32m✓[0m Tail bound |error| ≤ 1/(aM) certified for all M

  [1m[97m── (a,b) = (7,9) ── formula = 0.122364188483807[0m
  [2m     M    │  ∫_{1/(aM)}^1              │  error              │  |error|·aM         │ time[0m
       10 │  [35m  1.18913809045149810e-1[0m │  -3.450379438657e-3  │  [32m 2.415265607060e-1[0m  │ 0.2ms
       20 │  [35m  1.20584141238108691e-1[0m │  -1.780047245699e-3  │  [32m 2.492066143978e-1[0m  │ 0.4ms
       50 │  [35m  1.21651544050540003e-1[0m │  -7.126444332673e-4  │  [32m 2.494255516436e-1[0m  │ 1.0ms
      100 │  [35m  1.22006624163860530e-1[0m │  -3.575643199468e-4  │  [32m 2.502950239627e-1[0m  │ 2.1ms
      200 │  [35m  1.22184818679460655e-1[0m │  -1.793698043466e-4  │  [32m 2.511177260853e-1[0m  │ 4.1ms
      500 │  [35m  1.22292436384472791e-1[0m │  -7.175209933451e-5  │  [32m 2.511323476708e-1[0m  │ 10.3ms
     1000 │  [35m  1.22328299967380608e-1[0m │  -3.588851642669e-5  │  [32m 2.512196149868e-1[0m  │ 20.6ms
     2000 │  [35m  1.22346238317126835e-1[0m │  -1.795016668046e-5  │  [32m 2.513023335265e-1[0m  │ 40.1ms
     5000 │  [35m  1.22357008377966536e-1[0m │  -7.180105840762e-6  │  [32m 2.513037044267e-1[0m  │ 104.9ms
    10000 │  [35m  1.22360598306175253e-1[0m │  -3.590177632046e-6  │  [32m 2.513124342432e-1[0m  │ 203.5ms
    20000 │  [35m  1.22362393335875799e-1[0m │  -1.795147931499e-6  │  [32m 2.513207104099e-1[0m  │ 405.2ms
    50000 │  [35m  1.22363470424245682e-1[0m │  -7.180595616163e-7  │  [32m 2.513208465657e-1[0m  │ 1017.1ms
  [1m  sup |error|·aM = [32m0.251320846566[0m
  [32m✓[0m Tail bound |error| ≤ 1/(aM) certified for all M

  [1m[97m── (a,b) = (7,10) ── formula = 0.114441115848824[0m
  [2m     M    │  ∫_{1/(aM)}^1              │  error              │  |error|·aM         │ time[0m
       10 │  [35m  1.10982672281142877e-1[0m │  -3.458443567681e-3  │  [32m 2.420910497377e-1[0m  │ 0.2ms
       20 │  [35m  1.12681077734537310e-1[0m │  -1.760038114287e-3  │  [32m 2.464053360001e-1[0m  │ 0.4ms
       50 │  [35m  1.13729082280176572e-1[0m │  -7.120335686474e-4  │  [32m 2.492117490266e-1[0m  │ 1.0ms
      100 │  [35m  1.14083701731888781e-1[0m │  -3.574141169352e-4  │  [32m 2.501898818547e-1[0m  │ 2.0ms
      200 │  [35m  1.14262053453842563e-1[0m │  -1.790623949815e-4  │  [32m 2.506873529740e-1[0m  │ 3.9ms
      500 │  [35m  1.14369404835146640e-1[0m │  -7.171101367738e-5  │  [32m 2.509885478708e-1[0m  │ 9.8ms
     1000 │  [35m  1.14405245934700889e-1[0m │  -3.586991412313e-5  │  [32m 2.510893988619e-1[0m  │ 19.7ms
     2000 │  [35m  1.14423177283878477e-1[0m │  -1.793856494554e-5  │  [32m 2.511399092376e-1[0m  │ 39.0ms
     5000 │  [35m  1.14433939556177727e-1[0m │  -7.176292646294e-6  │  [32m 2.511702426203e-1[0m  │ 97.7ms
    10000 │  [35m  1.14437527557991539e-1[0m │  -3.588290832482e-6  │  [32m 2.511803582737e-1[0m  │ 200.5ms
    20000 │  [35m  1.14439321667274385e-1[0m │  -1.794181549636e-6  │  [32m 2.511854169490e-1[0m  │ 391.9ms
    50000 │  [35m  1.14440398167531376e-1[0m │  -7.176812926446e-7  │  [32m 2.511884524256e-1[0m  │ 980.1ms
  [1m  sup |error|·aM = [32m0.251188452426[0m
  [32m✓[0m Tail bound |error| ≤ 1/(aM) certified for all M

  [1m[97m── (a,b) = (8,9) ── formula = 0.121100212963458[0m
  [2m     M    │  ∫_{1/(aM)}^1              │  error              │  |error|·aM         │ time[0m
       10 │  [35m  1.18103567441135468e-1[0m │  -2.996645522323e-3  │  [32m 2.397316417858e-1[0m  │ 0.2ms
       20 │  [35m  1.19570320700723640e-1[0m │  -1.529892262735e-3  │  [32m 2.447827620375e-1[0m  │ 0.4ms
       50 │  [35m  1.20472172431362906e-1[0m │  -6.280405320953e-4  │  [32m 2.512162128381e-1[0m  │ 1.1ms
      100 │  [35m  1.20787914900987392e-1[0m │  -3.122980624708e-4  │  [32m 2.498384499766e-1[0m  │ 2.1ms
      200 │  [35m  1.20943648643585963e-1[0m │  -1.565643198722e-4  │  [32m 2.505029117956e-1[0m  │ 4.4ms
      500 │  [35m  1.21037420336153112e-1[0m │  -6.279262730509e-5  │  [32m 2.511705092204e-1[0m  │ 10.9ms
     1000 │  [35m  1.21068834975964962e-1[0m │  -3.137798749324e-5  │  [32m 2.510238999459e-1[0m  │ 21.8ms
     2000 │  [35m  1.21084519721143632e-1[0m │  -1.569324231457e-5  │  [32m 2.510918770331e-1[0m  │ 44.2ms
     5000 │  [35m  1.21093933993747030e-1[0m │  -6.278969711171e-6  │  [32m 2.511587884468e-1[0m  │ 110.5ms
    10000 │  [35m  1.21097073662944740e-1[0m │  -3.139300513461e-6  │  [32m 2.511440410768e-1[0m  │ 219.1ms
    20000 │  [35m  1.21098643270622794e-1[0m │  -1.569692835407e-6  │  [32m 2.511508536651e-1[0m  │ 439.1ms
    50000 │  [35m  1.21099585069592647e-1[0m │  -6.278938655541e-7  │  [32m 2.511575462216e-1[0m  │ 1092.1ms
  [1m  sup |error|·aM = [32m0.251216212838[0m
  [32m✓[0m Tail bound |error| ≤ 1/(aM) certified for all M

  [1m[97m── (a,b) = (9,10) ── formula = 0.110333762800751[0m
  [2m     M    │  ∫_{1/(aM)}^1              │  error              │  |error|·aM         │ time[0m
       10 │  [35m  1.07615945434310425e-1[0m │  -2.717817366440e-3  │  [32m 2.446035629796e-1[0m  │ 0.2ms
       20 │  [35m  1.08960248677170163e-1[0m │  -1.373514123580e-3  │  [32m 2.472325422445e-1[0m  │ 0.4ms
       50 │  [35m  1.09779795900906599e-1[0m │  -5.539668998440e-4  │  [32m 2.492851049298e-1[0m  │ 1.1ms
      100 │  [35m  1.10055900428597600e-1[0m │  -2.778623721530e-4  │  [32m 2.500761349377e-1[0m  │ 2.3ms
      200 │  [35m  1.10194599698041795e-1[0m │  -1.391631027088e-4  │  [32m 2.504935848759e-1[0m  │ 4.4ms
      500 │  [35m  1.10278040312667081e-1[0m │  -5.572248808353e-5  │  [32m 2.507511963759e-1[0m  │ 11.0ms
     1000 │  [35m  1.10305891882742632e-1[0m │  -2.787091800797e-5  │  [32m 2.508382620718e-1[0m  │ 21.9ms
     2000 │  [35m  1.10319824910793826e-1[0m │  -1.393788995678e-5  │  [32m 2.508820192220e-1[0m  │ 44.3ms
     5000 │  [35m  1.10328187059743996e-1[0m │  -5.575741006611e-6  │  [32m 2.509083452975e-1[0m  │ 110.5ms
    10000 │  [35m  1.10330974832610382e-1[0m │  -2.787968140225e-6  │  [32m 2.509171326202e-1[0m  │ 222.3ms
    20000 │  [35m  1.10332368792258800e-1[0m │  -1.394008491806e-6  │  [32m 2.509215285251e-1[0m  │ 581.3ms
    50000 │  [35m  1.10333205191491077e-1[0m │  -5.576092595300e-7  │  [32m 2.509241667885e-1[0m  │ 1106.7ms
  [1m  sup |error|·aM = [32m0.250924166788[0m
  [32m✓[0m Tail bound |error| ≤ 1/(aM) certified for all M


  [1m[36m╔═══════════════════════════════════════════════════════════════════╗[0m
  [1m[36m║[0m  [1m[97mVASYUNIN CONVERGENCE VALIDATOR — CERTIFICATE[0m                [1m[36m║[0m
  [1m[36m╠═══════════════════════════════════════════════════════════════════╣[0m
  [1m[36m║[0m  Precision: [33m512-bit MPFR[0m    Threads: [33m12[0m
  [1m[36m║[0m  Pairs: [33m31[0m               M range: [33m10-50000[0m
  [1m[36m║[0m
  [1m[36m║[0m  [1m§A. Formula Agreement[0m
  [1m[36m║[0m    ( 1, 2): sup|err|·aM = [32m0.2916641667[0m  [32m✓[0m
  [1m[36m║[0m    ( 1, 3): sup|err|·aM = [32m0.2778646190[0m  [32m✓[0m
  [1m[36m║[0m    ( 1, 4): sup|err|·aM = [32m0.2745037203[0m  [32m✓[0m
  [1m[36m║[0m    ( 1, 5): sup|err|·aM = [32m0.2666616667[0m  [32m✓[0m
  [1m[36m║[0m    ( 1, 6): sup|err|·aM = [32m0.2693301102[0m  [32m✓[0m
  [1m[36m║[0m    ( 1, 7): sup|err|·aM = [32m0.2688963573[0m  [32m✓[0m
  [1m[36m║[0m    ( 1, 8): sup|err|·aM = [32m0.2663163925[0m  [32m✓[0m
  [1m[36m║[0m    ( 1, 9): sup|err|·aM = [32m0.2620656081[0m  [32m✓[0m
  [1m[36m║[0m    ( 1,10): sup|err|·aM = [32m0.2583241667[0m  [32m✓[0m
  [1m[36m║[0m    ( 2, 3): sup|err|·aM = [32m0.2648367579[0m  [32m✓[0m
  [1m[36m║[0m    ( 2, 5): sup|err|·aM = [32m0.2583304167[0m  [32m✓[0m
  [1m[36m║[0m    ( 2, 7): sup|err|·aM = [32m0.2566871956[0m  [32m✓[0m
  [1m[36m║[0m    ( 2, 9): sup|err|·aM = [32m0.2555889957[0m  [32m✓[0m
  [1m[36m║[0m    ( 3, 4): sup|err|·aM = [32m0.2569425000[0m  [32m✓[0m
  [1m[36m║[0m    ( 3, 5): sup|err|·aM = [32m0.2555533334[0m  [32m✓[0m
  [1m[36m║[0m    ( 3, 7): sup|err|·aM = [32m0.2558574094[0m  [32m✓[0m
  [1m[36m║[0m    ( 3, 8): sup|err|·aM = [32m0.2540126406[0m  [32m✓[0m
  [1m[36m║[0m    ( 3,10): sup|err|·aM = [32m0.2527741667[0m  [32m✓[0m
  [1m[36m║[0m    ( 4, 5): sup|err|·aM = [32m0.2541647917[0m  [32m✓[0m
  [1m[36m║[0m    ( 4, 7): sup|err|·aM = [32m0.2548636830[0m  [32m✓[0m
  [1m[36m║[0m    ( 4, 9): sup|err|·aM = [32m0.2523925948[0m  [32m✓[0m
  [1m[36m║[0m    ( 5, 6): sup|err|·aM = [32m0.2548128485[0m  [32m✓[0m
  [1m[36m║[0m    ( 5, 7): sup|err|·aM = [32m0.2537707844[0m  [32m✓[0m
  [1m[36m║[0m    ( 5, 8): sup|err|·aM = [32m0.2520811667[0m  [32m✓[0m
  [1m[36m║[0m    ( 5, 9): sup|err|·aM = [32m0.2518506296[0m  [32m✓[0m
  [1m[36m║[0m    ( 6, 7): sup|err|·aM = [32m0.2528451419[0m  [32m✓[0m
  [1m[36m║[0m    ( 7, 8): sup|err|·aM = [32m0.2514863096[0m  [32m✓[0m
  [1m[36m║[0m    ( 7, 9): sup|err|·aM = [32m0.2513208466[0m  [32m✓[0m
  [1m[36m║[0m    ( 7,10): sup|err|·aM = [32m0.2511884524[0m  [32m✓[0m
  [1m[36m║[0m    ( 8, 9): sup|err|·aM = [32m0.2512162128[0m  [32m✓[0m
  [1m[36m║[0m    ( 9,10): sup|err|·aM = [32m0.2509241668[0m  [32m✓[0m
  [1m[36m║[0m
  [1m[36m║[0m  [1m§B. Tail Bound Certification[0m
  [1m[36m║[0m    Global sup |error|·aM = [32m0.2916641667[0m
  [1m[36m║[0m    [32m✓[0m |∫_{1/(aM)}^1 - formula| ≤ 1/(aM) for ALL tested (a,b,M)
  [1m[36m║[0m
  [1m[36m║[0m  [1m§C. Convergence Rate[0m
  [1m[36m║[0m    [32m✓[0m Error strictly decreasing with M for all pairs (M≥50)
  [1m[36m║[0m    Rate: O(1/(aM)) — tail bound matches squeeze theorem
  [1m[36m║[0m
  [1m[36m║[0m  [1m§D. Axiom Validation[0m
  [1m[36m║[0m    Target: [2mpartial_sum_tends_to_formula[0m
  [1m[36m║[0m    File:   [2mLogDigammaBridge.lean:310[0m
  [1m[36m║[0m    [32m✓[0m Integral → formula as M → ∞ (CONFIRMED)
  [1m[36m║[0m    [32m✓[0m Tail bound ≤ 1/(aM) (CERTIFIED at 512-bit)
  [1m[36m║[0m
  [1m[36m╚═══════════════════════════════════════════════════════════════════╝[0m

  [1m[97m═══ §5. LEAN ORACLE CERTIFICATES ═══[0m

  (1,2): 12 M-values certified
  (1,3): 12 M-values certified
  (2,3): 12 M-values certified
  (3,5): 12 M-values certified
  (5,7): 12 M-values certified

  [1m[97mTotal runtime:[0m [32m45.6s[0m (12 threads)
  [1m[97mOutput:[0m results/{convergence.tsv, summary.json, oracle_axioms.lean}

  [1m[97mThe axiom is measured at 512-bit precision across 31 pairs.[0m
  [1m[32m★ partial_sum_tends_to_formula: NUMERICALLY CERTIFIED ★[0m

