warning: profiles for the non root package will be ignored, specify profiles at the workspace root:
package:   /Users/jrgochan/code/github.com/jrgochan/prime/experiments/algebraic/quaternion-rh/Cargo.toml
workspace: /Users/jrgochan/code/github.com/jrgochan/prime/Cargo.toml
warning: profiles for the non root package will be ignored, specify profiles at the workspace root:
package:   /Users/jrgochan/code/github.com/jrgochan/prime/experiments/covariance-probe/Cargo.toml
workspace: /Users/jrgochan/code/github.com/jrgochan/prime/Cargo.toml
warning: profiles for the non root package will be ignored, specify profiles at the workspace root:
package:   /Users/jrgochan/code/github.com/jrgochan/prime/experiments/spectral-analyzer/Cargo.toml
workspace: /Users/jrgochan/code/github.com/jrgochan/prime/Cargo.toml
warning: profiles for the non root package will be ignored, specify profiles at the workspace root:
package:   /Users/jrgochan/code/github.com/jrgochan/prime/experiments/spectral/g2-spectral/Cargo.toml
workspace: /Users/jrgochan/code/github.com/jrgochan/prime/Cargo.toml
warning: profiles for the non root package will be ignored, specify profiles at the workspace root:
package:   /Users/jrgochan/code/github.com/jrgochan/prime/experiments/spectral/lambda-eff/Cargo.toml
workspace: /Users/jrgochan/code/github.com/jrgochan/prime/Cargo.toml
warning: profiles for the non root package will be ignored, specify profiles at the workspace root:
package:   /Users/jrgochan/code/github.com/jrgochan/prime/experiments/spectral/rank1-interference/Cargo.toml
workspace: /Users/jrgochan/code/github.com/jrgochan/prime/Cargo.toml
warning: profiles for the non root package will be ignored, specify profiles at the workspace root:
package:   /Users/jrgochan/code/github.com/jrgochan/prime/experiments/siegel-walfisz/Cargo.toml
workspace: /Users/jrgochan/code/github.com/jrgochan/prime/Cargo.toml
    Finished `release` profile [optimized] target(s) in 0.02s
     Running `/Users/jrgochan/code/github.com/jrgochan/prime/target/release/hilbert-spectral 10000`

  ╔═══════════════════════════════════════════════════════════════════════╗
  ║  HILBERT MATRIX SPECTRAL ANALYSIS ENGINE                             ║
  ║  π Constant Certification for Montgomery-Vaughan                     ║
  ║  Cathedral v12 — 512-bit MPFR, 12 threads               N_max = 10000║
  ╚═══════════════════════════════════════════════════════════════════════╝

  ═══════════════════════════════════════════════════════════════════════
  §A. OPERATOR NORM — ‖H_N‖ → π (power iteration, 512-bit MPFR)
  ───────────────────────────────────────────────────────────────────────
    H(m,n) = 1/(m-n) for m ≠ n, 0 on diagonal
    Theory: ‖H_N‖_op → π = 3.1415926535897932384626433832795028841971693993751 (Schur 1911)
    Method: power iteration on H^T H, 512-bit precision

         N │      ‖H_N‖ (512-bit) │    |‖H_N‖ - π| │    iters │   time
        10 │    2.484039162110367 │        6.58e-1 │       34 │   0.0s
        20 │    2.773086362018666 │        3.69e-1 │       76 │   0.0s
        50 │    2.975418569522130 │        1.66e-1 │      170 │   0.0s
       100 │    3.051948622065337 │        8.96e-2 │      328 │   0.2s
       200 │    3.093642612907093 │        4.80e-2 │      500 │   1.2s
       300 │    3.108439789577705 │        3.32e-2 │      500 │   2.4s
       500 │    3.120814895492070 │        2.08e-2 │      500 │   6.4s
       750 │    3.126859811808650 │        1.47e-2 │      500 │  13.7s
      1000 │    3.130494648247070 │        1.11e-2 │      500 │  24.9s
      1500 │    3.133216060630606 │        8.38e-3 │      500 │  53.6s
      2000 │    3.135199031237828 │        6.39e-3 │      500 │  96.8s
