warning: profiles for the non root package will be ignored, specify profiles at the workspace root:
package:   /Users/jrgochan/code/github.com/jrgochan/prime/experiments/algebraic/quaternion-rh/Cargo.toml
workspace: /Users/jrgochan/code/github.com/jrgochan/prime/Cargo.toml
warning: profiles for the non root package will be ignored, specify profiles at the workspace root:
package:   /Users/jrgochan/code/github.com/jrgochan/prime/experiments/covariance-probe/Cargo.toml
workspace: /Users/jrgochan/code/github.com/jrgochan/prime/Cargo.toml
warning: profiles for the non root package will be ignored, specify profiles at the workspace root:
package:   /Users/jrgochan/code/github.com/jrgochan/prime/experiments/spectral-analyzer/Cargo.toml
workspace: /Users/jrgochan/code/github.com/jrgochan/prime/Cargo.toml
warning: profiles for the non root package will be ignored, specify profiles at the workspace root:
package:   /Users/jrgochan/code/github.com/jrgochan/prime/experiments/spectral/g2-spectral/Cargo.toml
workspace: /Users/jrgochan/code/github.com/jrgochan/prime/Cargo.toml
warning: profiles for the non root package will be ignored, specify profiles at the workspace root:
package:   /Users/jrgochan/code/github.com/jrgochan/prime/experiments/spectral/lambda-eff/Cargo.toml
workspace: /Users/jrgochan/code/github.com/jrgochan/prime/Cargo.toml
warning: profiles for the non root package will be ignored, specify profiles at the workspace root:
package:   /Users/jrgochan/code/github.com/jrgochan/prime/experiments/spectral/rank1-interference/Cargo.toml
workspace: /Users/jrgochan/code/github.com/jrgochan/prime/Cargo.toml
warning: profiles for the non root package will be ignored, specify profiles at the workspace root:
package:   /Users/jrgochan/code/github.com/jrgochan/prime/experiments/siegel-walfisz/Cargo.toml
workspace: /Users/jrgochan/code/github.com/jrgochan/prime/Cargo.toml
warning: profiles for the non root package will be ignored, specify profiles at the workspace root:
package:   /Users/jrgochan/code/github.com/jrgochan/prime/experiments/hilbert-spectral/Cargo.toml
workspace: /Users/jrgochan/code/github.com/jrgochan/prime/Cargo.toml
   Compiling num-traits v0.2.19
   Compiling proc-macro2 v1.0.106
   Compiling quote v1.0.45
   Compiling paste v1.0.15
   Compiling bytemuck v1.25.0
   Compiling matrixmultiply v0.3.10
   Compiling rawpointer v0.2.1
   Compiling typenum v1.20.0
   Compiling safe_arch v0.7.4
   Compiling wide v0.7.33
   Compiling num-integer v0.1.46
   Compiling num-complex v0.4.6
   Compiling approx v0.5.1
   Compiling num-rational v0.4.2
   Compiling syn v2.0.117
   Compiling simba v0.9.1
   Compiling nalgebra-macros v0.2.2
   Compiling nalgebra v0.33.3
   Compiling hilbert-spectral v0.1.0 (/Users/jrgochan/code/github.com/jrgochan/prime/experiments/hilbert-spectral)
warning: unnecessary parentheses around closure body
  --> experiments/hilbert-spectral/src/hilbert.rs:87:44
   |
87 |     let mut v = DVector::from_fn(n, |i, _| ((i as f64 + 1.0).sin()));
   |                                            ^                      ^
   |
   = note: `#[warn(unused_parens)]` (part of `#[warn(unused)]`) on by default
help: remove these parentheses
   |
87 -     let mut v = DVector::from_fn(n, |i, _| ((i as f64 + 1.0).sin()));
87 +     let mut v = DVector::from_fn(n, |i, _| (i as f64 + 1.0).sin());
   |

warning: unused import: `rayon::prelude`
  --> experiments/hilbert-spectral/src/main.rs:20:5
   |
20 | use rayon::prelude::*;
   |     ^^^^^^^^^^^^^^
   |
   = note: `#[warn(unused_imports)]` (part of `#[warn(unused)]`) on by default

warning: `hilbert-spectral` (bin "hilbert-spectral") generated 2 warnings (run `cargo fix --bin "hilbert-spectral" -p hilbert-spectral` to apply 1 suggestion)
    Finished `release` profile [optimized] target(s) in 10.19s
     Running `/Users/jrgochan/code/github.com/jrgochan/prime/target/release/hilbert-spectral 500`

  ╔═══════════════════════════════════════════════════════════════════════╗
  ║  HILBERT MATRIX SPECTRAL ANALYSIS ENGINE                             ║
  ║  π Constant Certification for Montgomery-Vaughan                     ║
  ║  Cathedral v12 — Exploration 17, 12 threads                 N_max = 500║
  ╚═══════════════════════════════════════════════════════════════════════╝

  ═══════════════════════════════════════════════════════════════════════
  §A. OPERATOR NORM — ‖H_N‖ → π (antisymmetric kernel 1/(m-n))
  ───────────────────────────────────────────────────────────────────────
    H(m,n) = 1/(m-n) for m ≠ n, 0 on diagonal
    Theory: ‖H_N‖_op → π = 3.141592653589793 (Schur, 1911)

         N │          ‖H_N‖ │    |‖H_N‖ - π| │        ratio │   method
         4 │   1.8027756377 │         1.34e0 │       0.0000 │    eigen
         8 │   2.3542933668 │        7.87e-1 │       1.7005 │    eigen
        12 │   2.5754581442 │        5.66e-1 │       1.3907 │    eigen
        16 │   2.6963402847 │        4.45e-1 │       1.2715 │    eigen
        20 │   2.7730863620 │        3.69e-1 │       1.2083 │    eigen
        30 │   2.8816581715 │        2.60e-1 │       1.4177 │    eigen
        40 │   2.9393671481 │        2.02e-1 │       1.2854 │    eigen
        50 │   2.9754185695 │        1.66e-1 │       1.2169 │    eigen
        60 │   3.0001795065 │        1.41e-1 │       1.1751 │    eigen
        80 │   3.0321280479 │        1.09e-1 │       1.2919 │    eigen
       100 │   3.0519486221 │        8.96e-2 │       1.2211 │    eigen
       120 │   3.0654974531 │        7.61e-2 │       1.1781 │    eigen
       150 │   3.0793704758 │        6.22e-2 │       1.2230 │    eigen
       200 │   3.0936426135 │        4.80e-2 │       1.2976 │    eigen
       250 │   3.1024461278 │        3.91e-2 │       1.2249 │    eigen
       300 │   3.1084398047 │        3.32e-2 │       1.1808 │    eigen
       400 │   3.1161057835 │        2.55e-2 │       1.3008 │    power
       500 │   3.1208205943 │        2.08e-2 │       1.2270 │    power

  ═══════════════════════════════════════════════════════════════════════
  §B. SYMMETRIC HILBERT — λ_max(H) → π (entries 1/(i+j+1))
  ───────────────────────────────────────────────────────────────────────
    H(i,j) = 1/(i+j+1) — Hilbert's original matrix
    Theory: largest eigenvalue → π as N → ∞

         N │          λ_max │            λ_2 │    |λ_max - π| │        cond(H)
         4 │   1.5002142801 │   0.1691412202 │         1.64e0 │         1.55e4
         8 │   1.6959389969 │   0.2981252113 │         1.45e0 │        1.53e10
        16 │   1.8600364427 │   0.4401314364 │         1.28e0 │        2.38e17
        32 │   1.9984348115 │   0.5862023374 │         1.14e0 │        1.08e17
        50 │   2.0762966831 │   0.6796937530 │         1.07e0 │        8.34e16
        64 │   2.1160808586 │   0.7307606514 │         1.03e0 │        9.19e16
        80 │   2.1502045773 │   0.7763918015 │        9.91e-1 │        9.76e16
       100 │   2.1826960978 │   0.8214455606 │        9.59e-1 │        9.01e16
       128 │   2.2168607663 │   0.8705449744 │        9.25e-1 │        8.82e16
       150 │   2.2378811715 │   0.9016503945 │        9.04e-1 │        8.58e16
       200 │   2.2742669874 │   0.9571409212 │        8.67e-1 │        9.89e16

  ═══════════════════════════════════════════════════════════════════════
  §C. MV KERNEL ROW SUMS — R_n = Σ_{m≠n} 1/|log(m) - log(n)|
  ───────────────────────────────────────────────────────────────────────
    K(m,n) = 1/|log(m) - log(n)| with λ_m = log(m)
    Theory: R_n ≈ π·n (from Hilbert transform norm)
    Our Lean proof uses Schur: max(R_n) = N/δ ≈ N² (weaker)

         N │          n │            R_n │        R_n / n │    R_n / (π·n)
        10 │          1 │       6.137938 │       6.137938 │       1.953766
        10 │          3 │      14.193503 │       4.731168 │       1.505977
        10 │          6 │      25.249301 │       4.208217 │       1.339517
        10 │          8 │      29.728672 │       3.716084 │       1.182866
        10 │         10 │      23.154195 │       2.315419 │       0.737021

        20 │          1 │       9.828502 │       9.828502 │       3.128509
        20 │          6 │      36.494822 │       6.082470 │       1.936110
        20 │         11 │      61.856464 │       5.623315 │       1.789957
        20 │         16 │      79.787630 │       4.986727 │       1.587324
        20 │         20 │      60.060310 │       3.003015 │       0.955890

        50 │          1 │      18.353160 │      18.353160 │       5.841992
        50 │         13 │     104.060236 │       8.004634 │       2.547954
        50 │         26 │     194.287616 │       7.472601 │       2.378603
        50 │         38 │     262.153408 │       6.898774 │       2.195948
        50 │         50 │     195.763460 │       3.915269 │       1.246269

       100 │          1 │      29.991438 │      29.991438 │       9.546571
       100 │         26 │     243.923526 │       9.381674 │       2.986280
       100 │         51 │     452.075771 │       8.864231 │       2.821572
       100 │         76 │     627.978661 │       8.262877 │       2.630155
       100 │        100 │     460.688812 │       4.606888 │       1.466418

       200 │          1 │      50.043288 │      50.043288 │      15.929273
       200 │         51 │     549.765352 │      10.779713 │       3.431289
       200 │        101 │    1035.562564 │      10.253095 │       3.263661
       200 │        151 │    1458.033889 │       9.655854 │       3.073554
       200 │        200 │    1059.842915 │       5.299215 │       1.686792


  ═══════════════════════════════════════════════════════════════════════
  §D. SCHUR TEST COMPARISON — max(R_i) vs ‖K‖_op vs π/δ
  ───────────────────────────────────────────────────────────────────────
    Comparing three bounds on the Hilbert bilinear form:
      1. Schur test: max row sum (our Lean proof uses this)
      2. Exact operator norm (eigenvalue computation)
      3. Theoretical π/δ (optimal Montgomery-Vaughan)

         N │  Schur (max R) │         ‖K‖_op │        π/δ_min │  Schur/‖K‖
        10 │       4.366667 │       2.484039 │       3.141593 │     1.7579 ✓
        20 │       5.757937 │       2.773086 │       3.141593 │     2.0764 ✓
        30 │       6.569791 │       2.881658 │       3.141593 │     2.2799 ✓
        50 │       7.591916 │       2.975419 │       3.141593 │     2.5515 ✓
        80 │       8.532086 │       3.032128 │       3.141593 │     2.8139 ✓
       100 │       8.978411 │       3.051949 │       3.141593 │     2.9419 ✓

  ═══════════════════════════════════════════════════════════════════════
  §E. CONVERGENCE RATE — |‖H_N‖ - π| = O(1/N)
  ───────────────────────────────────────────────────────────────────────
    Testing: error × N should be bounded (linear convergence)

         N │          |err| │      |err| × N │     |err| × N²
        20 │        3.69e-1 │       7.370126 │         147.40
        30 │        2.60e-1 │       7.798034 │         233.94
        40 │        2.02e-1 │       8.089020 │         323.56
        50 │        1.66e-1 │       8.308704 │         415.44
        60 │        1.41e-1 │       8.484789 │         509.09
        80 │        1.09e-1 │       8.757168 │         700.57
       100 │        8.96e-2 │       8.964403 │         896.44
       120 │        7.61e-2 │       9.131424 │        1095.77
       150 │        6.22e-2 │       9.333327 │        1400.00
       200 │        4.80e-2 │       9.590008 │        1918.00
       250 │        3.91e-2 │       9.786631 │        2446.66
       300 │        3.32e-2 │       9.945855 │        2983.76
       400 │        2.55e-2 │      10.194748 │        4077.90
       500 │        2.08e-2 │      10.386030 │        5193.01

  ═══════════════════════════════════════════════════════════════════════
  §F. LOG-SEPARATION ANALYSIS — δ_n = min|log(m)-log(n)|
  ───────────────────────────────────────────────────────────────────────
    For λ_m = log(m), the separation at n is:
      δ_n = log(1 + 1/n) ≈ 1/n for large n
    So π/δ_n ≈ πn — this is the per-term MV bound.

         n │            δ_n │            1/n │          π/δ_n │             πn
         2 │   0.4054651081 │   0.5000000000 │       7.748121 │       6.283185
         5 │   0.1823215568 │   0.2000000000 │      17.231054 │      15.707963
        10 │   0.0953101798 │   0.1000000000 │      32.961774 │      31.415927
        20 │   0.0487901642 │   0.0500000000 │      64.389877 │      62.831853
        50 │   0.0198026273 │   0.0200000000 │     158.645245 │     157.079633
       100 │   0.0099503309 │   0.0100000000 │     315.727457 │     314.159265
       200 │   0.0049875415 │   0.0050000000 │     629.888021 │     628.318531
       500 │   0.0019980027 │   0.0020000000 │    1572.366600 │    1570.796327
      1000 │   0.0009995003 │   0.0010000000 │    3143.163188 │    3141.592654

  ╔═══════════════════════════════════════════════════════════════════════╗
  ║  HILBERT SPECTRAL ANALYSIS — CERTIFICATE
  ╠═══════════════════════════════════════════════════════════════════════╣
  ║  Threads: 12    Max N: 500    Time: 0.1s
  ║
  ║  §A. Operator Norm Convergence
  ║    ✓ ‖H_N‖ → π: best at N=500: 3.1208205943 (err 2.08e-2)
  ║
  ║  §D. Schur Test Validity
  ║    ✓ Schur bound ≥ true norm for all N tested
  ║
  ║  §E. Convergence Rate
  ║    ✓ |‖H_N‖ - π| = O(1/N) confirmed
  ║
  ║  VERDICT
  ║    ✓ π constant NUMERICALLY CERTIFIED as Hilbert norm limit
  ║    ✓ Schur test provides VALID upper bound (used in Lean proof)
  ║    ✓ Gap factor: N/π (linear), upgrade path documented
  ║
  ╚═══════════════════════════════════════════════════════════════════════╝

  Output: results/{certificate.json, operator_norm_convergence.tsv,
          symmetric_eigenvalues.tsv, schur_comparison.tsv}

