╔══════════════════════════════════════════════════════════╗
║  HYPERZETA MORPHOLOGY SCANNER                          ║
║  Headless Cayley-Dickson Tower Analysis                 ║
╚══════════════════════════════════════════════════════════╝

  particles:  25000
  terms:      32
  t range:    0 → 105 (dt=0.005)
  emit every: 10 steps
  PCA samples: 5000
  format:     jsonl

  t=0.000  shape=sphere   matter=100.0%  jets=0  collapse=1.0436
  t=2.500  shape=ring     matter=100.0%  jets=12  collapse=1.8966
  t=5.000  shape=ring     matter=0.0%  jets=12  collapse=0.6576
  t=7.500  shape=ring     matter=100.0%  jets=10  collapse=9.7144
  t=10.000  shape=line     matter=68.0%  jets=4  collapse=1.0343
  t=12.500  shape=ring     matter=0.0%  jets=11  collapse=0.2317
  t=15.000  shape=cross    matter=76.5%  jets=5  collapse=0.9446
  t=17.500  shape=ring     matter=0.0%  jets=12  collapse=0.0610
  t=20.000  shape=ring     matter=100.0%  jets=10  collapse=5.7011
  t=22.500  shape=line     matter=91.9%  jets=4  collapse=1.3519
  t=25.000  shape=ring     matter=100.0%  jets=8  collapse=10.5390
  t=27.500  shape=ring     matter=100.0%  jets=12  collapse=2.0215
  t=30.000  shape=ring     matter=100.0%  jets=12  collapse=4.1490
  t=32.500  shape=cross    matter=66.6%  jets=3  collapse=1.4416
  t=35.000  shape=ring     matter=93.7%  jets=12  collapse=2.8920
  t=37.500  shape=ring     matter=100.0%  jets=9  collapse=5.1023
  t=40.000  shape=bipolar  matter=69.8%  jets=11  collapse=2.2310
  t=42.500  shape=ring     matter=100.0%  jets=12  collapse=7.2072
  t=45.000  shape=sphere   matter=88.8%  jets=0  collapse=3.3545
  t=47.500  shape=line     matter=79.7%  jets=4  collapse=1.5555
  t=50.000  shape=ring     matter=100.0%  jets=12  collapse=1.1312
  t=52.500  shape=sphere   matter=78.7%  jets=0  collapse=3.6899
  t=55.000  shape=ring     matter=100.0%  jets=7  collapse=0.8779
  t=57.500  shape=cross    matter=71.3%  jets=6  collapse=2.7389
  t=60.000  shape=ring     matter=75.1%  jets=4  collapse=1.7551
  t=62.500  shape=disc     matter=86.8%  jets=8  collapse=1.9906
  t=65.000  shape=ring     matter=100.0%  jets=12  collapse=4.1680
  t=67.500  shape=ring     matter=100.0%  jets=12  collapse=0.0106
  t=70.000  shape=line     matter=82.4%  jets=9  collapse=1.8210
  t=72.500  shape=line     matter=81.2%  jets=4  collapse=2.1046
  t=75.000  shape=ring     matter=100.0%  jets=12  collapse=2.7778
  t=77.500  shape=ring     matter=49.7%  jets=12  collapse=0.4021
  t=80.000  shape=ring     matter=100.0%  jets=6  collapse=7.3212
  t=82.500  shape=cross    matter=97.5%  jets=5  collapse=3.0643
  t=85.000  shape=line     matter=89.4%  jets=4  collapse=2.0117
  t=87.500  shape=ring     matter=100.0%  jets=12  collapse=13.6673
  t=90.000  shape=ring     matter=100.0%  jets=12  collapse=2.7462
  t=92.500  shape=ring     matter=100.0%  jets=12  collapse=1.1830
  t=95.000  shape=sphere   matter=85.4%  jets=2  collapse=2.0227
  t=97.500  shape=ring     matter=94.2%  jets=8  collapse=3.6307
  t=100.000  shape=ring     matter=100.0%  jets=12  collapse=2.2809
  t=102.500  shape=ring     matter=100.0%  jets=12  collapse=6.1821

  Scan complete. 2100 records emitted.
