╔══════════════════════════════════════════════════════════╗
║  HYPERZETA MORPHOLOGY SCANNER                          ║
║  Headless Cayley-Dickson Tower Analysis                 ║
╚══════════════════════════════════════════════════════════╝

  particles:  25000
  terms:      16
  t range:    0 → 55 (dt=0.005)
  emit every: 10 steps
  PCA samples: 5000
  format:     jsonl

  t=0.000  shape=sphere   matter=100.0%  jets=0  collapse=0.3322
  t=2.500  shape=ring     matter=100.0%  jets=12  collapse=2.6905
  t=5.000  shape=ring     matter=100.0%  jets=12  collapse=0.7004
  t=7.500  shape=ring     matter=100.0%  jets=9  collapse=4.7566
  t=10.000  shape=line     matter=70.5%  jets=4  collapse=1.3308
  t=12.500  shape=ring     matter=0.0%  jets=12  collapse=0.5034
  t=15.000  shape=sphere   matter=74.7%  jets=4  collapse=1.7126
  t=17.500  shape=ring     matter=0.0%  jets=12  collapse=0.0506
  t=20.000  shape=ring     matter=100.0%  jets=10  collapse=5.3733
  t=22.500  shape=line     matter=82.5%  jets=4  collapse=1.3085
  t=25.000  shape=ring     matter=100.0%  jets=8  collapse=11.2778
  t=27.500  shape=ring     matter=100.0%  jets=12  collapse=1.3180
  t=30.000  shape=ring     matter=100.0%  jets=12  collapse=2.9531
  t=32.500  shape=cross    matter=94.0%  jets=5  collapse=1.3154
  t=35.000  shape=ring     matter=100.0%  jets=11  collapse=2.4573
  t=37.500  shape=ring     matter=100.0%  jets=12  collapse=2.7956
  t=40.000  shape=disc     matter=89.1%  jets=10  collapse=2.0032
  t=42.500  shape=ring     matter=100.0%  jets=12  collapse=5.6983
  t=45.000  shape=sphere   matter=85.3%  jets=3  collapse=3.2070
  t=47.500  shape=line     matter=96.0%  jets=4  collapse=1.4958
  t=50.000  shape=ring     matter=11.2%  jets=12  collapse=0.5034
  t=52.500  shape=sphere   matter=83.5%  jets=0  collapse=3.0165

  Scan complete. 1100 records emitted.
