    Finished `release` profile [optimized] target(s) in 0.04s
     Running `target/release/susy-sweep --cache-dir experiments/cache/hpdf --max-n 60000 --min-n-fit 60 --output results/susy_sweep/susy_sectors_full.tsv --cert results/susy_sweep/susy_certificate_full.json`
╔══════════════════════════════════════════════════════════════════════╗
║     SUSY SECTOR SWEEP v2 — DD-Precision HPDF Matrices             ║
║     vᵀGv = D(N) + B_off(N) + F_off(N)                             ║
║     Targeting: |B+F| bound · cancellation scaling · o(D) test      ║
╚══════════════════════════════════════════════════════════════════════╝

  Found 19 HPDF files (N ≤ 60000)
  Processing sequentially (HDF5 I/O)...

  N=     6 ...  [32m✓[0m HPDF gram read: 5×5 (0.0s)
 D= +0.19144138  |B+F|=1.734833e-1  |B+F|/D=9.061956e-1  gap·ln=  1.137902  (0.0s)
  N=    12 ...  [32m✓[0m HPDF gram read: 11×11 (0.0s)
 D= +0.34273544  |B+F|=3.179378e-1  |B+F|/D=9.276480e-1  gap·ln=  0.843195  (0.0s)
  N=    60 ...  [32m✓[0m HPDF gram read: 59×59 (0.0s)
 D= +0.71227233  |B+F|=4.193258e-1  |B+F|/D=5.887155e-1  gap·ln= -0.538808  (0.0s)
  N=   120 ...  [32m✓[0m HPDF gram read: 119×119 (0.0s)
 D= +0.87642945  |B+F|=3.781872e-1  |B+F|/D=4.315090e-1  gap·ln= -1.218975  (0.0s)
  N=   180 ...  [32m✓[0m HPDF gram read: 179×179 (0.0s)
 D= +0.97349006  |B+F|=3.363243e-1  |B+F|/D=3.454831e-1  gap·ln= -1.608853  (0.0s)
  N=   240 ...  [32m✓[0m HPDF gram read: 239×239 (0.0s)
 D= +1.04271166  |B+F|=3.046828e-1  |B+F|/D=2.922023e-1  gap·ln= -1.903943  (0.0s)
  N=   360 ...  [32m✓[0m HPDF gram read: 359×359 (0.0s)
 D= +1.14078415  |B+F|=2.544466e-1  |B+F|/D=2.230454e-1  gap·ln= -2.326369  (0.0s)
  N=   720 ...  [32m✓[0m HPDF gram read: 719×719 (0.0s)
 D= +1.30954842  |B+F|=1.544479e-1  |B+F|/D=1.179398e-1  gap·ln= -3.052748  (0.0s)
  N=   840 ...  [32m✓[0m HPDF gram read: 839×839 (0.0s)
 D= +1.34725222  |B+F|=1.299113e-1  |B+F|/D=9.642684e-2  gap·ln= -3.212934  (0.0s)
  N=  1000 ...  [32m✓[0m HPDF gram read: 999×999 (0.0s)
 D= +1.38996429  |B+F|=1.001735e-1  |B+F|/D=7.206908e-2  gap·ln= -3.385752  (0.0s)
  N=  1260 ...  [32m✓[0m HPDF gram read: 1259×1259 (0.0s)
 D= +1.44668198  |B+F|=6.368906e-2  |B+F|/D=4.402423e-2  gap·ln= -3.643471  (0.0s)
  N=  1680 ...  [32m✓[0m HPDF gram read: 1679×1679 (0.0s)
 D= +1.51743751  |B+F|=1.305720e-2  |B+F|/D=8.604768e-3  gap·ln= -3.939745  (0.0s)
  N=  2520 ...  [32m✓[0m HPDF gram read: 2519×2519 (0.1s)
 D= +1.61742991  |B+F|=5.932962e-2  |B+F|/D=3.668142e-2  gap·ln= -4.371049  (0.1s)
  N=  5040 ...  [32m✓[0m HPDF gram read: 5039×5039 (0.2s)
 D= +1.78899833  |B+F|=1.892495e-1  |B+F|/D=1.057852e-1  gap·ln= -5.112956  (0.3s)
  N=  7560 ...  [32m✓[0m HPDF gram read: 7559×7559 (0.6s)
 D= +1.88968154  |B+F|=2.682316e-1  |B+F|/D=1.419454e-1  gap·ln= -5.549937  (0.7s)
  N= 10000 ...  [32m✓[0m HPDF gram read: 9999×9999 (0.9s)
 D= +1.95926100  |B+F|=3.243600e-1  |B+F|/D=1.655522e-1  gap·ln= -5.847654  (1.1s)
  N= 20000 ...  [32m✓[0m HPDF gram read: 19999×19999 (4.5s)
 D= +2.13206567  |B+F|=4.660450e-1  |B+F|/D=2.185885e-1  gap·ln= -6.595927  (5.6s)
  N= 40000 ...  [32m✓[0m HPDF gram read: 39999×39999 (20.1s)
 D= +2.30534488  |B+F|=6.121310e-1  |B+F|/D=2.655269e-1  gap·ln= -7.345734  (25.7s)
  N= 55440 ...  [32m✓[0m HPDF gram read: 55439×55439 (46.0s)
 D= +2.38708967  |B+F|=6.823862e-1  |B+F|/D=2.858653e-1  gap·ln= -7.697516  (65.6s)

  ╔════════╦══════════════╦══════════════╦══════════════╦══════════════╦══════════════╦═══════════╗
  ║   N    ║    D(N)      ║   B_off(N)   ║   F_off(N)   ║   |B+F|      ║  |B+F|/D     ║   HC?   ║
  ╠════════╬══════════════╬══════════════╬══════════════╬══════════════╬══════════════╬═══════════╣
  ║      6 ║  +0.19144138 ║  +0.17348333 ║  +0.00000000 ║  1.734833e-1 ║  9.061956e-1 ║       ★ ║
  ║     12 ║  +0.34273544 ║  +0.55489863 ║  -0.23696079 ║  3.179378e-1 ║  9.276480e-1 ║       ★ ║
  ║     60 ║  +0.71227233 ║  +3.14924332 ║  -2.72991754 ║  4.193258e-1 ║  5.887155e-1 ║       ★ ║
  ║    120 ║  +0.87642945 ║  +5.92330085 ║  -5.54511367 ║  3.781872e-1 ║  4.315090e-1 ║       ★ ║
  ║    180 ║  +0.97349006 ║  +8.43185269 ║  -8.09552835 ║  3.363243e-1 ║  3.454831e-1 ║       ★ ║
  ║    240 ║  +1.04271166 ║ +10.78895581 ║ -10.48427303 ║  3.046828e-1 ║  2.922023e-1 ║       ★ ║
  ║    360 ║  +1.14078415 ║ +15.18425041 ║ -14.92980378 ║  2.544466e-1 ║  2.230454e-1 ║       ★ ║
  ║    720 ║  +1.30954842 ║ +26.89891907 ║ -26.74447116 ║  1.544479e-1 ║  1.179398e-1 ║       ★ ║
  ║    840 ║  +1.34725222 ║ +30.50788909 ║ -30.37797783 ║  1.299113e-1 ║  9.642684e-2 ║       ★ ║
  ║   1000 ║  +1.38996429 ║ +35.15156548 ║ -35.05139203 ║  1.001735e-1 ║  7.206908e-2 ║       ★ ║
  ║   1260 ║  +1.44668198 ║ +42.39227883 ║ -42.32858977 ║  6.368906e-2 ║  4.402423e-2 ║       ★ ║
  ║   1680 ║  +1.51743751 ║ +53.50722830 ║ -53.49417110 ║  1.305720e-2 ║  8.604768e-3 ║       ★ ║
  ║   2520 ║  +1.61742991 ║ +74.19218349 ║ -74.25151311 ║  5.932962e-2 ║  3.668142e-2 ║       ★ ║
  ║   5040 ║  +1.78899833 ║ +129.70149417 ║ -129.89074365 ║  1.892495e-1 ║  1.057852e-1 ║       ★ ║
  ║   7560 ║  +1.88968154 ║ +179.91373904 ║ -180.18197068 ║  2.682316e-1 ║  1.419454e-1 ║       ★ ║
  ║  10000 ║  +1.95926100 ║ +225.61915477 ║ -225.94351480 ║  3.243600e-1 ║  1.655522e-1 ║       ★ ║
  ║  20000 ║  +2.13206567 ║ +396.31167515 ║ -396.77772016 ║  4.660450e-1 ║  2.185885e-1 ║       ★ ║
  ║  40000 ║  +2.30534488 ║ +699.22205228 ║ -699.83418332 ║  6.121310e-1 ║  2.655269e-1 ║       ★ ║
  ║  55440 ║  +2.38708967 ║ +915.12856223 ║ -915.81094839 ║  6.823862e-1 ║  2.858653e-1 ║       ★ ║
  ╚════════╩══════════════╩══════════════╩══════════════╩══════════════╩══════════════╩═══════════╝

  ╔══════════════════════════════════════════════════════════════════════╗
  ║  SCALING ANALYSIS — Three Cathedral Gaps                           ║
  ╠══════════════════════════════════════════════════════════════════════╣
  ║                                                                    ║
  ║  GAP 1: Upper bound on |B+F|                                       ║
  ║    Power law: |B+F| ~ 0.1091 · N^(--0.0817)   R² = 0.027143        ║
  ║    Log decay: |B+F| ~ 0.1306 / (ln N)^-0.2166  R² = 0.003730        ║
  ║    VERDICT: ❌ NO   (α=-0.0817, R²=0.0271)                          ║
  ║                                                                    ║
  ║  GAP 2: Off-diagonal cancellation improves with N                  ║
  ║    |B+F|/D ~ 0.2651 · N^(-0.0871)   R² = 0.028343                 ║
  ║    VERDICT: ❌ NO   (ratio α=0.0871)                              ║
  ║                                                                    ║
  ║  GAP 3: B+F = o(D(N))                                             ║
  ║    |B+F| decay α = -0.0817   D(N) decay α = -0.1687               ║
  ║    Excess decay: 0.0871  (positive → |B+F| dies faster)         ║
  ║    VERDICT: ❌ NO                                                  ║
  ║                                                                    ║
  ║  AUXILIARY: |B+F|·ln(N) stabilization                              ║
  ║    Range: [0.096970, 7.453743]  span = 7.356773                   ║
  ║    VERDICT: ⚠  UNSTABLE                                              ║
  ╚══════════════════════════════════════════════════════════════════════╝

  Results: results/susy_sweep/susy_sectors_full.tsv
  Certificate: results/susy_sweep/susy_certificate_full.json
  Total: 100.0s (19 files)
